Component: ARM Compiler 5.06 update 6 (build 750) Tool: armlink [4d35ed]

==============================================================================

Section Cross References

    main.o(i.Azimuth_Calculating) refers to dmul.o(.text) for __aeabi_dmul
    main.o(i.Azimuth_Calculating) refers to daddsub.o(.text) for __aeabi_dsub
    main.o(i.Azimuth_Calculating) refers to dlef.o(x$fpl$dleqf) for __aeabi_cdcmple
    main.o(i.Azimuth_Calculating) refers to drlef.o(x$fpl$drleqf) for __aeabi_cdrcmple
    main.o(i.Azimuth_Calculating) refers to ddiv.o(.text) for __aeabi_ddiv
    main.o(i.Azimuth_Calculating) refers to sqrt.o(i.sqrt) for sqrt
    main.o(i.Azimuth_Calculating) refers to sin.o(i.sin) for sin
    main.o(i.Azimuth_Calculating) refers to pow.o(i.pow) for pow
    main.o(i.Azimuth_Calculating) refers to tan.o(i.tan) for tan
    main.o(i.Azimuth_Calculating) refers to log.o(i.log) for log
    main.o(i.Azimuth_Calculating) refers to atan2.o(i.atan2) for atan2
    main.o(i.Azimuth_Calculating) refers to main.o(.data) for pi
    main.o(i.CAN_Send) refers to stm32f0xx_can.o(i.CAN_Transmit) for CAN_Transmit
    main.o(i.CAN_Send) refers to cmsis_os.o(i.osDelay) for osDelay
    main.o(i.CEC_CAN_IRQHandler) refers to stm32f0xx_can.o(i.CAN_GetITStatus) for CAN_GetITStatus
    main.o(i.CEC_CAN_IRQHandler) refers to stm32f0xx_can.o(i.CAN_Receive) for CAN_Receive
    main.o(i.CEC_CAN_IRQHandler) refers to llshl.o(.text) for __aeabi_llsl
    main.o(i.CEC_CAN_IRQHandler) refers to dfltl.o(.text) for __aeabi_ul2d
    main.o(i.CEC_CAN_IRQHandler) refers to ddiv.o(.text) for __aeabi_ddiv
    main.o(i.CEC_CAN_IRQHandler) refers to daddsub.o(.text) for __aeabi_dsub
    main.o(i.CEC_CAN_IRQHandler) refers to main.o(i.crc8) for crc8
    main.o(i.CEC_CAN_IRQHandler) refers to queue.o(i.xQueueGenericSendFromISR) for xQueueGenericSendFromISR
    main.o(i.CEC_CAN_IRQHandler) refers to main.o(.bss) for RxMessage
    main.o(i.CEC_CAN_IRQHandler) refers to main.o(.data) for tick_counter
    main.o(i.Error_Handler) refers to stm32f0xx_gpio.o(i.GPIO_SetBits) for GPIO_SetBits
    main.o(i.Error_Handler) refers to cmsis_os.o(i.osDelay) for osDelay
    main.o(i.Error_Handler) refers to stm32f0xx_gpio.o(i.GPIO_ResetBits) for GPIO_ResetBits
    main.o(i.GET_CONFIRM_MSG) refers to main.o(i.crc8) for crc8
    main.o(i.GET_DATA_PARCEL) refers to main.o(i.clear_RXBuffer) for clear_RXBuffer
    main.o(i.GET_DATA_PARCEL) refers to main.o(i.crc8) for crc8
    main.o(i.GET_DATA_PARCEL) refers to main.o(.ARM.__AT_0x20000F03) for zzzbuffer
    main.o(i.IWDG_ON) refers to stm32f0xx_rcc.o(i.RCC_LSICmd) for RCC_LSICmd
    main.o(i.IWDG_ON) refers to stm32f0xx_rcc.o(i.RCC_GetFlagStatus) for RCC_GetFlagStatus
    main.o(i.IWDG_ON) refers to stm32f0xx_iwdg.o(i.IWDG_WriteAccessCmd) for IWDG_WriteAccessCmd
    main.o(i.IWDG_ON) refers to stm32f0xx_iwdg.o(i.IWDG_SetPrescaler) for IWDG_SetPrescaler
    main.o(i.IWDG_ON) refers to stm32f0xx_iwdg.o(i.IWDG_SetReload) for IWDG_SetReload
    main.o(i.IWDG_ON) refers to stm32f0xx_iwdg.o(i.IWDG_ReloadCounter) for IWDG_ReloadCounter
    main.o(i.IWDG_ON) refers to stm32f0xx_iwdg.o(i.IWDG_Enable) for IWDG_Enable
    main.o(i.Init_CAN) refers to stm32f0xx_gpio.o(i.GPIO_PinAFConfig) for GPIO_PinAFConfig
    main.o(i.Init_CAN) refers to stm32f0xx_gpio.o(i.GPIO_Init) for GPIO_Init
    main.o(i.Init_CAN) refers to stm32f0xx_can.o(i.CAN_DeInit) for CAN_DeInit
    main.o(i.Init_CAN) refers to stm32f0xx_can.o(i.CAN_StructInit) for CAN_StructInit
    main.o(i.Init_CAN) refers to stm32f0xx_can.o(i.CAN_Init) for CAN_Init
    main.o(i.Init_CAN) refers to stm32f0xx_can.o(i.CAN_FilterInit) for CAN_FilterInit
    main.o(i.Init_CAN) refers to stm32f0xx_can.o(i.CAN_ITConfig) for CAN_ITConfig
    main.o(i.Init_CAN) refers to stm32f0xx_misc.o(i.NVIC_Init) for NVIC_Init
    main.o(i.Init_CAN) refers to main.o(.data) for GPIO_InitStructure
    main.o(i.Init_GPS) refers to stm32f0xx_gpio.o(i.GPIO_Init) for GPIO_Init
    main.o(i.Init_GPS) refers to main.o(i.Init_USART_2) for Init_USART_2
    main.o(i.Init_GPS) refers to main.o(.data) for GPIO_InitStructure
    main.o(i.Init_RCC) refers to stm32f0xx_rcc.o(i.RCC_DeInit) for RCC_DeInit
    main.o(i.Init_RCC) refers to stm32f0xx_rcc.o(i.RCC_HSEConfig) for RCC_HSEConfig
    main.o(i.Init_RCC) refers to stm32f0xx_rcc.o(i.RCC_WaitForHSEStartUp) for RCC_WaitForHSEStartUp
    main.o(i.Init_RCC) refers to stm32f0xx_rcc.o(i.RCC_PREDIV1Config) for RCC_PREDIV1Config
    main.o(i.Init_RCC) refers to stm32f0xx_rcc.o(i.RCC_PLLConfig) for RCC_PLLConfig
    main.o(i.Init_RCC) refers to stm32f0xx_rcc.o(i.RCC_PLLCmd) for RCC_PLLCmd
    main.o(i.Init_RCC) refers to stm32f0xx_rcc.o(i.RCC_SYSCLKConfig) for RCC_SYSCLKConfig
    main.o(i.Init_RCC) refers to stm32f0xx_rcc.o(i.RCC_HCLKConfig) for RCC_HCLKConfig
    main.o(i.Init_RCC) refers to stm32f0xx_rcc.o(i.RCC_PCLKConfig) for RCC_PCLKConfig
[...]
    WWDG_IRQHandler                          0x08000223   Thumb Code     0  startup_stm32f072xb.o(.text)
    __user_initial_stackheap                 0x08000225   Thumb Code     0  startup_stm32f072xb.o(.text)
    __aeabi_llsl                             0x08000249   Thumb Code    32  llshl.o(.text)
    _ll_shift_l                              0x08000249   Thumb Code     0  llshl.o(.text)
    __aeabi_llsr                             0x08000269   Thumb Code    34  llushr.o(.text)
    _ll_ushift_r                             0x08000269   Thumb Code     0  llushr.o(.text)
    __aeabi_lmul                             0x0800028b   Thumb Code    48  llmul.o(.text)
    _ll_mul                                  0x0800028b   Thumb Code     0  llmul.o(.text)
    __2sprintf                               0x080002bd   Thumb Code    36  noretval__2sprintf.o(.text)
    __printf                                 0x080002e5   Thumb Code   108  __printf.o(.text)
    _printf_str                              0x08000351   Thumb Code    82  _printf_str.o(.text)
    _printf_int_dec                          0x080003a5   Thumb Code    90  _printf_dec.o(.text)
    strstr                                   0x08000411   Thumb Code    40  strstr.o(.text)
    strlen                                   0x08000439   Thumb Code    62  strlen.o(.text)
    __aeabi_memcpy                           0x0800047d   Thumb Code   130  rt_memcpy.o(.text)
    __rt_memcpy                              0x0800047d   Thumb Code     0  rt_memcpy.o(.text)
    __aeabi_memset                           0x080004ff   Thumb Code    18  aeabi_memset.o(.text)
    _memset_w                                0x08000511   Thumb Code    26  rt_memclr.o(.text)
    _memset                                  0x0800052b   Thumb Code    30  rt_memclr.o(.text)
    __aeabi_memclr                           0x08000549   Thumb Code     4  rt_memclr.o(.text)
    __rt_memclr                              0x08000549   Thumb Code     0  rt_memclr.o(.text)
    __aeabi_memclr4                          0x0800054d   Thumb Code     0  rt_memclr.o(.text)
    __aeabi_memclr8                          0x0800054d   Thumb Code     0  rt_memclr.o(.text)
    __rt_memclr_w                            0x0800054d   Thumb Code     4  rt_memclr.o(.text)
    __aeabi_uidiv                            0x08000551   Thumb Code     0  aeabi_sdiv.o(.text)
    __aeabi_uidivmod                         0x08000551   Thumb Code    20  aeabi_sdiv.o(.text)
    __aeabi_idiv                             0x08000565   Thumb Code     0  aeabi_sdiv.o(.text)
    __aeabi_idivmod                          0x08000565   Thumb Code   326  aeabi_sdiv.o(.text)
    __use_two_region_memory                  0x080006ab   Thumb Code     2  heapauxi.o(.text)
    __rt_heap_escrow$2region                 0x080006ad   Thumb Code     2  heapauxi.o(.text)
    __rt_heap_expand$2region                 0x080006af   Thumb Code     2  heapauxi.o(.text)
    __aeabi_d2f                              0x080006b1   Thumb Code     0  d2f.o(.text)
    _d2f                                     0x080006b1   Thumb Code   120  d2f.o(.text)
    __aeabi_dadd                             0x08000a25   Thumb Code     0  daddsub.o(.text)
    _dadd                                    0x08000a25   Thumb Code    26  daddsub.o(.text)
    __aeabi_dsub                             0x08000a3f   Thumb Code     0  daddsub.o(.text)
    _dsub                                    0x08000a3f   Thumb Code    22  daddsub.o(.text)
    __aeabi_drsub                            0x08000a55   Thumb Code     0  daddsub.o(.text)
    _drsb                                    0x08000a55   Thumb Code    28  daddsub.o(.text)
    __aeabi_ddiv                             0x08000a85   Thumb Code     0  ddiv.o(.text)
    _ddiv                                    0x08000a85   Thumb Code  1072  ddiv.o(.text)
    _drdiv                                   0x08000eb5   Thumb Code    20  ddiv.o(.text)
    __aeabi_d2ulz                            0x08000ecd   Thumb Code     0  dfixul.o(.text)
    _ll_ufrom_d                              0x08000ecd   Thumb Code   104  dfixul.o(.text)
    __aeabi_i2d_normalise                    0x08000f39   Thumb Code    66  dflti.o(.text)
    __aeabi_i2d                              0x08000f7b   Thumb Code    16  dflti.o(.text)
    _dflt                                    0x08000f7b   Thumb Code     0  dflti.o(.text)
    __aeabi_ui2d                             0x08000f8b   Thumb Code     6  dflti.o(.text)
    _dfltu                                   0x08000f8b   Thumb Code     0  dflti.o(.text)
    __aeabi_l2d_normalise                    0x08000f91   Thumb Code   104  dfltl.o(.text)
    __aeabi_l2d                              0x08000ff9   Thumb Code    20  dfltl.o(.text)
    _ll_sto_d                                0x08000ff9   Thumb Code     0  dfltl.o(.text)
    __aeabi_ul2d                             0x0800100d   Thumb Code     4  dfltl.o(.text)
    _ll_uto_d                                0x0800100d   Thumb Code     0  dfltl.o(.text)
    __aeabi_dmul                             0x08001015   Thumb Code     0  dmul.o(.text)
    _dmul                                    0x08001015   Thumb Code   558  dmul.o(.text)
    __aeabi_f2d                              0x0800125d   Thumb Code     0  f2d.o(.text)
    _f2d                                     0x0800125d   Thumb Code    80  f2d.o(.text)
    __aeabi_f2uiz                            0x080012b1   Thumb Code     0  ffixui.o(.text)
    _ffixu                                   0x080012b1   Thumb Code    48  ffixui.o(.text)
    __read_errno                             0x080012e1   Thumb Code    10  _rserrno.o(.text)
    __set_errno                              0x080012eb   Thumb Code    12  _rserrno.o(.text)
    _printf_int_common                       0x080012f7   Thumb Code   176  _printf_intcommon.o(.text)
    _printf_char_common                      0x080013b3   Thumb Code    32  _printf_char_common.o(.text)
    _sputc                                   0x080013d9   Thumb Code    10  _sputc.o(.text)
    _printf_cs_common                        0x080013e3   Thumb Code    22  _printf_char.o(.text)
    _printf_char                             0x080013f9   Thumb Code    16  _printf_char.o(.text)
    _printf_string                           0x08001409   Thumb Code     8  _printf_char.o(.text)
    __rt_udiv10                              0x08001411   Thumb Code    40  rtudiv10.o(.text)
    __fpl_dcmp_InfNaN                        0x08001439   Thumb Code   140  dcmpin.o(.text)
    __ARM_scalbn                             0x080014c9   Thumb Code    84  dscalbn.o(.text)
    _dsqrt                                   0x08001529   Thumb Code   248  dsqrt.o(.text)
    __fpl_fcmp_InfNaN                        0x08001629   Thumb Code    96  fcmpin.o(.text)
    _frnd                                    0x0800168d   Thumb Code   122  frnd.o(.text)
    __aeabi_errno_addr                       0x0800170d   Thumb Code     8  rt_errno_addr_intlibspace.o(.text)
    __errno$intlibspace                      0x0800170d   Thumb Code     0  rt_errno_addr_intlibspace.o(.text)
    __rt_errno_addr$intlibspace              0x0800170d   Thumb Code     0  rt_errno_addr_intlibspace.o(.text)
    __fpl_cmpreturn                          0x08001715   Thumb Code    46  cmpret.o(.text)
    __aeabi_d2iz                             0x08001745   Thumb Code     0  dfixi.o(.text)
    _dfix                                    0x08001745   Thumb Code    98  dfixi.o(.text)
    __fpl_dcheck_NaN2                        0x080017b1   Thumb Code    14  dnan2.o(.text)
    __fpl_fcheck_NaN2                        0x080017c5   Thumb Code    10  fnan2.o(.text)
    __user_libspace                          0x080017d5   Thumb Code     8  libspace.o(.text)
    __user_perproc_libspace                  0x080017d5   Thumb Code     0  libspace.o(.text)
    __user_perthread_libspace                0x080017d5   Thumb Code     0  libspace.o(.text)
    __user_setup_stackheap                   0x080017dd   Thumb Code    62  sys_stackheap_outer.o(.text)
    exit                                     0x0800181b   Thumb Code    16  exit.o(.text)
    __fpl_return_NaN                         0x0800182b   Thumb Code    94  retnan.o(.text)
    _sys_exit                                0x08001889   Thumb Code     8  sys_exit.o(.text)
    __I$use$semihosting                      0x08001895   Thumb Code     0  use_no_semi.o(.text)
    __use_no_semihosting_swi                 0x08001895   Thumb Code     2  use_no_semi.o(.text)
    __decompress                             0x08001897   Thumb Code     0  __dczerorl2.o(.text)
    __decompress1                            0x08001897   Thumb Code    86  __dczerorl2.o(.text)
    __semihosting_library_function           0x08001897   Thumb Code     0  indicate_semi.o(.text)
    Azimuth_Calculating                      0x080018ed   Thumb Code   764  main.o(i.Azimuth_Calculating)
    Bring_Up_GPRS                            0x08001c19   Thumb Code   118  sim800.o(i.Bring_Up_GPRS)
    CAN_DeInit                               0x08001cb9   Thumb Code    24  stm32f0xx_can.o(i.CAN_DeInit)
    CAN_FilterInit                           0x08001cd1   Thumb Code   244  stm32f0xx_can.o(i.CAN_FilterInit)
    CAN_GetITStatus                          0x08001dcd   Thumb Code   306  stm32f0xx_can.o(i.CAN_GetITStatus)
    CAN_ITConfig                             0x08001f05   Thumb Code    20  stm32f0xx_can.o(i.CAN_ITConfig)
    CAN_Init                                 0x08001f19   Thumb Code   280  stm32f0xx_can.o(i.CAN_Init)
    CAN_Receive                              0x08002035   Thumb Code   262  stm32f0xx_can.o(i.CAN_Receive)
    CAN_Send                                 0x0800213d   Thumb Code    98  main.o(i.CAN_Send)
    CAN_StructInit                           0x080021a9   Thumb Code    32  stm32f0xx_can.o(i.CAN_StructInit)
    CAN_Transmit                             0x080021c9   Thumb Code   308  stm32f0xx_can.o(i.CAN_Transmit)
    CEC_CAN_IRQHandler                       0x080022fd   Thumb Code  1522  main.o(i.CEC_CAN_IRQHandler)
    CIPSEND                                  0x080028f5   Thumb Code   206  sim800.o(i.CIPSEND)
    CONNECT_TO_NTRIP                         0x080029fd   Thumb Code   460  sim800.o(i.CONNECT_TO_NTRIP)
    CONNECT_TO_SERVER                        0x08002c69   Thumb Code   244  sim800.o(i.CONNECT_TO_SERVER)
    Error_Handler                            0x08002dcd   Thumb Code    32  main.o(i.Error_Handler)
    GET_CONFIRM_MSG                          0x08002df1   Thumb Code    38  main.o(i.GET_CONFIRM_MSG)
    GET_DATA_PARCEL                          0x08002e19   Thumb Code   266  main.o(i.GET_DATA_PARCEL)
    GPIO_Init                                0x08002f29   Thumb Code   144  stm32f0xx_gpio.o(i.GPIO_Init)
    GPIO_PinAFConfig                         0x08002fb9   Thumb Code    68  stm32f0xx_gpio.o(i.GPIO_PinAFConfig)
    GPIO_ResetBits                           0x08002ffd   Thumb Code     4  stm32f0xx_gpio.o(i.GPIO_ResetBits)
    GPIO_SetBits                             0x08003001   Thumb Code     4  stm32f0xx_gpio.o(i.GPIO_SetBits)
    GPRS_Connection_ON                       0x08003005   Thumb Code   182  sim800.o(i.GPRS_Connection_ON)
    GSM_Off                                  0x0800314d   Thumb Code    32  sim800.o(i.GSM_Off)
    GSM_On                                   0x08003171   Thumb Code    32  sim800.o(i.GSM_On)
    GSM_Restart                              0x08003195   Thumb Code    28  sim800.o(i.GSM_Restart)
    GSM_conf                                 0x080031b1   Thumb Code   146  sim800.o(i.GSM_conf)
    Get_Ip_adress                            0x08003315   Thumb Code    54  sim800.o(i.Get_Ip_adress)
    Get_MNC_code                             0x08003369   Thumb Code    90  sim800.o(i.Get_MNC_code)
    IWDG_ReloadCounter                       0x080033f1   Thumb Code     8  stm32f0xx_iwdg.o(i.IWDG_ReloadCounter)
    Init_CAN                                 0x08003401   Thumb Code   180  main.o(i.Init_CAN)
    Init_GPS                                 0x080034c1   Thumb Code    32  main.o(i.Init_GPS)
    Init_GSM                                 0x080034e9   Thumb Code    34  sim800.o(i.Init_GSM)
    Init_RCC                                 0x08003515   Thumb Code   104  main.o(i.Init_RCC)
    Init_USART_1                             0x08003585   Thumb Code   156  sim800.o(i.Init_USART_1)
    Init_USART_1_high_speed                  0x08003635   Thumb Code    70  sim800.o(i.Init_USART_1_high_speed)
    Init_USART_2                             0x08003689   Thumb Code   154  main.o(i.Init_USART_2)
    NVIC_Init                                0x08003739   Thumb Code   106  stm32f0xx_misc.o(i.NVIC_Init)
    Parce_To_CAN_Command                     0x080037a9   Thumb Code    64  main.o(i.Parce_To_CAN_Command)
    Parse_Nmea_Messages                      0x080037ed   Thumb Code   734  main.o(i.Parse_Nmea_Messages)
    Parse_To_Error                           0x08003b09   Thumb Code     2  main.o(i.Parse_To_Error)
    Parse_To_GPS_Points                      0x08003b0d   Thumb Code   460  main.o(i.Parse_To_GPS_Points)
    Parse_To_Mode                            0x08003ced   Thumb Code    42  main.o(i.Parse_To_Mode)
    Parse_To_RC_Command                      0x08003d29   Thumb Code   572  main.o(i.Parse_To_RC_Command)
    Parse_To_Total_Num_Coords                0x08003f99   Thumb Code    40  main.o(i.Parse_To_Total_Num_Coords)
    Query_Signal_Quality                     0x08003fc9   Thumb Code    34  sim800.o(i.Query_Signal_Quality)
    RCC_AHBPeriphClockCmd                    0x08004005   Thumb Code    28  stm32f0xx_rcc.o(i.RCC_AHBPeriphClockCmd)
    RCC_APB1PeriphClockCmd                   0x08004025   Thumb Code    28  stm32f0xx_rcc.o(i.RCC_APB1PeriphClockCmd)
    RCC_APB1PeriphResetCmd                   0x08004045   Thumb Code    28  stm32f0xx_rcc.o(i.RCC_APB1PeriphResetCmd)
    RCC_APB2PeriphClockCmd                   0x08004065   Thumb Code    28  stm32f0xx_rcc.o(i.RCC_APB2PeriphClockCmd)
    RCC_DeInit                               0x08004085   Thumb Code   102  stm32f0xx_rcc.o(i.RCC_DeInit)
    RCC_GetClocksFreq                        0x080040fd   Thumb Code   554  stm32f0xx_rcc.o(i.RCC_GetClocksFreq)
    RCC_GetFlagStatus                        0x08004345   Thumb Code    68  stm32f0xx_rcc.o(i.RCC_GetFlagStatus)
    RCC_HCLKConfig                           0x0800438d   Thumb Code    28  stm32f0xx_rcc.o(i.RCC_HCLKConfig)
    RCC_HSEConfig                            0x080043ad   Thumb Code    12  stm32f0xx_rcc.o(i.RCC_HSEConfig)
    RCC_PCLKConfig                           0x080043bd   Thumb Code    30  stm32f0xx_rcc.o(i.RCC_PCLKConfig)
    RCC_PLLCmd                               0x080043e1   Thumb Code    36  stm32f0xx_rcc.o(i.RCC_PLLCmd)
    RCC_PLLConfig                            0x08004409   Thumb Code    30  stm32f0xx_rcc.o(i.RCC_PLLConfig)
    RCC_PREDIV1Config                        0x0800442d   Thumb Code    24  stm32f0xx_rcc.o(i.RCC_PREDIV1Config)
    RCC_SYSCLKConfig                         0x08004449   Thumb Code    24  stm32f0xx_rcc.o(i.RCC_SYSCLKConfig)
    RCC_WaitForHSEStartUp                    0x08004465   Thumb Code    60  stm32f0xx_rcc.o(i.RCC_WaitForHSEStartUp)
    SENDING_COORDS                           0x080044a1   Thumb Code   302  main.o(i.SENDING_COORDS)
    STOP_MOVING                              0x080045fd   Thumb Code   144  main.o(i.STOP_MOVING)
    SVC_Handler                              0x080046a1   Thumb Code     2  port.o(i.SVC_Handler)
    StartDefaultTask                         0x080046a5   Thumb Code   190  main.o(i.StartDefaultTask)
    StartGpsTask                             0x0800480d   Thumb Code   120  main.o(i.StartGpsTask)
    StartGsmTask                             0x080048ad   Thumb Code   152  main.o(i.StartGsmTask)
    StartLedTask                             0x08004969   Thumb Code   168  main.o(i.StartLedTask)
    StartUsartTask                           0x08004a21   Thumb Code  3278  sim800.o(i.StartUsartTask)
    StartmyControlTask                       0x080056f9   Thumb Code   304  main.o(i.StartmyControlTask)
    StartmyMobileApplicationTask             0x08005861   Thumb Code   108  main.o(i.StartmyMobileApplicationTask)
    StartmySendingServerDataTask             0x08005901   Thumb Code   622  main.o(i.StartmySendingServerDataTask)
    StartmySysTickTask                       0x08005bb1   Thumb Code   366  main.o(i.StartmySysTickTask)
    SysTick_Handler                          0x08005d81   Thumb Code    32  port.o(i.SysTick_Handler)
    SystemCoreClockUpdate                    0x08005da5   Thumb Code   188  system_stm32f0xx.o(i.SystemCoreClockUpdate)
    SystemInit                               0x08005e75   Thumb Code   102  system_stm32f0xx.o(i.SystemInit)
    TIM3_IRQHandler                          0x08005eed   Thumb Code    34  main.o(i.TIM3_IRQHandler)
    TIM_ClearITPendingBit                    0x08005f19   Thumb Code     6  stm32f0xx_tim.o(i.TIM_ClearITPendingBit)
    TIM_GetITStatus                          0x08005f1f   Thumb Code    38  stm32f0xx_tim.o(i.TIM_GetITStatus)
    USART1_IRQHandler                        0x08005f45   Thumb Code    56  sim800.o(i.USART1_IRQHandler)
    USART2_IRQHandler                        0x08005f91   Thumb Code    60  main.o(i.USART2_IRQHandler)
    USART_Cmd                                0x08005fe1   Thumb Code    24  stm32f0xx_usart.o(i.USART_Cmd)
    USART_GetFlagStatus                      0x08005ff9   Thumb Code    20  stm32f0xx_usart.o(i.USART_GetFlagStatus)
    USART_ITConfig                           0x0800600d   Thumb Code    66  stm32f0xx_usart.o(i.USART_ITConfig)
    USART_Init                               0x08006051   Thumb Code   226  stm32f0xx_usart.o(i.USART_Init)
    USART_OverrunDetectionConfig             0x08006149   Thumb Code    18  stm32f0xx_usart.o(i.USART_OverrunDetectionConfig)
    USART_ReceiveData                        0x0800615b   Thumb Code    10  stm32f0xx_usart.o(i.USART_ReceiveData)
    USART_SendData                           0x08006165   Thumb Code     8  stm32f0xx_usart.o(i.USART_SendData)
    Write_GSM_Command                        0x0800616d   Thumb Code   138  sim800.o(i.Write_GSM_Command)
    __ARM_common_ll_muluu                    0x08006219   Thumb Code    50  rred.o(i.__ARM_common_ll_muluu)
    __ARM_common_switch8                     0x0800624b   Thumb Code    28  main.o(i.__ARM_common_switch8)
    __ARM_fpclassify                         0x08006269   Thumb Code    40  fpclassify.o(i.__ARM_fpclassify)
    __ieee754_rem_pio2                       0x08006295   Thumb Code   838  rred.o(i.__ieee754_rem_pio2)
    __kernel_cos                             0x08006631   Thumb Code   224  cos_i.o(i.__kernel_cos)
    __kernel_poly                            0x08006725   Thumb Code   172  poly.o(i.__kernel_poly)
    __kernel_sin                             0x080067d1   Thumb Code   222  sin_i.o(i.__kernel_sin)
    __kernel_tan                             0x080068bd   Thumb Code   576  tan_i.o(i.__kernel_tan)
    __mathlib_dbl_divzero                    0x08006b2d   Thumb Code    16  dunder.o(i.__mathlib_dbl_divzero)
    __mathlib_dbl_infnan                     0x08006b41   Thumb Code    10  dunder.o(i.__mathlib_dbl_infnan)
    __mathlib_dbl_infnan2                    0x08006b4b   Thumb Code     8  dunder.o(i.__mathlib_dbl_infnan2)
    __mathlib_dbl_invalid                    0x08006b53   Thumb Code    16  dunder.o(i.__mathlib_dbl_invalid)
    __mathlib_dbl_overflow                   0x08006b65   Thumb Code    16  dunder.o(i.__mathlib_dbl_overflow)
    __mathlib_dbl_underflow                  0x08006b79   Thumb Code    14  dunder.o(i.__mathlib_dbl_underflow)
    atan                                     0x08006b8d   Thumb Code   472  atan.o(i.atan)
    atan2                                    0x08006da9   Thumb Code   334  atan2.o(i.atan2)
    base64_encode                            0x08006f21   Thumb Code   158  base64.o(i.base64_encode)
    blink                                    0x08006fc5   Thumb Code    56  main.o(i.blink)
    char_to_int                              0x08006ffd   Thumb Code   194  main.o(i.char_to_int)
    clear_RXBuffer                           0x080070d5   Thumb Code    22  main.o(i.clear_RXBuffer)
    crc8                                     0x080070eb   Thumb Code    64  main.o(i.crc8)
    getting_data                             0x0800712d   Thumb Code   416  main.o(i.getting_data)
    gsm_at_parse                             0x08007319   Thumb Code   162  main.o(i.gsm_at_parse)
    log                                      0x080073bd   Thumb Code   790  log.o(i.log)
    main                                     0x08007711   Thumb Code   272  main.o(i.main)
    osDelay                                  0x0800785f   Thumb Code    26  cmsis_os.o(i.osDelay)
    osKernelStart                            0x08007879   Thumb Code    10  cmsis_os.o(i.osKernelStart)
    osMessageCreate                          0x08007883   Thumb Code    18  cmsis_os.o(i.osMessageCreate)
    osThreadCreate                           0x08007895   Thumb Code    48  cmsis_os.o(i.osThreadCreate)
    pow                                      0x080078c5   Thumb Code  2548  pow.o(i.pow)
    pvPortMalloc                             0x0800887d   Thumb Code   264  heap_4.o(i.pvPortMalloc)
    pvTaskIncrementMutexHeldCount            0x08008999   Thumb Code    28  tasks.o(i.pvTaskIncrementMutexHeldCount)
    pxPortInitialiseStack                    0x080089b9   Thumb Code    26  port.o(i.pxPortInitialiseStack)
    roundf                                   0x080089d9   Thumb Code   116  roundf.o(i.roundf)
    run_RC_drive                             0x08008a4d   Thumb Code   104  main.o(i.run_RC_drive)
    run_gps_drive                            0x08008ad9   Thumb Code  1230  main.o(i.run_gps_drive)
    send_Uart                                0x08008fc5   Thumb Code    30  sim800.o(i.send_Uart)
    send_Uart_AT                             0x08008fe3   Thumb Code    34  sim800.o(i.send_Uart_AT)
    send_Uart_SERV                           0x08009005   Thumb Code    38  sim800.o(i.send_Uart_SERV)
    sin                                      0x0800902d   Thumb Code   146  sin.o(i.sin)
    sqrt                                     0x080090c9   Thumb Code    66  sqrt.o(i.sqrt)
    tan                                      0x08009111   Thumb Code    86  tan.o(i.tan)
    uxListRemove                             0x08009171   Thumb Code    40  list.o(i.uxListRemove)
    uxQueueMessagesWaiting                   0x08009199   Thumb Code    28  queue.o(i.uxQueueMessagesWaiting)
    vListInitialise                          0x080091b5   Thumb Code    26  list.o(i.vListInitialise)
    vListInitialiseItem                      0x080091cf   Thumb Code     6  list.o(i.vListInitialiseItem)
    vListInsert                              0x080091d5   Thumb Code    54  list.o(i.vListInsert)
    vListInsertEnd                           0x0800920b   Thumb Code    24  list.o(i.vListInsertEnd)
    vPortEnterCritical                       0x08009225   Thumb Code    22  port.o(i.vPortEnterCritical)
    vPortExitCritical                        0x08009241   Thumb Code    36  port.o(i.vPortExitCritical)
    vPortFree                                0x08009269   Thumb Code   120  heap_4.o(i.vPortFree)
    vPortSetupTimerInterrupt                 0x080092e9   Thumb Code    26  port.o(i.vPortSetupTimerInterrupt)
    vPortYield                               0x0800930d   Thumb Code    18  port.o(i.vPortYield)
    vTaskDelay                               0x08009325   Thumb Code    62  tasks.o(i.vTaskDelay)
    vTaskMissedYield                         0x08009369   Thumb Code     8  tasks.o(i.vTaskMissedYield)
    vTaskPlaceOnEventList                    0x08009375   Thumb Code    38  tasks.o(i.vTaskPlaceOnEventList)
    vTaskPriorityInherit                     0x080093a1   Thumb Code   128  tasks.o(i.vTaskPriorityInherit)
    vTaskSetTimeOutState                     0x0800942d   Thumb Code    24  tasks.o(i.vTaskSetTimeOutState)
    vTaskStartScheduler                      0x0800944d   Thumb Code    84  tasks.o(i.vTaskStartScheduler)
    vTaskSuspendAll                          0x080094c1   Thumb Code    12  tasks.o(i.vTaskSuspendAll)
    vTaskSwitchContext                       0x080094d1   Thumb Code   160  tasks.o(i.vTaskSwitchContext)
    xPortGetFreeHeapSize                     0x08009591   Thumb Code     6  heap_4.o(i.xPortGetFreeHeapSize)
    xPortStartScheduler                      0x0800959d   Thumb Code    48  port.o(i.xPortStartScheduler)
    xQueueGenericCreate                      0x080095d5   Thumb Code    80  queue.o(i.xQueueGenericCreate)
    xQueueGenericReceive                     0x08009625   Thumb Code   396  queue.o(i.xQueueGenericReceive)
    xQueueGenericReset                       0x080097b1   Thumb Code   130  queue.o(i.xQueueGenericReset)
    xQueueGenericSend                        0x08009833   Thumb Code   346  queue.o(i.xQueueGenericSend)
    xQueueGenericSendFromISR                 0x0800998d   Thumb Code   188  queue.o(i.xQueueGenericSendFromISR)
    xTaskCheckForTimeOut                     0x08009a49   Thumb Code   106  tasks.o(i.xTaskCheckForTimeOut)
    xTaskCreate                              0x08009abd   Thumb Code    92  tasks.o(i.xTaskCreate)
    xTaskGetSchedulerState                   0x08009b19   Thumb Code    28  tasks.o(i.xTaskGetSchedulerState)
    xTaskIncrementTick                       0x08009b3d   Thumb Code   270  tasks.o(i.xTaskIncrementTick)
    xTaskPriorityDisinherit                  0x08009c79   Thumb Code   124  tasks.o(i.xTaskPriorityDisinherit)
    xTaskRemoveFromEventList                 0x08009d01   Thumb Code   112  tasks.o(i.xTaskRemoveFromEventList)
    xTaskResumeAll                           0x08009d89   Thumb Code   206  tasks.o(i.xTaskResumeAll)
    __aeabi_cdcmpeq                          0x08009e79   Thumb Code     0  deqf.o(x$fpl$deqf)
    _dcmpeq                                  0x08009e79   Thumb Code    94  deqf.o(x$fpl$deqf)
    __aeabi_cdcmple                          0x08009edd   Thumb Code     0  dlef.o(x$fpl$dleqf)
    _dcmple                                  0x08009edd   Thumb Code    94  dlef.o(x$fpl$dleqf)
    __aeabi_cdrcmple                         0x08009f41   Thumb Code     0  drlef.o(x$fpl$drleqf)
    _drcmple                                 0x08009f41   Thumb Code   100  drlef.o(x$fpl$drleqf)
    __aeabi_fadd                             0x08009fa9   Thumb Code     0  faddsub.o(x$fpl$fadd)
    _fadd                                    0x08009fa9   Thumb Code   134  faddsub.o(x$fpl$fadd)
    __aeabi_cfcmple                          0x0800a035   Thumb Code     0  flef.o(x$fpl$fleqf)
    _fcmple                                  0x0800a035   Thumb Code    78  flef.o(x$fpl$fleqf)
    __aeabi_cfrcmple                         0x0800a089   Thumb Code     0  frlef.o(x$fpl$frleqf)
    _frcmple                                 0x0800a089   Thumb Code    84  frlef.o(x$fpl$frleqf)
    __aeabi_fsub                             0x0800a0e1   Thumb Code     0  faddsub.o(x$fpl$fsub)
    _fsub                                    0x0800a0e1   Thumb Code   204  faddsub.o(x$fpl$fsub)
    __I$use$fp                               0x0800a1b0   Number         0  usenofp.o(x$fpl$usenofp)
    char_map                                 0x0800a1b0   Data          10  main.o(.constdata)
    AHBPrescTable                            0x0800a2c0   Data          16  system_stm32f0xx.o(.constdata)
    APBPrescTable                            0x0800a2d0   Data           8  system_stm32f0xx.o(.constdata)
    __mathlib_zero                           0x0800a4e0   Data           8  qnan.o(.constdata)
    Region$$Table$$Base                      0x0800a748   Number         0  anon$$obj.o(Region$$Table)
    Region$$Table$$Limit                     0x0800a768   Number         0  anon$$obj.o(Region$$Table)
    MODE_CONTROL                             0x20000000   Data           1  main.o(.data)
    total_NUM_Points_SaveZone                0x20000001   Data           1  main.o(.data)
    total_NUM_Points_Route                   0x20000002   Data           1  main.o(.data)
    incData_from_SERVER1                     0x20000003   Data           1  main.o(.data)
    incData_from_SERVER2                     0x20000004   Data           1  main.o(.data)
    s1_buf_cnt                               0x20000006   Data           2  main.o(.data)
    GPS_al                                   0x20000008   Data           8  main.o(.data)
    GPS_lat                                  0x20000010   Data           8  main.o(.data)
    GPS_lon                                  0x20000018   Data           8  main.o(.data)
    n_lat_float                              0x20000020   Data           1  main.o(.data)
    n_lon_float                              0x20000021   Data           1  main.o(.data)
    n_alt_float                              0x20000022   Data           1  main.o(.data)
    turn_in_place                            0x20000023   Data           1  main.o(.data)
    total_cnt                                0x20000028   Data           8  main.o(.data)
    timeout_USART_wait                       0x20000030   Data           8  main.o(.data)
    RECEIVE0_timer                           0x20000038   Data           8  main.o(.data)
    RECEIVE1_timer                           0x20000040   Data           8  main.o(.data)
    get_server1_timer                        0x20000048   Data           8  main.o(.data)
    get_server2_timer                        0x20000050   Data           8  main.o(.data)
    RC_timer                                 0x20000058   Data           8  main.o(.data)
    RC_OFF_cnt                               0x20000060   Data           1  main.o(.data)
    k                                        0x20000064   Data           4  main.o(.data)
    GPS_Usart_Symbol                         0x20000068   Data           1  main.o(.data)
    SIM1_rssi                                0x20000069   Data           1  main.o(.data)
    mnc_operator                             0x2000006a   Data           2  main.o(.data)
    percent_signal                           0x2000006c   Data           1  main.o(.data)
    isConnectionOpened                       0x2000006d   Data           1  main.o(.data)
    isConnectionOpened2                      0x2000006e   Data           1  main.o(.data)
    isGprsActive                             0x2000006f   Data           1  main.o(.data)
    NTRIP_CONNECT_OK                         0x20000070   Data           1  main.o(.data)
    REMOTE_CONNECT_OK                        0x20000071   Data           1  main.o(.data)
    u64_lat1                                 0x20000078   Data           8  main.o(.data)
    lat1_multiplier                          0x20000080   Data           8  main.o(.data)
    u64_lon1                                 0x20000088   Data           8  main.o(.data)
    lon1_multiplier                          0x20000090   Data           8  main.o(.data)
    isGpsDriveAllowed                        0x20000098   Data           1  main.o(.data)
    isRcDriveAllowed                         0x20000099   Data           1  main.o(.data)
    packet_parcel_count                      0x2000009a   Data           2  main.o(.data)
    packet_parcel_countX                     0x2000009c   Data           1  main.o(.data)
    coord_GPS1_latitude                      0x200000a0   Data           8  main.o(.data)
    coord_GPS2_latitude                      0x200000a8   Data           8  main.o(.data)
    coord_TARGET_latitude                    0x200000b0   Data           8  main.o(.data)
    coord_GPS1_longitude                     0x200000b8   Data           8  main.o(.data)
    coord_GPS2_longitude                     0x200000c0   Data           8  main.o(.data)
    coord_TARGET_longitude                   0x200000c8   Data           8  main.o(.data)
    HEADING                                  0x200000d0   Data           4  main.o(.data)
    ANGLE_btw_TARGET_N_DOZER                 0x200000d4   Data           4  main.o(.data)
    DELTA_ANGLE_btw_CURSE_N_HEADING          0x200000d8   Data           4  main.o(.data)
    SPEED_ENGINE                             0x200000dc   Data           4  main.o(.data)
    fi                                       0x200000e0   Data           8  main.o(.data)
    pi                                       0x200000e8   Data           8  main.o(.data)
    shirota_lau_rad                          0x200000f0   Data           8  main.o(.data)
    dolgota_lau_rad                          0x200000f8   Data           8  main.o(.data)
    shirota_tar_rad                          0x20000100   Data           8  main.o(.data)
    dolgota_tar_rad                          0x20000108   Data           8  main.o(.data)
    debug_cnt                                0x20000110   Data           2  main.o(.data)
    debug_cnt2                               0x20000112   Data           2  main.o(.data)
    next                                     0x20000114   Data           1  main.o(.data)
    ulHighFrequencyTimerTicks                0x20000118   Data           4  main.o(.data)
    TIM3_cnt                                 0x2000011c   Data           4  main.o(.data)
    speed_level                              0x20000120   Data           1  main.o(.data)
    left_btn                                 0x20000121   Data           1  main.o(.data)
    right_btn                                0x20000122   Data           1  main.o(.data)
    init                                     0x20000123   Data           1  main.o(.data)
    server_CLOSED                            0x20000124   Data           1  main.o(.data)
    RING                                     0x20000125   Data           1  main.o(.data)
    f5_debug                                 0x20000126   Data           2  main.o(.data)
    c5_debug                                 0x20000128   Data           2  main.o(.data)
    delta_timeout_USART                      0x20000130   Data           8  main.o(.data)
    delta_timeout_RTK                        0x20000138   Data           8  main.o(.data)
    delta_timeout_SERVER                     0x20000140   Data           8  main.o(.data)
    delta_timeout_RC                         0x20000148   Data           8  main.o(.data)
    NTRIP_Server_comma_found                 0x20000150   Data           1  main.o(.data)
    isGprsDeactNeed                          0x20000151   Data           1  main.o(.data)
    Current_Route_Point                      0x20000152   Data           1  main.o(.data)
    Num_Route_Point_DONE                     0x20000153   Data           1  main.o(.data)
    RC_SEND                                  0x20000154   Data           1  main.o(.data)
    RC_BTN_SEND                              0x20000155   Data           1  main.o(.data)
    tick_counter                             0x20000158   Data           8  main.o(.data)
    start_bit                                0x20000160   Data           1  main.o(.data)
    overflow                                 0x20000161   Data           1  main.o(.data)
    sendingMSG                               0x20000162   Data           6  main.o(.data)
    freemem                                  0x20000168   Data           4  main.o(.data)
    calculated_time                          0x20000170   Data           8  main.o(.data)
    delta_calc                               0x20000178   Data           8  main.o(.data)
    number1                                  0x20000180   Data           8  main.o(.data)
    negative_flag                            0x20000188   Data           1  main.o(.data)
    ies                                      0x20000189   Data           1  main.o(.data)
    char_cnt                                 0x2000018a   Data           1  main.o(.data)
    sizeofc                                  0x2000018b   Data           1  main.o(.data)
    mnc_operator_array                       0x2000018c   Data           6  main.o(.data)
    NE_DATA_FLAG                             0x20000192   Data           1  main.o(.data)
    sendbuffer                               0x20000193   Data          11  main.o(.data)
    GPIO_InitStructure                       0x200001a0   Data           8  main.o(.data)
    NVIC_InitStructure                       0x200001a8   Data           3  main.o(.data)
    defaultTaskHandle                        0x200001ac   Data           4  main.o(.data)
    myLedTaskHandle                          0x200001b0   Data           4  main.o(.data)
    myGsmTaskHandle                          0x200001b4   Data           4  main.o(.data)
    myGpsTaskHandle                          0x200001b8   Data           4  main.o(.data)
    mySysTickTaskHandle                      0x200001bc   Data           4  main.o(.data)
    myMobileApplicationHandle                0x200001c0   Data           4  main.o(.data)
    mySendingServerDataHandle                0x200001c4   Data           4  main.o(.data)
    myControlHandle                          0x200001c8   Data           4  main.o(.data)
    myUsartHandle                            0x200001cc   Data           4  main.o(.data)
    SendQueueHandle                          0x200001d0   Data           4  main.o(.data)
    UsartQueueHandle                         0x200001d4   Data           4  main.o(.data)
    timer_CAN_coords                         0x200001d8   Data           8  main.o(.data)
    delta_timeout_Can_coords                 0x200001e0   Data           8  main.o(.data)
    frame_err_cnt                            0x200001e8   Data           2  main.o(.data)
    int_cnt                                  0x200001ea   Data           1  main.o(.data)
    fully                                    0x200001ec   Data           2  main.o(.data)
    g5_debug                                 0x200001ee   Data           2  main.o(.data)
    a5_debug                                 0x200001f0   Data           2  main.o(.data)
    b5_debug                                 0x200001f2   Data           2  main.o(.data)
    lat_int                                  0x200001f4   Data           4  main.o(.data)
    lon_int                                  0x200001f8   Data           4  main.o(.data)
    lat_float                                0x200001fc   Data           4  main.o(.data)
    lon_float                                0x20000200   Data           4  main.o(.data)
    address                                  0x20000204   Data           4  main.o(.data)
    time_to_send_rc                          0x20000208   Data           8  main.o(.data)
    Dtime_to_send_rc                         0x20000210   Data           8  main.o(.data)
    myLat                                    0x20000218   Data           8  main.o(.data)
    myLon                                    0x20000220   Data           8  main.o(.data)
    Items_num_Queue                          0x20000228   Data           1  main.o(.data)
    count_of_RTK_missing                     0x20000229   Data           1  main.o(.data)
    count_of_USART_missing                   0x2000022a   Data           1  main.o(.data)
    count_of_SERVER_missing                  0x2000022b   Data           1  main.o(.data)
    dsa                                      0x2000022c   Data          13  main.o(.data)
    queue_cnt                                0x20000239   Data           1  main.o(.data)
    check_ext_id                             0x2000023c   Data           4  main.o(.data)
    def_ext_id                               0x20000240   Data           4  main.o(.data)
    place                                    0x20000244   Data           1  main.o(.data)
    GPS_count                                0x20000248   Data           4  main.o(.data)
    GSM_Usart_Symbol                         0x2000024c   Data           1  sim800.o(.data)
    gsm                                      0x20000250   Data           4  sim800.o(.data)
    SEND_OK_waiting                          0x20000254   Data           1  sim800.o(.data)
    s2_buf_cnt                               0x20000256   Data           2  sim800.o(.data)
    size_of_RTK_parcel                       0x20000258   Data           2  sim800.o(.data)
    size_of_RTK_parcel_cnt                   0x2000025a   Data           2  sim800.o(.data)
    rtk_length                               0x2000025c   Data           2  sim800.o(.data)
    good_end_of_AT                           0x2000025e   Data           1  sim800.o(.data)
    bad_end_of_AT                            0x2000025f   Data           1  sim800.o(.data)
    SEND_OK                                  0x20000260   Data           1  sim800.o(.data)
    SEND_FAIL                                0x20000261   Data           1  sim800.o(.data)
    FAIL_cnt                                 0x20000264   Data           4  sim800.o(.data)
    ready_to_send                            0x20000268   Data           1  sim800.o(.data)
    SUCCESS_NTRIP                            0x20000269   Data           1  sim800.o(.data)
    search_SUCCESS_NTRIP                     0x2000026a   Data           1  sim800.o(.data)
    search_RING                              0x2000026b   Data           1  sim800.o(.data)
    search_ARROW                             0x2000026c   Data           1  sim800.o(.data)
    search_OK                                0x2000026d   Data           1  sim800.o(.data)
    search_SEND_OK                           0x2000026e   Data           1  sim800.o(.data)
    search_SEND_FAIL                         0x2000026f   Data           1  sim800.o(.data)
    search_CONNECT                           0x20000270   Data           1  sim800.o(.data)
    search_ERROR                             0x20000271   Data           1  sim800.o(.data)
    search_CLOSED                            0x20000272   Data           1  sim800.o(.data)
    search                                   0x20000273   Data           1  sim800.o(.data)
    search2                                  0x20000274   Data           1  sim800.o(.data)
    search_DOLLAR                            0x20000275   Data           1  sim800.o(.data)
    search_RECEIVE0                          0x20000276   Data           1  sim800.o(.data)
    search_RECEIVE1                          0x20000277   Data           1  sim800.o(.data)
    continue_debug                           0x20000278   Data           1  sim800.o(.data)
    parcel_count                             0x20000279   Data           1  sim800.o(.data)
    pack_length                              0x2000027a   Data           1  sim800.o(.data)
    received_pack_bytes                      0x2000027b   Data           1  sim800.o(.data)
    received_rtk_bytes                       0x2000027c   Data           2  sim800.o(.data)
    error_count                              0x2000027e   Data           1  sim800.o(.data)
    pxCurrentTCB                             0x20000290   Data           4  tasks.o(.data)
    SystemCoreClock                          0x200002f0   Data           4  system_stm32f0xx.o(.data)
    __libspace_start                         0x200003e4   Data          96  libspace.o(.bss)
    __temporary_stack_top$libspace           0x20000444   Data           0  libspace.o(.bss)
    print_buffer                             0x20000603   Data         255  main.o(.ARM.__AT_0x20000603)
    GPS_DATA                                 0x20000766   Data         255  main.o(.ARM.__AT_0x20000766)
    GSM_DATA                                 0x20000865   Data         100  main.o(.ARM.__AT_0x20000865)
    CAN_BASKET_LAT                           0x200008c9   Data           8  main.o(.ARM.__AT_0x200008C9)
    CAN_BASKET_LON                           0x200008d1   Data           8  main.o(.ARM.__AT_0x200008D1)
    CAN_BASKET_ALT                           0x200008d9   Data           8  main.o(.ARM.__AT_0x200008D9)
    CAN_BASKET_RC_DRIVING                    0x200008e1   Data           8  main.o(.ARM.__AT_0x200008E1)
    CAN_BASKET_RC_DIR                        0x200008e9   Data           8  main.o(.ARM.__AT_0x200008E9)
    CAN_BASKET_RC_SPEED_ENGINE               0x200008f1   Data           8  main.o(.ARM.__AT_0x200008F1)
    CAN_BASKET_RC_START_BUTTON               0x200008f9   Data           8  main.o(.ARM.__AT_0x200008F9)
    size_of_RTK_parcel_arr                   0x20000901   Data           4  main.o(.ARM.__AT_0x20000901)
    RECEIVE_SERVER_BUF                       0x20000905   Data         500  main.o(.ARM.__AT_0x20000905)
    parsed_buffer                            0x20000e04   Data         255  main.o(.ARM.__AT_0x20000E04)
    zzzbuffer                                0x20000f03   Data          20  main.o(.ARM.__AT_0x20000F03)
    Calling_number                           0x20000f17   Data          12  main.o(.ARM.__AT_0x20000F17)
    GPSFixData                               0x20000f28   Data         114  main.o(.bss)
    coordSaveZone                            0x20000fa0   Data         160  main.o(.bss)
    coordRoute                               0x20001040   Data         160  main.o(.bss)
    RxMessage                                0x200010e0   Data          20  main.o(.bss)
    DMA_InitStructure                        0x200010f4   Data          44  main.o(.bss)
    USART_InitStructure                      0x20001120   Data          24  main.o(.bss)
    TIM_InitStructure                        0x20001138   Data          12  main.o(.bss)
    MyCoords                                 0x20001144   Data          13  main.o(.bss)
    global_buf                               0x20001151   Data         273  main.o(.bss)



==============================================================================

Memory Map of the image

  Image Entry point : 0x080000c1

  Load Region LR_IROM1 (Base: 0x08000000, Size: 0x0000aa5c, Max: 0x00010000, ABSOLUTE, COMPRESSED[0x0000a7c0])

    Execution Region ER_IROM1 (Exec base: 0x08000000, Load base: 0x08000000, Size: 0x0000a768, Max: 0x00010000, ABSOLUTE)

    Exec Addr    Load Addr    Size         Type   Attr      Idx    E Section Name        Object

    0x08000000   0x08000000   0x000000c0   Data   RO         4133    RESET               startup_stm32f072xb.o
    0x080000c0   0x080000c0   0x00000008   Code   RO         4233  * !!!main             c_p.l(__main.o)
    0x080000c8   0x080000c8   0x0000003c   Code   RO         4585    !!!scatter          c_p.l(__scatter.o)
    0x08000104   0x08000104   0x0000001c   Code   RO         4587    !!handler_zi        c_p.l(__scatter_zi.o)
    0x08000120   0x08000120   0x00000002   Code   RO         4212    .ARM.Collect$$_printf_percent$$00000000  c_p.l(_printf_percent.o)
    0x08000122   0x08000122   0x0000000a   Code   RO         4211    .ARM.Collect$$_printf_percent$$0000000A  c_p.l(_printf_u.o)
    0x0800012c   0x0800012c   0x0000000a   Code   RO         4210    .ARM.Collect$$_printf_percent$$00000014  c_p.l(_printf_s.o)
    0x08000136   0x08000136   0x00000004   Code   RO         4339    .ARM.Collect$$_printf_percent$$00000017  c_p.l(_printf_percent_end.o)
    0x0800013a   0x0800013a   0x00000002   Code   RO         4453    .ARM.Collect$$libinit$$00000000  c_p.l(libinit.o)
    0x0800013c   0x0800013c   0x00000000   Code   RO         4466    .ARM.Collect$$libinit$$00000002  c_p.l(libinit2.o)
    0x0800013c   0x0800013c   0x00000000   Code   RO         4468    .ARM.Collect$$libinit$$00000004  c_p.l(libinit2.o)
    0x0800013c   0x0800013c   0x00000000   Code   RO         4471    .ARM.Collect$$libinit$$0000000A  c_p.l(libinit2.o)
    0x0800013c   0x0800013c   0x00000000   Code   RO         4473    .ARM.Collect$$libinit$$0000000C  c_p.l(libinit2.o)
    0x0800013c   0x0800013c   0x00000000   Code   RO         4475    .ARM.Collect$$libinit$$0000000E  c_p.l(libinit2.o)
    0x0800013c   0x0800013c   0x00000000   Code   RO         4478    .ARM.Collect$$libinit$$00000011  c_p.l(libinit2.o)
    0x0800013c   0x0800013c   0x00000000   Code   RO         4480    .ARM.Collect$$libinit$$00000013  c_p.l(libinit2.o)
    0x0800013c   0x0800013c   0x00000000   Code   RO         4482    .ARM.Collect$$libinit$$00000015  c_p.l(libinit2.o)
    0x0800013c   0x0800013c   0x00000000   Code   RO         4484    .ARM.Collect$$libinit$$00000017  c_p.l(libinit2.o)
    0x0800013c   0x0800013c   0x00000000   Code   RO         4486    .ARM.Collect$$libinit$$00000019  c_p.l(libinit2.o)
    0x0800013c   0x0800013c   0x00000000   Code   RO         4488    .ARM.Collect$$libinit$$0000001B  c_p.l(libinit2.o)
    0x0800013c   0x0800013c   0x00000000   Code   RO         4490    .ARM.Collect$$libinit$$0000001D  c_p.l(libinit2.o)
    0x0800013c   0x0800013c   0x00000000   Code   RO         4492    .ARM.Collect$$libinit$$0000001F  c_p.l(libinit2.o)
    0x0800013c   0x0800013c   0x00000000   Code   RO         4494    .ARM.Collect$$libinit$$00000021  c_p.l(libinit2.o)
    0x0800013c   0x0800013c   0x00000000   Code   RO         4496    .ARM.Collect$$libinit$$00000023  c_p.l(libinit2.o)
    0x0800013c   0x0800013c   0x00000000   Code   RO         4498    .ARM.Collect$$libinit$$00000025  c_p.l(libinit2.o)
    0x0800013c   0x0800013c   0x00000000   Code   RO         4502    .ARM.Collect$$libinit$$0000002C  c_p.l(libinit2.o)
    0x0800013c   0x0800013c   0x00000000   Code   RO         4504    .ARM.Collect$$libinit$$0000002E  c_p.l(libinit2.o)
    0x0800013c   0x0800013c   0x00000000   Code   RO         4506    .ARM.Collect$$libinit$$00000030  c_p.l(libinit2.o)
    0x0800013c   0x0800013c   0x00000000   Code   RO         4508    .ARM.Collect$$libinit$$00000032  c_p.l(libinit2.o)
    0x0800013c   0x0800013c   0x00000002   Code   RO         4509    .ARM.Collect$$libinit$$00000033  c_p.l(libinit2.o)
    0x0800013e   0x0800013e   0x00000002   Code   RO         4540    .ARM.Collect$$libshutdown$$00000000  c_p.l(libshutdown.o)
    0x08000140   0x08000140   0x00000000   Code   RO         4566    .ARM.Collect$$libshutdown$$00000002  c_p.l(libshutdown2.o)
    0x08000140   0x08000140   0x00000000   Code   RO         4568    .ARM.Collect$$libshutdown$$00000004  c_p.l(libshutdown2.o)
    0x08000140   0x08000140   0x00000000   Code   RO         4571    .ARM.Collect$$libshutdown$$00000007  c_p.l(libshutdown2.o)
    0x08000140   0x08000140   0x00000000   Code   RO         4574    .ARM.Collect$$libshutdown$$0000000A  c_p.l(libshutdown2.o)
    0x08000140   0x08000140   0x00000000   Code   RO         4576    .ARM.Collect$$libshutdown$$0000000C  c_p.l(libshutdown2.o)
    0x08000140   0x08000140   0x00000000   Code   RO         4579    .ARM.Collect$$libshutdown$$0000000F  c_p.l(libshutdown2.o)
    0x08000140   0x08000140   0x00000002   Code   RO         4580    .ARM.Collect$$libshutdown$$00000010  c_p.l(libshutdown2.o)
    0x08000142   0x08000142   0x00000000   Code   RO         4324    .ARM.Collect$$rtentry$$00000000  c_p.l(__rtentry.o)
    0x08000142   0x08000142   0x00000000   Code   RO         4405    .ARM.Collect$$rtentry$$00000002  c_p.l(__rtentry2.o)
    0x08000142   0x08000142   0x00000006   Code   RO         4417    .ARM.Collect$$rtentry$$00000004  c_p.l(__rtentry4.o)
    0x08000148   0x08000148   0x00000000   Code   RO         4407    .ARM.Collect$$rtentry$$00000009  c_p.l(__rtentry2.o)
    0x08000148   0x08000148   0x00000004   Code   RO         4408    .ARM.Collect$$rtentry$$0000000A  c_p.l(__rtentry2.o)
    0x0800014c   0x0800014c   0x00000000   Code   RO         4410    .ARM.Collect$$rtentry$$0000000C  c_p.l(__rtentry2.o)
    0x0800014c   0x0800014c   0x00000008   Code   RO         4411    .ARM.Collect$$rtentry$$0000000D  c_p.l(__rtentry2.o)
    0x08000154   0x08000154   0x00000002   Code   RO         4457    .ARM.Collect$$rtexit$$00000000  c_p.l(rtexit.o)
    0x08000156   0x08000156   0x00000000   Code   RO         4513    .ARM.Collect$$rtexit$$00000002  c_p.l(rtexit2.o)
    0x08000156   0x08000156   0x00000004   Code   RO         4514    .ARM.Collect$$rtexit$$00000003  c_p.l(rtexit2.o)
    0x0800015a   0x0800015a   0x00000006   Code   RO         4515    .ARM.Collect$$rtexit$$00000004  c_p.l(rtexit2.o)
    0x08000160   0x08000160   0x00000078   Code   RO         4011    .emb_text           port.o
    0x080001d8   0x080001d8   0x00000038   Code   RO         4219    .emb_text           c_p.l(rt_memcpy.o)
    0x08000210   0x08000210   0x00000038   Code   RO         4134    .text               startup_stm32f072xb.o
    0x08000248   0x08000248   0x00000020   Code   RO         4173    .text               c_p.l(llshl.o)
    0x08000268   0x08000268   0x00000022   Code   RO         4175    .text               c_p.l(llushr.o)
    0x0800028a   0x0800028a   0x00000030   Code   RO         4177    .text               c_p.l(llmul.o)
    0x080002ba   0x080002ba   0x00000002   PAD
    0x080002bc   0x080002bc   0x00000028   Code   RO         4181    .text               c_p.l(noretval__2sprintf.o)
    0x080002e4   0x080002e4   0x0000006c   Code   RO         4183    .text               c_p.l(__printf.o)
    0x08000350   0x08000350   0x00000052   Code   RO         4185    .text               c_p.l(_printf_str.o)
    0x080003a2   0x080003a2   0x00000002   PAD
    0x080003a4   0x080003a4   0x0000006c   Code   RO         4187    .text               c_p.l(_printf_dec.o)
    0x08000410   0x08000410   0x00000028   Code   RO         4213    .text               c_p.l(strstr.o)
    0x08000438   0x08000438   0x00000044   Code   RO         4217    .text               c_p.l(strlen.o)
    0x0800047c   0x0800047c   0x00000082   Code   RO         4220    .text               c_p.l(rt_memcpy.o)
    0x080004fe   0x080004fe   0x00000012   Code   RO         4223    .text               c_p.l(aeabi_memset.o)
    0x08000510   0x08000510   0x00000040   Code   RO         4225    .text               c_p.l(rt_memclr.o)
    0x08000550   0x08000550   0x0000015a   Code   RO         4227    .text               c_p.l(aeabi_sdiv.o)
    0x080006aa   0x080006aa   0x00000006   Code   RO         4231    .text               c_p.l(heapauxi.o)
    0x080006b0   0x080006b0   0x0000007c   Code   RO         4235    .text               fz_ps.l(d2f.o)
    0x0800072c   0x0800072c   0x00000358   Code   RO         4237    .text               fz_ps.l(daddsub.o)
    0x08000a84   0x08000a84   0x00000448   Code   RO         4239    .text               fz_ps.l(ddiv.o)
    0x08000ecc   0x08000ecc   0x0000006c   Code   RO         4244    .text               fz_ps.l(dfixul.o)
    0x08000f38   0x08000f38   0x00000058   Code   RO         4246    .text               fz_ps.l(dflti.o)
    0x08000f90   0x08000f90   0x00000084   Code   RO         4248    .text               fz_ps.l(dfltl.o)
    0x08001014   0x08001014   0x00000248   Code   RO         4252    .text               fz_ps.l(dmul.o)
    0x0800125c   0x0800125c   0x00000054   Code   RO         4256    .text               fz_ps.l(f2d.o)
    0x080012b0   0x080012b0   0x00000030   Code   RO         4264    .text               fz_ps.l(ffixui.o)
    0x080012e0   0x080012e0   0x00000016   Code   RO         4329    .text               c_p.l(_rserrno.o)
    0x080012f6   0x080012f6   0x000000b0   Code   RO         4331    .text               c_p.l(_printf_intcommon.o)
    0x080013a6   0x080013a6   0x00000002   PAD
    0x080013a8   0x080013a8   0x00000030   Code   RO         4333    .text               c_p.l(_printf_char_common.o)
    0x080013d8   0x080013d8   0x0000000a   Code   RO         4335    .text               c_p.l(_sputc.o)
    0x080013e2   0x080013e2   0x0000002e   Code   RO         4337    .text               c_p.l(_printf_char.o)
    0x08001410   0x08001410   0x00000028   Code   RO         4340    .text               c_p.l(rtudiv10.o)
    0x08001438   0x08001438   0x00000090   Code   RO         4342    .text               fz_ps.l(dcmpin.o)
    0x080014c8   0x080014c8   0x00000060   Code   RO         4344    .text               fz_ps.l(dscalbn.o)
    0x08001528   0x08001528   0x00000100   Code   RO         4346    .text               fz_ps.l(dsqrt.o)
    0x08001628   0x08001628   0x00000064   Code   RO         4348    .text               fz_ps.l(fcmpin.o)
    0x0800168c   0x0800168c   0x00000080   Code   RO         4350    .text               fz_ps.l(frnd.o)
    0x0800170c   0x0800170c   0x00000008   Code   RO         4424    .text               c_p.l(rt_errno_addr_intlibspace.o)
    0x08001714   0x08001714   0x0000002e   Code   RO         4428    .text               fz_ps.l(cmpret.o)
    0x08001742   0x08001742   0x00000002   PAD
    0x08001744   0x08001744   0x0000006c   Code   RO         4430    .text               fz_ps.l(dfixi.o)
    0x080017b0   0x080017b0   0x00000014   Code   RO         4432    .text               fz_ps.l(dnan2.o)
    0x080017c4   0x080017c4   0x00000010   Code   RO         4434    .text               fz_ps.l(fnan2.o)
    0x080017d4   0x080017d4   0x00000008   Code   RO         4436    .text               c_p.l(libspace.o)
    0x080017dc   0x080017dc   0x0000003e   Code   RO         4439    .text               c_p.l(sys_stackheap_outer.o)
    0x0800181a   0x0800181a   0x00000010   Code   RO         4442    .text               c_p.l(exit.o)
    0x0800182a   0x0800182a   0x0000005e   Code   RO         4454    .text               fz_ps.l(retnan.o)
    0x08001888   0x08001888   0x0000000c   Code   RO         4510    .text               c_p.l(sys_exit.o)
    0x08001894   0x08001894   0x00000002   Code   RO         4529    .text               c_p.l(use_no_semi.o)
    0x08001896   0x08001896   0x00000000   Code   RO         4531    .text               c_p.l(indicate_semi.o)
    0x08001896   0x08001896   0x00000056   Code   RO         4583    .text               c_p.l(__dczerorl2.o)
    0x080018ec   0x080018ec   0x0000032c   Code   RO            3    i.Azimuth_Calculating  main.o
    0x08001c18   0x08001c18   0x000000a0   Code   RO          506    i.Bring_Up_GPRS     sim800.o
    0x08001cb8   0x08001cb8   0x00000018   Code   RO          944    i.CAN_DeInit        stm32f0xx_can.o
    0x08001cd0   0x08001cd0   0x000000fc   Code   RO          946    i.CAN_FilterInit    stm32f0xx_can.o
    0x08001dcc   0x08001dcc   0x00000138   Code   RO          948    i.CAN_GetITStatus   stm32f0xx_can.o
    0x08001f04   0x08001f04   0x00000014   Code   RO          952    i.CAN_ITConfig      stm32f0xx_can.o
    0x08001f18   0x08001f18   0x0000011c   Code   RO          953    i.CAN_Init          stm32f0xx_can.o
    0x08002034   0x08002034   0x00000106   Code   RO          956    i.CAN_Receive       stm32f0xx_can.o
    0x0800213a   0x0800213a   0x00000002   PAD
    0x0800213c   0x0800213c   0x0000006c   Code   RO            4    i.CAN_Send          main.o
    0x080021a8   0x080021a8   0x00000020   Code   RO          959    i.CAN_StructInit    stm32f0xx_can.o
    0x080021c8   0x080021c8   0x00000134   Code   RO          961    i.CAN_Transmit      stm32f0xx_can.o
    0x080022fc   0x080022fc   0x000005f8   Code   RO            5    i.CEC_CAN_IRQHandler  main.o
    0x080028f4   0x080028f4   0x00000108   Code   RO          507    i.CIPSEND           sim800.o
    0x080029fc   0x080029fc   0x0000026c   Code   RO          508    i.CONNECT_TO_NTRIP  sim800.o
    0x08002c68   0x08002c68   0x00000150   Code   RO          509    i.CONNECT_TO_SERVER  sim800.o
    0x08002db8   0x08002db8   0x00000014   Code   RO          964    i.CheckITStatus     stm32f0xx_can.o
    0x08002dcc   0x08002dcc   0x00000024   Code   RO            6    i.Error_Handler     main.o
    0x08002df0   0x08002df0   0x00000026   Code   RO            7    i.GET_CONFIRM_MSG   main.o
    0x08002e16   0x08002e16   0x00000002   PAD
    0x08002e18   0x08002e18   0x00000110   Code   RO            8    i.GET_DATA_PARCEL   main.o
    0x08002f28   0x08002f28   0x00000090   Code   RO         1199    i.GPIO_Init         stm32f0xx_gpio.o
    0x08002fb8   0x08002fb8   0x00000044   Code   RO         1200    i.GPIO_PinAFConfig  stm32f0xx_gpio.o
    0x08002ffc   0x08002ffc   0x00000004   Code   RO         1206    i.GPIO_ResetBits    stm32f0xx_gpio.o
    0x08003000   0x08003000   0x00000004   Code   RO         1207    i.GPIO_SetBits      stm32f0xx_gpio.o
    0x08003004   0x08003004   0x00000148   Code   RO          511    i.GPRS_Connection_ON  sim800.o
    0x0800314c   0x0800314c   0x00000024   Code   RO          512    i.GSM_Off           sim800.o
    0x08003170   0x08003170   0x00000024   Code   RO          513    i.GSM_On            sim800.o
    0x08003194   0x08003194   0x0000001c   Code   RO          514    i.GSM_Restart       sim800.o
    0x080031b0   0x080031b0   0x00000164   Code   RO          515    i.GSM_conf          sim800.o
    0x08003314   0x08003314   0x00000054   Code   RO          516    i.Get_Ip_adress     sim800.o
    0x08003368   0x08003368   0x00000088   Code   RO          517    i.Get_MNC_code      sim800.o
    0x080033f0   0x080033f0   0x00000010   Code   RO         2949    i.IWDG_ReloadCounter  stm32f0xx_iwdg.o
    0x08003400   0x08003400   0x000000c0   Code   RO           10    i.Init_CAN          main.o
    0x080034c0   0x080034c0   0x00000028   Code   RO           11    i.Init_GPS          main.o
    0x080034e8   0x080034e8   0x0000002c   Code   RO          518    i.Init_GSM          sim800.o
    0x08003514   0x08003514   0x00000070   Code   RO           12    i.Init_RCC          main.o
    0x08003584   0x08003584   0x000000b0   Code   RO          519    i.Init_USART_1      sim800.o
    0x08003634   0x08003634   0x00000054   Code   RO          520    i.Init_USART_1_high_speed  sim800.o
    0x08003688   0x08003688   0x000000b0   Code   RO           14    i.Init_USART_2      main.o
    0x08003738   0x08003738   0x00000070   Code   RO         2709    i.NVIC_Init         stm32f0xx_misc.o
    0x080037a8   0x080037a8   0x00000044   Code   RO           15    i.Parce_To_CAN_Command  main.o
    0x080037ec   0x080037ec   0x0000031c   Code   RO           16    i.Parse_Nmea_Messages  main.o
    0x08003b08   0x08003b08   0x00000002   Code   RO           17    i.Parse_To_Error    main.o
    0x08003b0a   0x08003b0a   0x00000002   PAD
    0x08003b0c   0x08003b0c   0x000001e0   Code   RO           18    i.Parse_To_GPS_Points  main.o
    0x08003cec   0x08003cec   0x0000003c   Code   RO           19    i.Parse_To_Mode     main.o
    0x08003d28   0x08003d28   0x00000270   Code   RO           20    i.Parse_To_RC_Command  main.o
    0x08003f98   0x08003f98   0x00000030   Code   RO           21    i.Parse_To_Total_Num_Coords  main.o
    0x08003fc8   0x08003fc8   0x0000003c   Code   RO          521    i.Query_Signal_Quality  sim800.o
    0x08004004   0x08004004   0x00000020   Code   RO         1563    i.RCC_AHBPeriphClockCmd  stm32f0xx_rcc.o
    0x08004024   0x08004024   0x00000020   Code   RO         1565    i.RCC_APB1PeriphClockCmd  stm32f0xx_rcc.o
    0x08004044   0x08004044   0x00000020   Code   RO         1566    i.RCC_APB1PeriphResetCmd  stm32f0xx_rcc.o
    0x08004064   0x08004064   0x00000020   Code   RO         1567    i.RCC_APB2PeriphClockCmd  stm32f0xx_rcc.o
    0x08004084   0x08004084   0x00000078   Code   RO         1576    i.RCC_DeInit        stm32f0xx_rcc.o
    0x080040fc   0x080040fc   0x00000248   Code   RO         1577    i.RCC_GetClocksFreq  stm32f0xx_rcc.o
    0x08004344   0x08004344   0x00000048   Code   RO         1578    i.RCC_GetFlagStatus  stm32f0xx_rcc.o
    0x0800438c   0x0800438c   0x00000020   Code   RO         1581    i.RCC_HCLKConfig    stm32f0xx_rcc.o
    0x080043ac   0x080043ac   0x00000010   Code   RO         1582    i.RCC_HSEConfig     stm32f0xx_rcc.o
    0x080043bc   0x080043bc   0x00000024   Code   RO         1593    i.RCC_PCLKConfig    stm32f0xx_rcc.o
    0x080043e0   0x080043e0   0x00000028   Code   RO         1594    i.RCC_PLLCmd        stm32f0xx_rcc.o
    0x08004408   0x08004408   0x00000024   Code   RO         1595    i.RCC_PLLConfig     stm32f0xx_rcc.o
    0x0800442c   0x0800442c   0x0000001c   Code   RO         1596    i.RCC_PREDIV1Config  stm32f0xx_rcc.o
    0x08004448   0x08004448   0x0000001c   Code   RO         1599    i.RCC_SYSCLKConfig  stm32f0xx_rcc.o
    0x08004464   0x08004464   0x0000003c   Code   RO         1602    i.RCC_WaitForHSEStartUp  stm32f0xx_rcc.o
    0x080044a0   0x080044a0   0x0000015c   Code   RO           22    i.SENDING_COORDS    main.o
    0x080045fc   0x080045fc   0x000000a4   Code   RO           23    i.STOP_MOVING       main.o
    0x080046a0   0x080046a0   0x00000002   Code   RO         4012    i.SVC_Handler       port.o
    0x080046a2   0x080046a2   0x00000002   PAD
    0x080046a4   0x080046a4   0x00000168   Code   RO           24    i.StartDefaultTask  main.o
    0x0800480c   0x0800480c   0x000000a0   Code   RO           25    i.StartGpsTask      main.o
    0x080048ac   0x080048ac   0x000000bc   Code   RO           26    i.StartGsmTask      main.o
    0x08004968   0x08004968   0x000000b8   Code   RO           27    i.StartLedTask      main.o
    0x08004a20   0x08004a20   0x00000cd8   Code   RO          523    i.StartUsartTask    sim800.o
    0x080056f8   0x080056f8   0x00000168   Code   RO           28    i.StartmyControlTask  main.o
    0x08005860   0x08005860   0x000000a0   Code   RO           29    i.StartmyMobileApplicationTask  main.o
    0x08005900   0x08005900   0x000002b0   Code   RO           30    i.StartmySendingServerDataTask  main.o
    0x08005bb0   0x08005bb0   0x000001d0   Code   RO           31    i.StartmySysTickTask  main.o
    0x08005d80   0x08005d80   0x00000024   Code   RO         4013    i.SysTick_Handler   port.o
    0x08005da4   0x08005da4   0x000000d0   Code   RO         4140    i.SystemCoreClockUpdate  system_stm32f0xx.o
    0x08005e74   0x08005e74   0x00000078   Code   RO         4141    i.SystemInit        system_stm32f0xx.o
    0x08005eec   0x08005eec   0x0000002c   Code   RO           32    i.TIM3_IRQHandler   main.o
    0x08005f18   0x08005f18   0x00000006   Code   RO         1838    i.TIM_ClearITPendingBit  stm32f0xx_tim.o
    0x08005f1e   0x08005f1e   0x00000026   Code   RO         1864    i.TIM_GetITStatus   stm32f0xx_tim.o
    0x08005f44   0x08005f44   0x0000004c   Code   RO          524    i.USART1_IRQHandler  sim800.o
    0x08005f90   0x08005f90   0x00000050   Code   RO           34    i.USART2_IRQHandler  main.o
    0x08005fe0   0x08005fe0   0x00000018   Code   RO         2405    i.USART_Cmd         stm32f0xx_usart.o
    0x08005ff8   0x08005ff8   0x00000014   Code   RO         2413    i.USART_GetFlagStatus  stm32f0xx_usart.o
    0x0800600c   0x0800600c   0x00000042   Code   RO         2416    i.USART_ITConfig    stm32f0xx_usart.o
    0x0800604e   0x0800604e   0x00000002   PAD
    0x08006050   0x08006050   0x000000f8   Code   RO         2417    i.USART_Init        stm32f0xx_usart.o
    0x08006148   0x08006148   0x00000012   Code   RO         2428    i.USART_OverrunDetectionConfig  stm32f0xx_usart.o
    0x0800615a   0x0800615a   0x0000000a   Code   RO         2429    i.USART_ReceiveData  stm32f0xx_usart.o
    0x08006164   0x08006164   0x00000008   Code   RO         2434    i.USART_SendData    stm32f0xx_usart.o
    0x0800616c   0x0800616c   0x000000ac   Code   RO          525    i.Write_GSM_Command  sim800.o
    0x08006218   0x08006218   0x00000032   Code   RO         4390    i.__ARM_common_ll_muluu  m_ps.l(rred.o)
    0x0800624a   0x0800624a   0x0000001c   Code   RO          280    i.__ARM_common_switch8  main.o
    0x08006266   0x08006266   0x00000002   PAD
    0x08006268   0x08006268   0x0000002c   Code   RO         4380    i.__ARM_fpclassify  m_ps.l(fpclassify.o)
    0x08006294   0x08006294   0x0000039c   Code   RO         4385    i.__ieee754_rem_pio2  m_ps.l(rred.o)
    0x08006630   0x08006630   0x000000f4   Code   RO         4363    i.__kernel_cos      m_ps.l(cos_i.o)
    0x08006724   0x08006724   0x000000ac   Code   RO         4382    i.__kernel_poly     m_ps.l(poly.o)
    0x080067d0   0x080067d0   0x000000ec   Code   RO         4392    i.__kernel_sin      m_ps.l(sin_i.o)
    0x080068bc   0x080068bc   0x00000270   Code   RO         4398    i.__kernel_tan      m_ps.l(tan_i.o)
    0x08006b2c   0x08006b2c   0x00000014   Code   RO         4366    i.__mathlib_dbl_divzero  m_ps.l(dunder.o)
    0x08006b40   0x08006b40   0x0000000a   Code   RO         4367    i.__mathlib_dbl_infnan  m_ps.l(dunder.o)
    0x08006b4a   0x08006b4a   0x00000008   Code   RO         4368    i.__mathlib_dbl_infnan2  m_ps.l(dunder.o)
    0x08006b52   0x08006b52   0x00000010   Code   RO         4369    i.__mathlib_dbl_invalid  m_ps.l(dunder.o)
    0x08006b62   0x08006b62   0x00000002   PAD
    0x08006b64   0x08006b64   0x00000014   Code   RO         4370    i.__mathlib_dbl_overflow  m_ps.l(dunder.o)
    0x08006b78   0x08006b78   0x00000014   Code   RO         4372    i.__mathlib_dbl_underflow  m_ps.l(dunder.o)
    0x08006b8c   0x08006b8c   0x0000021c   Code   RO         4354    i.atan              m_ps.l(atan.o)
    0x08006da8   0x08006da8   0x00000178   Code   RO         4271    i.atan2             m_ps.l(atan2.o)
    0x08006f20   0x08006f20   0x000000a4   Code   RO          450    i.base64_encode     base64.o
    0x08006fc4   0x08006fc4   0x00000038   Code   RO           35    i.blink             main.o
    0x08006ffc   0x08006ffc   0x000000d8   Code   RO           36    i.char_to_int       main.o
    0x080070d4   0x080070d4   0x00000016   Code   RO           37    i.clear_RXBuffer    main.o
    0x080070ea   0x080070ea   0x00000040   Code   RO           38    i.crc8              main.o
    0x0800712a   0x0800712a   0x00000002   PAD
    0x0800712c   0x0800712c   0x000001ec   Code   RO           39    i.getting_data      main.o
    0x08007318   0x08007318   0x000000a2   Code   RO           40    i.gsm_at_parse      main.o
    0x080073ba   0x080073ba   0x00000002   PAD
    0x080073bc   0x080073bc   0x00000354   Code   RO         4279    i.log               m_ps.l(log.o)
    0x08007710   0x08007710   0x00000140   Code   RO           41    i.main              main.o
    0x08007850   0x08007850   0x0000000e   Code   RO         3656    i.makeFreeRtosPriority  cmsis_os.o
    0x0800785e   0x0800785e   0x0000001a   Code   RO         3658    i.osDelay           cmsis_os.o
    0x08007878   0x08007878   0x0000000a   Code   RO         3661    i.osKernelStart     cmsis_os.o
    0x08007882   0x08007882   0x00000012   Code   RO         3670    i.osMessageCreate   cmsis_os.o
    0x08007894   0x08007894   0x00000030   Code   RO         3695    i.osThreadCreate    cmsis_os.o
    0x080078c4   0x080078c4   0x000009fc   Code   RO         4289    i.pow               m_ps.l(pow.o)
    0x080082c0   0x080082c0   0x0000007c   Code   RO         3301    i.prvAddCurrentTaskToDelayedList  tasks.o
    0x0800833c   0x0800833c   0x000000ac   Code   RO         3302    i.prvAddNewTaskToReadyList  tasks.o
    0x080083e8   0x080083e8   0x00000068   Code   RO         3303    i.prvCheckTasksWaitingTermination  tasks.o
    0x08008450   0x08008450   0x0000002c   Code   RO         3127    i.prvCopyDataFromQueue  queue.o
    0x0800847c   0x0800847c   0x00000080   Code   RO         3128    i.prvCopyDataToQueue  queue.o
    0x080084fc   0x080084fc   0x00000012   Code   RO         3304    i.prvDeleteTCB      tasks.o
    0x0800850e   0x0800850e   0x00000002   PAD
    0x08008510   0x08008510   0x00000080   Code   RO         4082    i.prvHeapInit       heap_4.o
    0x08008590   0x08008590   0x00000018   Code   RO         3305    i.prvIdleTask       tasks.o
    0x080085a8   0x080085a8   0x0000002c   Code   RO         3130    i.prvInitialiseNewQueue  queue.o
    0x080085d4   0x080085d4   0x000000b2   Code   RO         3306    i.prvInitialiseNewTask  tasks.o
    0x08008686   0x08008686   0x00000002   PAD
    0x08008688   0x08008688   0x00000064   Code   RO         3307    i.prvInitialiseTaskLists  tasks.o
    0x080086ec   0x080086ec   0x00000068   Code   RO         4083    i.prvInsertBlockIntoFreeList  heap_4.o
    0x08008754   0x08008754   0x0000001c   Code   RO         3131    i.prvIsQueueEmpty   queue.o
    0x08008770   0x08008770   0x0000001e   Code   RO         3132    i.prvIsQueueFull    queue.o
    0x0800878e   0x0800878e   0x00000002   PAD
    0x08008790   0x08008790   0x00000038   Code   RO         3309    i.prvResetNextTaskUnblockTime  tasks.o
    0x080087c8   0x080087c8   0x00000024   Code   RO         4014    i.prvTaskExitError  port.o
    0x080087ec   0x080087ec   0x0000008e   Code   RO         3133    i.prvUnlockQueue    queue.o
    0x0800887a   0x0800887a   0x00000002   PAD
    0x0800887c   0x0800887c   0x0000011c   Code   RO         4084    i.pvPortMalloc      heap_4.o
    0x08008998   0x08008998   0x00000020   Code   RO         3313    i.pvTaskIncrementMutexHeldCount  tasks.o
    0x080089b8   0x080089b8   0x00000020   Code   RO         4015    i.pxPortInitialiseStack  port.o
    0x080089d8   0x080089d8   0x00000074   Code   RO         4322    i.roundf            m_ps.l(roundf.o)
    0x08008a4c   0x08008a4c   0x0000008c   Code   RO           42    i.run_RC_drive      main.o
    0x08008ad8   0x08008ad8   0x000004ec   Code   RO           43    i.run_gps_drive     main.o
    0x08008fc4   0x08008fc4   0x0000001e   Code   RO          526    i.send_Uart         sim800.o
    0x08008fe2   0x08008fe2   0x00000022   Code   RO          527    i.send_Uart_AT      sim800.o
    0x08009004   0x08009004   0x00000026   Code   RO          528    i.send_Uart_SERV    sim800.o
    0x0800902a   0x0800902a   0x00000002   PAD
    0x0800902c   0x0800902c   0x0000009c   Code   RO         4299    i.sin               m_ps.l(sin.o)
    0x080090c8   0x080090c8   0x00000048   Code   RO         4307    i.sqrt              m_ps.l(sqrt.o)
    0x08009110   0x08009110   0x00000060   Code   RO         4315    i.tan               m_ps.l(tan.o)
    0x08009170   0x08009170   0x00000028   Code   RO         3090    i.uxListRemove      list.o
    0x08009198   0x08009198   0x0000001c   Code   RO         3136    i.uxQueueMessagesWaiting  queue.o
    0x080091b4   0x080091b4   0x0000001a   Code   RO         3091    i.vListInitialise   list.o
    0x080091ce   0x080091ce   0x00000006   Code   RO         3092    i.vListInitialiseItem  list.o
    0x080091d4   0x080091d4   0x00000036   Code   RO         3093    i.vListInsert       list.o
    0x0800920a   0x0800920a   0x00000018   Code   RO         3094    i.vListInsertEnd    list.o
    0x08009222   0x08009222   0x00000002   PAD
    0x08009224   0x08009224   0x0000001c   Code   RO         4017    i.vPortEnterCritical  port.o
    0x08009240   0x08009240   0x00000028   Code   RO         4018    i.vPortExitCritical  port.o
    0x08009268   0x08009268   0x00000080   Code   RO         4085    i.vPortFree         heap_4.o
    0x080092e8   0x080092e8   0x00000024   Code   RO         4019    i.vPortSetupTimerInterrupt  port.o
    0x0800930c   0x0800930c   0x00000018   Code   RO         4020    i.vPortYield        port.o
    0x08009324   0x08009324   0x00000044   Code   RO         3321    i.vTaskDelay        tasks.o
    0x08009368   0x08009368   0x0000000c   Code   RO         3327    i.vTaskMissedYield  tasks.o
    0x08009374   0x08009374   0x0000002c   Code   RO         3329    i.vTaskPlaceOnEventList  tasks.o
    0x080093a0   0x080093a0   0x0000008c   Code   RO         3331    i.vTaskPriorityInherit  tasks.o
    0x0800942c   0x0800942c   0x00000020   Code   RO         3335    i.vTaskSetTimeOutState  tasks.o
    0x0800944c   0x0800944c   0x00000074   Code   RO         3336    i.vTaskStartScheduler  tasks.o
    0x080094c0   0x080094c0   0x00000010   Code   RO         3338    i.vTaskSuspendAll   tasks.o
    0x080094d0   0x080094d0   0x000000c0   Code   RO         3339    i.vTaskSwitchContext  tasks.o
    0x08009590   0x08009590   0x0000000c   Code   RO         4087    i.xPortGetFreeHeapSize  heap_4.o
    0x0800959c   0x0800959c   0x00000038   Code   RO         4021    i.xPortStartScheduler  port.o
    0x080095d4   0x080095d4   0x00000050   Code   RO         3144    i.xQueueGenericCreate  queue.o
    0x08009624   0x08009624   0x0000018c   Code   RO         3145    i.xQueueGenericReceive  queue.o
    0x080097b0   0x080097b0   0x00000082   Code   RO         3146    i.xQueueGenericReset  queue.o
    0x08009832   0x08009832   0x0000015a   Code   RO         3147    i.xQueueGenericSend  queue.o
    0x0800998c   0x0800998c   0x000000bc   Code   RO         3148    i.xQueueGenericSendFromISR  queue.o
    0x08009a48   0x08009a48   0x00000074   Code   RO         3340    i.xTaskCheckForTimeOut  tasks.o
    0x08009abc   0x08009abc   0x0000005c   Code   RO         3341    i.xTaskCreate       tasks.o
    0x08009b18   0x08009b18   0x00000024   Code   RO         3345    i.xTaskGetSchedulerState  tasks.o
    0x08009b3c   0x08009b3c   0x0000013c   Code   RO         3348    i.xTaskIncrementTick  tasks.o
    0x08009c78   0x08009c78   0x00000088   Code   RO         3351    i.xTaskPriorityDisinherit  tasks.o
    0x08009d00   0x08009d00   0x00000088   Code   RO         3352    i.xTaskRemoveFromEventList  tasks.o
    0x08009d88   0x08009d88   0x000000f0   Code   RO         3354    i.xTaskResumeAll    tasks.o
    0x08009e78   0x08009e78   0x00000064   Code   RO         4242    x$fpl$deqf          fz_ps.l(deqf.o)
    0x08009edc   0x08009edc   0x00000064   Code   RO         4250    x$fpl$dleqf         fz_ps.l(dlef.o)
    0x08009f40   0x08009f40   0x00000068   Code   RO         4254    x$fpl$drleqf        fz_ps.l(drlef.o)
    0x08009fa8   0x08009fa8   0x0000008c   Code   RO         4258    x$fpl$fadd          fz_ps.l(faddsub.o)
    0x0800a034   0x0800a034   0x00000054   Code   RO         4266    x$fpl$fleqf         fz_ps.l(flef.o)
    0x0800a088   0x0800a088   0x00000058   Code   RO         4268    x$fpl$frleqf        fz_ps.l(frlef.o)
    0x0800a0e0   0x0800a0e0   0x000000d0   Code   RO         4260    x$fpl$fsub          fz_ps.l(faddsub.o)
    0x0800a1b0   0x0800a1b0   0x00000000   Code   RO         4352    x$fpl$usenofp       fz_ps.l(usenofp.o)
    0x0800a1b0   0x0800a1b0   0x000000d0   Data   RO           60    .constdata          main.o
    0x0800a280   0x0800a280   0x00000040   Data   RO          451    .constdata          base64.o
    0x0800a2c0   0x0800a2c0   0x00000018   Data   RO         4142    .constdata          system_stm32f0xx.o
    0x0800a2d8   0x0800a2d8   0x00000080   Data   RO         4240    .constdata          fz_ps.l(ddiv.o)
    0x0800a358   0x0800a358   0x00000038   Data   RO         4280    .constdata          m_ps.l(log.o)
    0x0800a390   0x0800a390   0x00000088   Data   RO         4290    .constdata          m_ps.l(pow.o)
    0x0800a418   0x0800a418   0x00000098   Data   RO         4355    .constdata          m_ps.l(atan.o)
    0x0800a4b0   0x0800a4b0   0x00000030   Data   RO         4364    .constdata          m_ps.l(cos_i.o)
    0x0800a4e0   0x0800a4e0   0x00000008   Data   RO         4384    .constdata          m_ps.l(qnan.o)
    0x0800a4e8   0x0800a4e8   0x000000c8   Data   RO         4387    .constdata          m_ps.l(rred.o)
    0x0800a5b0   0x0800a5b0   0x00000028   Data   RO         4393    .constdata          m_ps.l(sin_i.o)
    0x0800a5d8   0x0800a5d8   0x00000060   Data   RO         4399    .constdata          m_ps.l(tan_i.o)
    0x0800a638   0x0800a638   0x00000082   Data   RO           61    .conststring        main.o
    0x0800a6ba   0x0800a6ba   0x00000002   PAD
    0x0800a6bc   0x0800a6bc   0x00000089   Data   RO          529    .conststring        sim800.o
    0x0800a745   0x0800a745   0x00000003   PAD
    0x0800a748   0x0800a748   0x00000020   Data   RO         4581    Region$$Table       anon$$obj.o


    Execution Region RW_IRAM1 (Exec base: 0x20000000, Load base: 0x0800a768, Size: 0x00003f68, Max: 0x00004000, ABSOLUTE, COMPRESSED[0x00000058])

    Exec Addr    Load Addr    Size         Type   Attr      Idx    E Section Name        Object

    0x20000000   COMPRESSED   0x0000024c   Data   RW           62    .data               main.o
    0x2000024c   COMPRESSED   0x00000033   Data   RW          530    .data               sim800.o
    0x2000027f   COMPRESSED   0x00000010   Data   RW         1603    .data               stm32f0xx_rcc.o
    0x2000028f   COMPRESSED   0x00000001   PAD
    0x20000290   COMPRESSED   0x00000044   Data   RW         3357    .data               tasks.o
    0x200002d4   COMPRESSED   0x00000004   Data   RW         4022    .data               port.o
    0x200002d8   COMPRESSED   0x00000018   Data   RW         4090    .data               heap_4.o
    0x200002f0   COMPRESSED   0x00000004   Data   RW         4143    .data               system_stm32f0xx.o
    0x200002f4        -       0x000000f0   Zero   RW         3356    .bss                tasks.o
    0x200003e4        -       0x00000060   Zero   RW         4437    .bss                c_p.l(libspace.o)
    0x20000444   COMPRESSED   0x000001bf   PAD
    0x20000603        -       0x000000ff   Zero   RW           44    .ARM.__AT_0x20000603  main.o
    0x20000702   COMPRESSED   0x00000064   PAD
    0x20000766        -       0x000000ff   Zero   RW           45    .ARM.__AT_0x20000766  main.o
    0x20000865        -       0x00000064   Zero   RW           46    .ARM.__AT_0x20000865  main.o
    0x200008c9        -       0x00000008   Zero   RW           47    .ARM.__AT_0x200008C9  main.o
    0x200008d1        -       0x00000008   Zero   RW           48    .ARM.__AT_0x200008D1  main.o
    0x200008d9        -       0x00000008   Zero   RW           49    .ARM.__AT_0x200008D9  main.o
    0x200008e1        -       0x00000008   Zero   RW           50    .ARM.__AT_0x200008E1  main.o
    0x200008e9        -       0x00000008   Zero   RW           51    .ARM.__AT_0x200008E9  main.o
    0x200008f1        -       0x00000008   Zero   RW           52    .ARM.__AT_0x200008F1  main.o
    0x200008f9        -       0x00000008   Zero   RW           53    .ARM.__AT_0x200008F9  main.o
    0x20000901        -       0x00000004   Zero   RW           54    .ARM.__AT_0x20000901  main.o
    0x20000905        -       0x000001f4   Zero   RW           55    .ARM.__AT_0x20000905  main.o
    0x20000af9   COMPRESSED   0x00000007   PAD
    0x20000b00        -       0x00000200   Zero   RW         4132    HEAP                startup_stm32f072xb.o
    0x20000d00   COMPRESSED   0x00000104   PAD
    0x20000e04        -       0x000000ff   Zero   RW           56    .ARM.__AT_0x20000E04  main.o
    0x20000f03        -       0x00000014   Zero   RW           57    .ARM.__AT_0x20000F03  main.o
    0x20000f17        -       0x0000000c   Zero   RW           58    .ARM.__AT_0x20000F17  main.o
    0x20000f23   COMPRESSED   0x00000005   PAD
    0x20000f28        -       0x0000033a   Zero   RW           59    .bss                main.o
    0x20001262        -       0x00002904   Zero   RW         4089    .bss                heap_4.o
    0x20003b66   COMPRESSED   0x00000002   PAD
    0x20003b68        -       0x00000400   Zero   RW         4131    STACK               startup_stm32f072xb.o


==============================================================================

Image component sizes


      Code (inc. data)   RO Data    RW Data    ZI Data      Debug   Object Name

       164          6         64          0          0       1160   base64.o
       116          0          0          0          0       7453   cmsis_os.o
         0          0          0          0          0       1472   event_groups.o
       656         72          0         24      10500       4874   heap_4.o
       150          0          0          0          0       3254   list.o
     11352       1344        338        588       2283     291551   main.o
       410         58          0          4          0       7023   port.o
      1584          0          0          0          0      12034   queue.o
      6386       1140        137         51          0      21415   sim800.o
        56         26        192          0       1536        644   startup_stm32f072xb.o
         0          0          0          0          0      12968   stm32f0xx_adc.o
      1514         18          0          0          0      14940   stm32f0xx_can.o
       220          0          0          0          0       7223   stm32f0xx_gpio.o
        16          8          0          0          0        465   stm32f0xx_iwdg.o
       112          6          0          0          0       1892   stm32f0xx_misc.o
      1180        100          0         16          0      22638   stm32f0xx_rcc.o
        44          0          0          0          0      21778   stm32f0xx_tim.o
       394         22          0          0          0      14788   stm32f0xx_usart.o
       328         38         24          4          0       1819   system_stm32f0xx.o
      2500        352          0         68        240      20035   tasks.o

    ----------------------------------------------------------------------
     27210       3190        792        756      14933     469426   Object Totals
         0          0         32          0          0          0   (incl. Generated)
        28          0          5          1        374          0   (incl. Padding)

    ----------------------------------------------------------------------

      Code (inc. data)   RO Data    RW Data    ZI Data      Debug   Library Member Name

        86          0          0          0          0          0   __dczerorl2.o
         8          0          0          0          0         68   __main.o
       108          0          0          0          0         76   __printf.o
         0          0          0          0          0          0   __rtentry.o
        12          0          0          0          0          0   __rtentry2.o
         6          0          0          0          0          0   __rtentry4.o
        60          8          0          0          0          0   __scatter.o
        28          0          0          0          0          0   __scatter_zi.o
        46          0          0          0          0        100   _printf_char.o
        48          6          0          0          0         88   _printf_char_common.o
       108         18          0          0          0         76   _printf_dec.o
       176          0          0          0          0         84   _printf_intcommon.o
         2          0          0          0          0          0   _printf_percent.o
         4          0          0          0          0          0   _printf_percent_end.o
        10          0          0          0          0          0   _printf_s.o
        82          0          0          0          0         72   _printf_str.o
        10          0          0          0          0          0   _printf_u.o
        22          0          0          0          0         92   _rserrno.o
        10          0          0          0          0         60   _sputc.o
        18          0          0          0          0         68   aeabi_memset.o
       346          0          0          0          0         92   aeabi_sdiv.o
        16          0          0          0          0         68   exit.o
         6          0          0          0          0        136   heapauxi.o
         0          0          0          0          0          0   indicate_semi.o
         2          0          0          0          0          0   libinit.o
         2          0          0          0          0          0   libinit2.o
         2          0          0          0          0          0   libshutdown.o
         2          0          0          0          0          0   libshutdown2.o
         8          4          0          0         96         68   libspace.o
        48          0          0          0          0         72   llmul.o
        32          0          0          0          0         68   llshl.o
        34          0          0          0          0         68   llushr.o
        40          4          0          0          0         84   noretval__2sprintf.o
         8          4          0          0          0         68   rt_errno_addr_intlibspace.o
        64          0          0          0          0        108   rt_memclr.o
       186          0          0          0          0        144   rt_memcpy.o
         2          0          0          0          0          0   rtexit.o
        10          0          0          0          0          0   rtexit2.o
        40          0          0          0          0         60   rtudiv10.o
        68          6          0          0          0         72   strlen.o
        40          0          0          0          0         72   strstr.o
        12          4          0          0          0         60   sys_exit.o
        62          0          0          0          0         80   sys_stackheap_outer.o
         2          0          0          0          0         68   use_no_semi.o
        46          0          0          0          0         60   cmpret.o
       124          4          0          0          0         72   d2f.o
       856         20          0          0          0        208   daddsub.o
       144          4          0          0          0         76   dcmpin.o
      1096         26        128          0          0        112   ddiv.o
       100          4          0          0          0         92   deqf.o
       108         10          0          0          0         72   dfixi.o
       108          4          0          0          0         72   dfixul.o
        88          0          0          0          0         92   dflti.o
       132          4          0          0          0        100   dfltl.o
       100          4          0          0          0         92   dlef.o
       584         26          0          0          0         84   dmul.o
        20          6          0          0          0         68   dnan2.o
       104          4          0          0          0        104   drlef.o
        96         12          0          0          0         72   dscalbn.o
       256          8          0          0          0         76   dsqrt.o
        84          4          0          0          0         60   f2d.o
       348          8          0          0          0        160   faddsub.o
       100          4          0          0          0         68   fcmpin.o
        48          0          0          0          0         60   ffixui.o
        84          4          0          0          0         76   flef.o
        16          6          0          0          0         68   fnan2.o
        88          4          0          0          0         76   frlef.o
       128          6          0          0          0         68   frnd.o
        94          0          0          0          0         68   retnan.o
         0          0          0          0          0          0   usenofp.o
       540         68        152          0          0        112   atan.o
       376         42          0          0          0        144   atan2.o
       244         20         48          0          0         92   cos_i.o
        94         14          0          0          0        408   dunder.o
        44          4          0          0          0         60   fpclassify.o
       852         62         56          0          0        136   log.o
       172          0          0          0          0         76   poly.o
      2556        196        136          0          0        240   pow.o
         0          0          8          0          0          0   qnan.o
       116          0          0          0          0         72   roundf.o
       974         86        200          0          0        200   rred.o
       156         10          0          0          0        104   sin.o
       236         14         40          0          0        100   sin_i.o
        72          6          0          0          0         76   sqrt.o
        96         10          0          0          0         88   tan.o
       624         48         96          0          0        104   tan_i.o

    ----------------------------------------------------------------------
     13990        806        864          0        543       6340   Library Totals
        10          0          0          0        447          0   (incl. Padding)

    ----------------------------------------------------------------------

      Code (inc. data)   RO Data    RW Data    ZI Data      Debug   Library Name

      1876         54          0          0         96       2172   c_p.l
      4952        172        128          0          0       2156   fz_ps.l
      7152        580        736          0          0       2012   m_ps.l

    ----------------------------------------------------------------------
     13990        806        864          0        543       6340   Library Totals

    ----------------------------------------------------------------------

==============================================================================


      Code (inc. data)   RO Data    RW Data    ZI Data      Debug   

     41200       3996       1656        756      15476     465602   Grand Totals
     41200       3996       1656         88      15476     465602   ELF Image Totals (compressed)
     41200       3996       1656         88          0          0   ROM Totals

==============================================================================

    Total RO  Size (Code + RO Data)                42856 (  41.85kB)
    Total RW  Size (RW Data + ZI Data)             16232 (  15.85kB)
    Total ROM Size (Code + RO Data + RW Data)      42944 (  41.94kB)

==============================================================================

