Component: ARM Compiler 5.06 update 6 (build 750) Tool: armlink [4d35ed]

==============================================================================

Section Cross References

    main.o(i.Azimuth_Calculating) refers to dmul.o(.text) for __aeabi_dmul
    main.o(i.Azimuth_Calculating) refers to daddsub.o(.text) for __aeabi_dsub
    main.o(i.Azimuth_Calculating) refers to dlef.o(x$fpl$dleqf) for __aeabi_cdcmple
    main.o(i.Azimuth_Calculating) refers to drlef.o(x$fpl$drleqf) for __aeabi_cdrcmple
    main.o(i.Azimuth_Calculating) refers to ddiv.o(.text) for __aeabi_ddiv
    main.o(i.Azimuth_Calculating) refers to sqrt.o(i.sqrt) for sqrt
    main.o(i.Azimuth_Calculating) refers to sin.o(i.sin) for sin
    main.o(i.Azimuth_Calculating) refers to pow.o(i.pow) for pow
    main.o(i.Azimuth_Calculating) refers to tan.o(i.tan) for tan
    main.o(i.Azimuth_Calculating) refers to log.o(i.log) for log
    main.o(i.Azimuth_Calculating) refers to atan2.o(i.atan2) for atan2
    main.o(i.Azimuth_Calculating) refers to main.o(.data) for pi
    main.o(i.CAN_Send) refers to stm32f0xx_can.o(i.CAN_Transmit) for CAN_Transmit
    main.o(i.CAN_Send) refers to cmsis_os.o(i.osDelay) for osDelay
    main.o(i.CEC_CAN_IRQHandler) refers to stm32f0xx_can.o(i.CAN_GetITStatus) for CAN_GetITStatus
    main.o(i.CEC_CAN_IRQHandler) refers to stm32f0xx_can.o(i.CAN_Receive) for CAN_Receive
    main.o(i.CEC_CAN_IRQHandler) refers to llshl.o(.text) for __aeabi_llsl
    main.o(i.CEC_CAN_IRQHandler) refers to dfltl.o(.text) for __aeabi_ul2d
    main.o(i.CEC_CAN_IRQHandler) refers to ddiv.o(.text) for __aeabi_ddiv
    main.o(i.CEC_CAN_IRQHandler) refers to daddsub.o(.text) for __aeabi_dsub
    main.o(i.CEC_CAN_IRQHandler) refers to main.o(i.crc8) for crc8
    main.o(i.CEC_CAN_IRQHandler) refers to queue.o(i.xQueueGenericSendFromISR) for xQueueGenericSendFromISR
    main.o(i.CEC_CAN_IRQHandler) refers to main.o(.bss) for RxMessage
    main.o(i.CEC_CAN_IRQHandler) refers to main.o(.data) for tick_counter
    main.o(i.Error_Handler) refers to stm32f0xx_gpio.o(i.GPIO_SetBits) for GPIO_SetBits
    main.o(i.Error_Handler) refers to cmsis_os.o(i.osDelay) for osDelay
    main.o(i.Error_Handler) refers to stm32f0xx_gpio.o(i.GPIO_ResetBits) for GPIO_ResetBits
    main.o(i.GET_CONFIRM_MSG) refers to main.o(i.crc8) for crc8
    main.o(i.GET_DATA_PARCEL) refers to main.o(i.clear_RXBuffer) for clear_RXBuffer
    main.o(i.GET_DATA_PARCEL) refers to main.o(i.crc8) for crc8
    main.o(i.GET_DATA_PARCEL) refers to main.o(.bss) for zzzbuffer
    main.o(i.IWDG_ON) refers to stm32f0xx_rcc.o(i.RCC_LSICmd) for RCC_LSICmd
    main.o(i.IWDG_ON) refers to stm32f0xx_rcc.o(i.RCC_GetFlagStatus) for RCC_GetFlagStatus
    main.o(i.IWDG_ON) refers to stm32f0xx_iwdg.o(i.IWDG_WriteAccessCmd) for IWDG_WriteAccessCmd
    main.o(i.IWDG_ON) refers to stm32f0xx_iwdg.o(i.IWDG_SetPrescaler) for IWDG_SetPrescaler
    main.o(i.IWDG_ON) refers to stm32f0xx_iwdg.o(i.IWDG_SetReload) for IWDG_SetReload
    main.o(i.IWDG_ON) refers to stm32f0xx_iwdg.o(i.IWDG_ReloadCounter) for IWDG_ReloadCounter
    main.o(i.IWDG_ON) refers to stm32f0xx_iwdg.o(i.IWDG_Enable) for IWDG_Enable
    main.o(i.Init_CAN) refers to stm32f0xx_gpio.o(i.GPIO_PinAFConfig) for GPIO_PinAFConfig
    main.o(i.Init_CAN) refers to stm32f0xx_gpio.o(i.GPIO_Init) for GPIO_Init
    main.o(i.Init_CAN) refers to stm32f0xx_can.o(i.CAN_DeInit) for CAN_DeInit
    main.o(i.Init_CAN) refers to stm32f0xx_can.o(i.CAN_StructInit) for CAN_StructInit
    main.o(i.Init_CAN) refers to stm32f0xx_can.o(i.CAN_Init) for CAN_Init
    main.o(i.Init_CAN) refers to stm32f0xx_can.o(i.CAN_FilterInit) for CAN_FilterInit
    main.o(i.Init_CAN) refers to stm32f0xx_can.o(i.CAN_ITConfig) for CAN_ITConfig
    main.o(i.Init_CAN) refers to stm32f0xx_misc.o(i.NVIC_Init) for NVIC_Init
    main.o(i.Init_CAN) refers to main.o(.data) for GPIO_InitStructure
    main.o(i.Init_GPS) refers to stm32f0xx_gpio.o(i.GPIO_Init) for GPIO_Init
    main.o(i.Init_GPS) refers to main.o(i.Init_USART_2) for Init_USART_2
    main.o(i.Init_GPS) refers to main.o(.data) for GPIO_InitStructure
    main.o(i.Init_RCC) refers to stm32f0xx_rcc.o(i.RCC_DeInit) for RCC_DeInit
    main.o(i.Init_RCC) refers to stm32f0xx_rcc.o(i.RCC_HSEConfig) for RCC_HSEConfig
    main.o(i.Init_RCC) refers to stm32f0xx_rcc.o(i.RCC_WaitForHSEStartUp) for RCC_WaitForHSEStartUp
    main.o(i.Init_RCC) refers to stm32f0xx_rcc.o(i.RCC_PREDIV1Config) for RCC_PREDIV1Config
    main.o(i.Init_RCC) refers to stm32f0xx_rcc.o(i.RCC_PLLConfig) for RCC_PLLConfig
    main.o(i.Init_RCC) refers to stm32f0xx_rcc.o(i.RCC_PLLCmd) for RCC_PLLCmd
    main.o(i.Init_RCC) refers to stm32f0xx_rcc.o(i.RCC_SYSCLKConfig) for RCC_SYSCLKConfig
    main.o(i.Init_RCC) refers to stm32f0xx_rcc.o(i.RCC_HCLKConfig) for RCC_HCLKConfig
    main.o(i.Init_RCC) refers to stm32f0xx_rcc.o(i.RCC_PCLKConfig) for RCC_PCLKConfig
[...]
    I2C1_IRQHandler                          0x08001223   Thumb Code     0  startup_stm32f072xb.o(.text)
    I2C2_IRQHandler                          0x08001223   Thumb Code     0  startup_stm32f072xb.o(.text)
    PVD_VDDIO2_IRQHandler                    0x08001223   Thumb Code     0  startup_stm32f072xb.o(.text)
    RCC_CRS_IRQHandler                       0x08001223   Thumb Code     0  startup_stm32f072xb.o(.text)
    RTC_IRQHandler                           0x08001223   Thumb Code     0  startup_stm32f072xb.o(.text)
    SPI1_IRQHandler                          0x08001223   Thumb Code     0  startup_stm32f072xb.o(.text)
    SPI2_IRQHandler                          0x08001223   Thumb Code     0  startup_stm32f072xb.o(.text)
    TIM14_IRQHandler                         0x08001223   Thumb Code     0  startup_stm32f072xb.o(.text)
    TIM15_IRQHandler                         0x08001223   Thumb Code     0  startup_stm32f072xb.o(.text)
    TIM16_IRQHandler                         0x08001223   Thumb Code     0  startup_stm32f072xb.o(.text)
    TIM17_IRQHandler                         0x08001223   Thumb Code     0  startup_stm32f072xb.o(.text)
    TIM1_BRK_UP_TRG_COM_IRQHandler           0x08001223   Thumb Code     0  startup_stm32f072xb.o(.text)
    TIM1_CC_IRQHandler                       0x08001223   Thumb Code     0  startup_stm32f072xb.o(.text)
    TIM2_IRQHandler                          0x08001223   Thumb Code     0  startup_stm32f072xb.o(.text)
    TIM6_DAC_IRQHandler                      0x08001223   Thumb Code     0  startup_stm32f072xb.o(.text)
    TIM7_IRQHandler                          0x08001223   Thumb Code     0  startup_stm32f072xb.o(.text)
    TSC_IRQHandler                           0x08001223   Thumb Code     0  startup_stm32f072xb.o(.text)
    USART3_4_IRQHandler                      0x08001223   Thumb Code     0  startup_stm32f072xb.o(.text)
    USB_IRQHandler                           0x08001223   Thumb Code     0  startup_stm32f072xb.o(.text)
    WWDG_IRQHandler                          0x08001223   Thumb Code     0  startup_stm32f072xb.o(.text)
    __user_initial_stackheap                 0x08001225   Thumb Code     0  startup_stm32f072xb.o(.text)
    __aeabi_llsl                             0x08001249   Thumb Code    32  llshl.o(.text)
    _ll_shift_l                              0x08001249   Thumb Code     0  llshl.o(.text)
    __aeabi_llsr                             0x08001269   Thumb Code    34  llushr.o(.text)
    _ll_ushift_r                             0x08001269   Thumb Code     0  llushr.o(.text)
    __aeabi_lmul                             0x0800128b   Thumb Code    48  llmul.o(.text)
    _ll_mul                                  0x0800128b   Thumb Code     0  llmul.o(.text)
    __2sprintf                               0x080012bd   Thumb Code    36  noretval__2sprintf.o(.text)
    __printf                                 0x080012e5   Thumb Code   108  __printf.o(.text)
    _printf_str                              0x08001351   Thumb Code    82  _printf_str.o(.text)
    _printf_int_dec                          0x080013a5   Thumb Code    90  _printf_dec.o(.text)
    strstr                                   0x08001411   Thumb Code    40  strstr.o(.text)
    strlen                                   0x08001439   Thumb Code    62  strlen.o(.text)
    __aeabi_memcpy                           0x0800147d   Thumb Code   130  rt_memcpy.o(.text)
    __rt_memcpy                              0x0800147d   Thumb Code     0  rt_memcpy.o(.text)
    __aeabi_memset                           0x080014ff   Thumb Code    18  aeabi_memset.o(.text)
    _memset_w                                0x08001511   Thumb Code    26  rt_memclr.o(.text)
    _memset                                  0x0800152b   Thumb Code    30  rt_memclr.o(.text)
    __aeabi_memclr                           0x08001549   Thumb Code     4  rt_memclr.o(.text)
    __rt_memclr                              0x08001549   Thumb Code     0  rt_memclr.o(.text)
    __aeabi_memclr4                          0x0800154d   Thumb Code     0  rt_memclr.o(.text)
    __aeabi_memclr8                          0x0800154d   Thumb Code     0  rt_memclr.o(.text)
    __rt_memclr_w                            0x0800154d   Thumb Code     4  rt_memclr.o(.text)
    __aeabi_uidiv                            0x08001551   Thumb Code     0  aeabi_sdiv.o(.text)
    __aeabi_uidivmod                         0x08001551   Thumb Code    20  aeabi_sdiv.o(.text)
    __aeabi_idiv                             0x08001565   Thumb Code     0  aeabi_sdiv.o(.text)
    __aeabi_idivmod                          0x08001565   Thumb Code   326  aeabi_sdiv.o(.text)
    __use_two_region_memory                  0x080016ab   Thumb Code     2  heapauxi.o(.text)
    __rt_heap_escrow$2region                 0x080016ad   Thumb Code     2  heapauxi.o(.text)
    __rt_heap_expand$2region                 0x080016af   Thumb Code     2  heapauxi.o(.text)
    __aeabi_d2f                              0x080016b1   Thumb Code     0  d2f.o(.text)
    _d2f                                     0x080016b1   Thumb Code   120  d2f.o(.text)
    __aeabi_dadd                             0x08001a25   Thumb Code     0  daddsub.o(.text)
    _dadd                                    0x08001a25   Thumb Code    26  daddsub.o(.text)
    __aeabi_dsub                             0x08001a3f   Thumb Code     0  daddsub.o(.text)
    _dsub                                    0x08001a3f   Thumb Code    22  daddsub.o(.text)
    __aeabi_drsub                            0x08001a55   Thumb Code     0  daddsub.o(.text)
    _drsb                                    0x08001a55   Thumb Code    28  daddsub.o(.text)
    __aeabi_ddiv                             0x08001a85   Thumb Code     0  ddiv.o(.text)
    _ddiv                                    0x08001a85   Thumb Code  1072  ddiv.o(.text)
    _drdiv                                   0x08001eb5   Thumb Code    20  ddiv.o(.text)
    __aeabi_d2ulz                            0x08001ecd   Thumb Code     0  dfixul.o(.text)
    _ll_ufrom_d                              0x08001ecd   Thumb Code   104  dfixul.o(.text)
    __aeabi_i2d_normalise                    0x08001f39   Thumb Code    66  dflti.o(.text)
    __aeabi_i2d                              0x08001f7b   Thumb Code    16  dflti.o(.text)
    _dflt                                    0x08001f7b   Thumb Code     0  dflti.o(.text)
    __aeabi_ui2d                             0x08001f8b   Thumb Code     6  dflti.o(.text)
    _dfltu                                   0x08001f8b   Thumb Code     0  dflti.o(.text)
    __aeabi_l2d_normalise                    0x08001f91   Thumb Code   104  dfltl.o(.text)
    __aeabi_l2d                              0x08001ff9   Thumb Code    20  dfltl.o(.text)
    _ll_sto_d                                0x08001ff9   Thumb Code     0  dfltl.o(.text)
    __aeabi_ul2d                             0x0800200d   Thumb Code     4  dfltl.o(.text)
    _ll_uto_d                                0x0800200d   Thumb Code     0  dfltl.o(.text)
    __aeabi_dmul                             0x08002015   Thumb Code     0  dmul.o(.text)
    _dmul                                    0x08002015   Thumb Code   558  dmul.o(.text)
    __aeabi_f2d                              0x0800225d   Thumb Code     0  f2d.o(.text)
    _f2d                                     0x0800225d   Thumb Code    80  f2d.o(.text)
    __aeabi_f2uiz                            0x080022b1   Thumb Code     0  ffixui.o(.text)
    _ffixu                                   0x080022b1   Thumb Code    48  ffixui.o(.text)
    __read_errno                             0x080022e1   Thumb Code    10  _rserrno.o(.text)
    __set_errno                              0x080022eb   Thumb Code    12  _rserrno.o(.text)
    _printf_int_common                       0x080022f7   Thumb Code   176  _printf_intcommon.o(.text)
    _printf_char_common                      0x080023b3   Thumb Code    32  _printf_char_common.o(.text)
    _sputc                                   0x080023d9   Thumb Code    10  _sputc.o(.text)
    _printf_cs_common                        0x080023e3   Thumb Code    22  _printf_char.o(.text)
    _printf_char                             0x080023f9   Thumb Code    16  _printf_char.o(.text)
    _printf_string                           0x08002409   Thumb Code     8  _printf_char.o(.text)
    __rt_udiv10                              0x08002411   Thumb Code    40  rtudiv10.o(.text)
    __fpl_dcmp_InfNaN                        0x08002439   Thumb Code   140  dcmpin.o(.text)
    __ARM_scalbn                             0x080024c9   Thumb Code    84  dscalbn.o(.text)
    _dsqrt                                   0x08002529   Thumb Code   248  dsqrt.o(.text)
    __fpl_fcmp_InfNaN                        0x08002629   Thumb Code    96  fcmpin.o(.text)
    _frnd                                    0x0800268d   Thumb Code   122  frnd.o(.text)
    __aeabi_errno_addr                       0x0800270d   Thumb Code     8  rt_errno_addr_intlibspace.o(.text)
    __errno$intlibspace                      0x0800270d   Thumb Code     0  rt_errno_addr_intlibspace.o(.text)
    __rt_errno_addr$intlibspace              0x0800270d   Thumb Code     0  rt_errno_addr_intlibspace.o(.text)
    __fpl_cmpreturn                          0x08002715   Thumb Code    46  cmpret.o(.text)
    __aeabi_d2iz                             0x08002745   Thumb Code     0  dfixi.o(.text)
    _dfix                                    0x08002745   Thumb Code    98  dfixi.o(.text)
    __fpl_dcheck_NaN2                        0x080027b1   Thumb Code    14  dnan2.o(.text)
    __fpl_fcheck_NaN2                        0x080027c5   Thumb Code    10  fnan2.o(.text)
    __user_libspace                          0x080027d5   Thumb Code     8  libspace.o(.text)
    __user_perproc_libspace                  0x080027d5   Thumb Code     0  libspace.o(.text)
    __user_perthread_libspace                0x080027d5   Thumb Code     0  libspace.o(.text)
    __user_setup_stackheap                   0x080027dd   Thumb Code    62  sys_stackheap_outer.o(.text)
    exit                                     0x0800281b   Thumb Code    16  exit.o(.text)
    __fpl_return_NaN                         0x0800282b   Thumb Code    94  retnan.o(.text)
    _sys_exit                                0x08002889   Thumb Code     8  sys_exit.o(.text)
    __I$use$semihosting                      0x08002895   Thumb Code     0  use_no_semi.o(.text)
    __use_no_semihosting_swi                 0x08002895   Thumb Code     2  use_no_semi.o(.text)
    __decompress                             0x08002897   Thumb Code     0  __dczerorl2.o(.text)
    __decompress1                            0x08002897   Thumb Code    86  __dczerorl2.o(.text)
    __semihosting_library_function           0x08002897   Thumb Code     0  indicate_semi.o(.text)
    Azimuth_Calculating                      0x080028ed   Thumb Code   764  main.o(i.Azimuth_Calculating)
    Bring_Up_GPRS                            0x08002c19   Thumb Code   118  sim800.o(i.Bring_Up_GPRS)
    CAN_DeInit                               0x08002cb9   Thumb Code    24  stm32f0xx_can.o(i.CAN_DeInit)
    CAN_FilterInit                           0x08002cd1   Thumb Code   244  stm32f0xx_can.o(i.CAN_FilterInit)
    CAN_GetITStatus                          0x08002dcd   Thumb Code   306  stm32f0xx_can.o(i.CAN_GetITStatus)
    CAN_ITConfig                             0x08002f05   Thumb Code    20  stm32f0xx_can.o(i.CAN_ITConfig)
    CAN_Init                                 0x08002f19   Thumb Code   280  stm32f0xx_can.o(i.CAN_Init)
    CAN_Receive                              0x08003035   Thumb Code   262  stm32f0xx_can.o(i.CAN_Receive)
    CAN_Send                                 0x0800313d   Thumb Code    98  main.o(i.CAN_Send)
    CAN_StructInit                           0x080031a9   Thumb Code    32  stm32f0xx_can.o(i.CAN_StructInit)
    CAN_Transmit                             0x080031c9   Thumb Code   308  stm32f0xx_can.o(i.CAN_Transmit)
    CEC_CAN_IRQHandler                       0x080032fd   Thumb Code  1522  main.o(i.CEC_CAN_IRQHandler)
    CIPSEND                                  0x080038f5   Thumb Code   206  sim800.o(i.CIPSEND)
    CONNECT_TO_NTRIP                         0x080039fd   Thumb Code   460  sim800.o(i.CONNECT_TO_NTRIP)
    CONNECT_TO_SERVER                        0x08003c69   Thumb Code   244  sim800.o(i.CONNECT_TO_SERVER)
    Error_Handler                            0x08003dcd   Thumb Code    32  main.o(i.Error_Handler)
    GET_CONFIRM_MSG                          0x08003df1   Thumb Code    38  main.o(i.GET_CONFIRM_MSG)
    GET_DATA_PARCEL                          0x08003e19   Thumb Code   266  main.o(i.GET_DATA_PARCEL)
    GPIO_Init                                0x08003f29   Thumb Code   144  stm32f0xx_gpio.o(i.GPIO_Init)
    GPIO_PinAFConfig                         0x08003fb9   Thumb Code    68  stm32f0xx_gpio.o(i.GPIO_PinAFConfig)
    GPIO_ResetBits                           0x08003ffd   Thumb Code     4  stm32f0xx_gpio.o(i.GPIO_ResetBits)
    GPIO_SetBits                             0x08004001   Thumb Code     4  stm32f0xx_gpio.o(i.GPIO_SetBits)
    GPRS_Connection_ON                       0x08004005   Thumb Code   182  sim800.o(i.GPRS_Connection_ON)
    GSM_Off                                  0x0800414d   Thumb Code    32  sim800.o(i.GSM_Off)
    GSM_On                                   0x08004171   Thumb Code    32  sim800.o(i.GSM_On)
    GSM_Restart                              0x08004195   Thumb Code    28  sim800.o(i.GSM_Restart)
    GSM_conf                                 0x080041b1   Thumb Code   146  sim800.o(i.GSM_conf)
    Get_Ip_adress                            0x08004315   Thumb Code    54  sim800.o(i.Get_Ip_adress)
    Get_MNC_code                             0x08004369   Thumb Code    90  sim800.o(i.Get_MNC_code)
    IWDG_ReloadCounter                       0x080043f1   Thumb Code     8  stm32f0xx_iwdg.o(i.IWDG_ReloadCounter)
    Init_CAN                                 0x08004401   Thumb Code   180  main.o(i.Init_CAN)
    Init_GPS                                 0x080044c1   Thumb Code    32  main.o(i.Init_GPS)
    Init_GSM                                 0x080044e9   Thumb Code    34  sim800.o(i.Init_GSM)
    Init_RCC                                 0x08004515   Thumb Code   104  main.o(i.Init_RCC)
    Init_USART_1                             0x08004585   Thumb Code   156  sim800.o(i.Init_USART_1)
    Init_USART_1_high_speed                  0x08004635   Thumb Code    70  sim800.o(i.Init_USART_1_high_speed)
    Init_USART_2                             0x08004689   Thumb Code   154  main.o(i.Init_USART_2)
    NVIC_Init                                0x08004739   Thumb Code   106  stm32f0xx_misc.o(i.NVIC_Init)
    Parce_To_CAN_Command                     0x080047a9   Thumb Code    64  main.o(i.Parce_To_CAN_Command)
    Parse_Nmea_Messages                      0x080047ed   Thumb Code   734  main.o(i.Parse_Nmea_Messages)
    Parse_To_Error                           0x08004b09   Thumb Code     2  main.o(i.Parse_To_Error)
    Parse_To_GPS_Points                      0x08004b0d   Thumb Code   460  main.o(i.Parse_To_GPS_Points)
    Parse_To_Mode                            0x08004ced   Thumb Code    42  main.o(i.Parse_To_Mode)
    Parse_To_RC_Command                      0x08004d29   Thumb Code   572  main.o(i.Parse_To_RC_Command)
    Parse_To_Total_Num_Coords                0x08004f99   Thumb Code    40  main.o(i.Parse_To_Total_Num_Coords)
    Query_Signal_Quality                     0x08004fc9   Thumb Code    34  sim800.o(i.Query_Signal_Quality)
    RCC_AHBPeriphClockCmd                    0x08005005   Thumb Code    28  stm32f0xx_rcc.o(i.RCC_AHBPeriphClockCmd)
    RCC_APB1PeriphClockCmd                   0x08005025   Thumb Code    28  stm32f0xx_rcc.o(i.RCC_APB1PeriphClockCmd)
    RCC_APB1PeriphResetCmd                   0x08005045   Thumb Code    28  stm32f0xx_rcc.o(i.RCC_APB1PeriphResetCmd)
    RCC_APB2PeriphClockCmd                   0x08005065   Thumb Code    28  stm32f0xx_rcc.o(i.RCC_APB2PeriphClockCmd)
    RCC_DeInit                               0x08005085   Thumb Code   102  stm32f0xx_rcc.o(i.RCC_DeInit)
    RCC_GetClocksFreq                        0x080050fd   Thumb Code   554  stm32f0xx_rcc.o(i.RCC_GetClocksFreq)
    RCC_GetFlagStatus                        0x08005345   Thumb Code    68  stm32f0xx_rcc.o(i.RCC_GetFlagStatus)
    RCC_HCLKConfig                           0x0800538d   Thumb Code    28  stm32f0xx_rcc.o(i.RCC_HCLKConfig)
    RCC_HSEConfig                            0x080053ad   Thumb Code    12  stm32f0xx_rcc.o(i.RCC_HSEConfig)
    RCC_PCLKConfig                           0x080053bd   Thumb Code    30  stm32f0xx_rcc.o(i.RCC_PCLKConfig)
    RCC_PLLCmd                               0x080053e1   Thumb Code    36  stm32f0xx_rcc.o(i.RCC_PLLCmd)
    RCC_PLLConfig                            0x08005409   Thumb Code    30  stm32f0xx_rcc.o(i.RCC_PLLConfig)
    RCC_PREDIV1Config                        0x0800542d   Thumb Code    24  stm32f0xx_rcc.o(i.RCC_PREDIV1Config)
    RCC_SYSCLKConfig                         0x08005449   Thumb Code    24  stm32f0xx_rcc.o(i.RCC_SYSCLKConfig)
    RCC_WaitForHSEStartUp                    0x08005465   Thumb Code    60  stm32f0xx_rcc.o(i.RCC_WaitForHSEStartUp)
    SENDING_COORDS                           0x080054a1   Thumb Code   302  main.o(i.SENDING_COORDS)
    STOP_MOVING                              0x080055fd   Thumb Code   144  main.o(i.STOP_MOVING)
    SVC_Handler                              0x080056a1   Thumb Code     2  port.o(i.SVC_Handler)
    StartDefaultTask                         0x080056a5   Thumb Code   190  main.o(i.StartDefaultTask)
    StartGpsTask                             0x0800580d   Thumb Code   120  main.o(i.StartGpsTask)
    StartGsmTask                             0x080058ad   Thumb Code   152  main.o(i.StartGsmTask)
    StartLedTask                             0x08005969   Thumb Code   168  main.o(i.StartLedTask)
    StartUsartTask                           0x08005a21   Thumb Code  3278  sim800.o(i.StartUsartTask)
    StartmyControlTask                       0x080066f9   Thumb Code   304  main.o(i.StartmyControlTask)
    StartmyMobileApplicationTask             0x08006861   Thumb Code   108  main.o(i.StartmyMobileApplicationTask)
    StartmySendingServerDataTask             0x08006901   Thumb Code   622  main.o(i.StartmySendingServerDataTask)
    StartmySysTickTask                       0x08006bb1   Thumb Code   366  main.o(i.StartmySysTickTask)
    SysTick_Handler                          0x08006d81   Thumb Code    32  port.o(i.SysTick_Handler)
    SystemCoreClockUpdate                    0x08006da5   Thumb Code   188  system_stm32f0xx.o(i.SystemCoreClockUpdate)
    SystemInit                               0x08006e75   Thumb Code   102  system_stm32f0xx.o(i.SystemInit)
    TIM3_IRQHandler                          0x08006eed   Thumb Code    34  main.o(i.TIM3_IRQHandler)
    TIM_ClearITPendingBit                    0x08006f19   Thumb Code     6  stm32f0xx_tim.o(i.TIM_ClearITPendingBit)
    TIM_GetITStatus                          0x08006f1f   Thumb Code    38  stm32f0xx_tim.o(i.TIM_GetITStatus)
    USART1_IRQHandler                        0x08006f45   Thumb Code    56  sim800.o(i.USART1_IRQHandler)
    USART2_IRQHandler                        0x08006f91   Thumb Code    60  main.o(i.USART2_IRQHandler)
    USART_Cmd                                0x08006fe1   Thumb Code    24  stm32f0xx_usart.o(i.USART_Cmd)
    USART_GetFlagStatus                      0x08006ff9   Thumb Code    20  stm32f0xx_usart.o(i.USART_GetFlagStatus)
    USART_ITConfig                           0x0800700d   Thumb Code    66  stm32f0xx_usart.o(i.USART_ITConfig)
    USART_Init                               0x08007051   Thumb Code   226  stm32f0xx_usart.o(i.USART_Init)
    USART_OverrunDetectionConfig             0x08007149   Thumb Code    18  stm32f0xx_usart.o(i.USART_OverrunDetectionConfig)
    USART_ReceiveData                        0x0800715b   Thumb Code    10  stm32f0xx_usart.o(i.USART_ReceiveData)
    USART_SendData                           0x08007165   Thumb Code     8  stm32f0xx_usart.o(i.USART_SendData)
    Write_GSM_Command                        0x0800716d   Thumb Code   138  sim800.o(i.Write_GSM_Command)
    __ARM_common_ll_muluu                    0x08007219   Thumb Code    50  rred.o(i.__ARM_common_ll_muluu)
    __ARM_common_switch8                     0x0800724b   Thumb Code    28  main.o(i.__ARM_common_switch8)
    __ARM_fpclassify                         0x08007269   Thumb Code    40  fpclassify.o(i.__ARM_fpclassify)
    __ieee754_rem_pio2                       0x08007295   Thumb Code   838  rred.o(i.__ieee754_rem_pio2)
    __kernel_cos                             0x08007631   Thumb Code   224  cos_i.o(i.__kernel_cos)
    __kernel_poly                            0x08007725   Thumb Code   172  poly.o(i.__kernel_poly)
    __kernel_sin                             0x080077d1   Thumb Code   222  sin_i.o(i.__kernel_sin)
    __kernel_tan                             0x080078bd   Thumb Code   576  tan_i.o(i.__kernel_tan)
    __mathlib_dbl_divzero                    0x08007b2d   Thumb Code    16  dunder.o(i.__mathlib_dbl_divzero)
    __mathlib_dbl_infnan                     0x08007b41   Thumb Code    10  dunder.o(i.__mathlib_dbl_infnan)
    __mathlib_dbl_infnan2                    0x08007b4b   Thumb Code     8  dunder.o(i.__mathlib_dbl_infnan2)
    __mathlib_dbl_invalid                    0x08007b53   Thumb Code    16  dunder.o(i.__mathlib_dbl_invalid)
    __mathlib_dbl_overflow                   0x08007b65   Thumb Code    16  dunder.o(i.__mathlib_dbl_overflow)
    __mathlib_dbl_underflow                  0x08007b79   Thumb Code    14  dunder.o(i.__mathlib_dbl_underflow)
    atan                                     0x08007b8d   Thumb Code   472  atan.o(i.atan)
    atan2                                    0x08007da9   Thumb Code   334  atan2.o(i.atan2)
    base64_encode                            0x08007f21   Thumb Code   158  base64.o(i.base64_encode)
    blink                                    0x08007fc5   Thumb Code    56  main.o(i.blink)
    char_to_int                              0x08007ffd   Thumb Code   194  main.o(i.char_to_int)
    clear_RXBuffer                           0x080080d5   Thumb Code    22  main.o(i.clear_RXBuffer)
    crc8                                     0x080080eb   Thumb Code    64  main.o(i.crc8)
    getting_data                             0x0800812d   Thumb Code   416  main.o(i.getting_data)
    gsm_at_parse                             0x08008319   Thumb Code   162  main.o(i.gsm_at_parse)
    log                                      0x080083bd   Thumb Code   790  log.o(i.log)
    main                                     0x08008711   Thumb Code   272  main.o(i.main)
    osDelay                                  0x0800885f   Thumb Code    26  cmsis_os.o(i.osDelay)
    osKernelStart                            0x08008879   Thumb Code    10  cmsis_os.o(i.osKernelStart)
    osMessageCreate                          0x08008883   Thumb Code    18  cmsis_os.o(i.osMessageCreate)
    osThreadCreate                           0x08008895   Thumb Code    48  cmsis_os.o(i.osThreadCreate)
    pow                                      0x080088c5   Thumb Code  2548  pow.o(i.pow)
    pvPortMalloc                             0x0800987d   Thumb Code   264  heap_4.o(i.pvPortMalloc)
    pvTaskIncrementMutexHeldCount            0x08009999   Thumb Code    28  tasks.o(i.pvTaskIncrementMutexHeldCount)
    pxPortInitialiseStack                    0x080099b9   Thumb Code    26  port.o(i.pxPortInitialiseStack)
    roundf                                   0x080099d9   Thumb Code   116  roundf.o(i.roundf)
    run_RC_drive                             0x08009a4d   Thumb Code   104  main.o(i.run_RC_drive)
    run_gps_drive                            0x08009ad9   Thumb Code  1230  main.o(i.run_gps_drive)
    send_Uart                                0x08009fc5   Thumb Code    30  sim800.o(i.send_Uart)
    send_Uart_AT                             0x08009fe3   Thumb Code    34  sim800.o(i.send_Uart_AT)
    send_Uart_SERV                           0x0800a005   Thumb Code    38  sim800.o(i.send_Uart_SERV)
    sin                                      0x0800a02d   Thumb Code   146  sin.o(i.sin)
    sqrt                                     0x0800a0c9   Thumb Code    66  sqrt.o(i.sqrt)
    tan                                      0x0800a111   Thumb Code    86  tan.o(i.tan)
    uxListRemove                             0x0800a171   Thumb Code    40  list.o(i.uxListRemove)
    uxQueueMessagesWaiting                   0x0800a199   Thumb Code    28  queue.o(i.uxQueueMessagesWaiting)
    vListInitialise                          0x0800a1b5   Thumb Code    26  list.o(i.vListInitialise)
    vListInitialiseItem                      0x0800a1cf   Thumb Code     6  list.o(i.vListInitialiseItem)
    vListInsert                              0x0800a1d5   Thumb Code    54  list.o(i.vListInsert)
    vListInsertEnd                           0x0800a20b   Thumb Code    24  list.o(i.vListInsertEnd)
    vPortEnterCritical                       0x0800a225   Thumb Code    22  port.o(i.vPortEnterCritical)
    vPortExitCritical                        0x0800a241   Thumb Code    36  port.o(i.vPortExitCritical)
    vPortFree                                0x0800a269   Thumb Code   120  heap_4.o(i.vPortFree)
    vPortSetupTimerInterrupt                 0x0800a2e9   Thumb Code    26  port.o(i.vPortSetupTimerInterrupt)
    vPortYield                               0x0800a30d   Thumb Code    18  port.o(i.vPortYield)
    vTaskDelay                               0x0800a325   Thumb Code    62  tasks.o(i.vTaskDelay)
    vTaskMissedYield                         0x0800a369   Thumb Code     8  tasks.o(i.vTaskMissedYield)
    vTaskPlaceOnEventList                    0x0800a375   Thumb Code    38  tasks.o(i.vTaskPlaceOnEventList)
    vTaskPriorityInherit                     0x0800a3a1   Thumb Code   128  tasks.o(i.vTaskPriorityInherit)
    vTaskSetTimeOutState                     0x0800a42d   Thumb Code    24  tasks.o(i.vTaskSetTimeOutState)
    vTaskStartScheduler                      0x0800a44d   Thumb Code    84  tasks.o(i.vTaskStartScheduler)
    vTaskSuspendAll                          0x0800a4c1   Thumb Code    12  tasks.o(i.vTaskSuspendAll)
    vTaskSwitchContext                       0x0800a4d1   Thumb Code   160  tasks.o(i.vTaskSwitchContext)
    xPortGetFreeHeapSize                     0x0800a591   Thumb Code     6  heap_4.o(i.xPortGetFreeHeapSize)
    xPortStartScheduler                      0x0800a59d   Thumb Code    48  port.o(i.xPortStartScheduler)
    xQueueGenericCreate                      0x0800a5d5   Thumb Code    80  queue.o(i.xQueueGenericCreate)
    xQueueGenericReceive                     0x0800a625   Thumb Code   396  queue.o(i.xQueueGenericReceive)
    xQueueGenericReset                       0x0800a7b1   Thumb Code   130  queue.o(i.xQueueGenericReset)
    xQueueGenericSend                        0x0800a833   Thumb Code   346  queue.o(i.xQueueGenericSend)
    xQueueGenericSendFromISR                 0x0800a98d   Thumb Code   188  queue.o(i.xQueueGenericSendFromISR)
    xTaskCheckForTimeOut                     0x0800aa49   Thumb Code   106  tasks.o(i.xTaskCheckForTimeOut)
    xTaskCreate                              0x0800aabd   Thumb Code    92  tasks.o(i.xTaskCreate)
    xTaskGetSchedulerState                   0x0800ab19   Thumb Code    28  tasks.o(i.xTaskGetSchedulerState)
    xTaskIncrementTick                       0x0800ab3d   Thumb Code   270  tasks.o(i.xTaskIncrementTick)
    xTaskPriorityDisinherit                  0x0800ac79   Thumb Code   124  tasks.o(i.xTaskPriorityDisinherit)
    xTaskRemoveFromEventList                 0x0800ad01   Thumb Code   112  tasks.o(i.xTaskRemoveFromEventList)
    xTaskResumeAll                           0x0800ad89   Thumb Code   206  tasks.o(i.xTaskResumeAll)
    __aeabi_cdcmpeq                          0x0800ae79   Thumb Code     0  deqf.o(x$fpl$deqf)
    _dcmpeq                                  0x0800ae79   Thumb Code    94  deqf.o(x$fpl$deqf)
    __aeabi_cdcmple                          0x0800aedd   Thumb Code     0  dlef.o(x$fpl$dleqf)
    _dcmple                                  0x0800aedd   Thumb Code    94  dlef.o(x$fpl$dleqf)
    __aeabi_cdrcmple                         0x0800af41   Thumb Code     0  drlef.o(x$fpl$drleqf)
    _drcmple                                 0x0800af41   Thumb Code   100  drlef.o(x$fpl$drleqf)
    __aeabi_fadd                             0x0800afa9   Thumb Code     0  faddsub.o(x$fpl$fadd)
    _fadd                                    0x0800afa9   Thumb Code   134  faddsub.o(x$fpl$fadd)
    __aeabi_cfcmple                          0x0800b035   Thumb Code     0  flef.o(x$fpl$fleqf)
    _fcmple                                  0x0800b035   Thumb Code    78  flef.o(x$fpl$fleqf)
    __aeabi_cfrcmple                         0x0800b089   Thumb Code     0  frlef.o(x$fpl$frleqf)
    _frcmple                                 0x0800b089   Thumb Code    84  frlef.o(x$fpl$frleqf)
    __aeabi_fsub                             0x0800b0e1   Thumb Code     0  faddsub.o(x$fpl$fsub)
    _fsub                                    0x0800b0e1   Thumb Code   204  faddsub.o(x$fpl$fsub)
    __I$use$fp                               0x0800b1b0   Number         0  usenofp.o(x$fpl$usenofp)
    char_map                                 0x0800b1b0   Data          10  main.o(.constdata)
    AHBPrescTable                            0x0800b2c0   Data          16  system_stm32f0xx.o(.constdata)
    APBPrescTable                            0x0800b2d0   Data           8  system_stm32f0xx.o(.constdata)
    __mathlib_zero                           0x0800b4e0   Data           8  qnan.o(.constdata)
    Region$$Table$$Base                      0x0800b748   Number         0  anon$$obj.o(Region$$Table)
    Region$$Table$$Limit                     0x0800b768   Number         0  anon$$obj.o(Region$$Table)
    MODE_CONTROL                             0x200000c8   Data           1  main.o(.data)
    total_NUM_Points_SaveZone                0x200000c9   Data           1  main.o(.data)
    total_NUM_Points_Route                   0x200000ca   Data           1  main.o(.data)
    incData_from_SERVER1                     0x200000cb   Data           1  main.o(.data)
    incData_from_SERVER2                     0x200000cc   Data           1  main.o(.data)
    s1_buf_cnt                               0x200000ce   Data           2  main.o(.data)
    GPS_al                                   0x200000d0   Data           8  main.o(.data)
    GPS_lat                                  0x200000d8   Data           8  main.o(.data)
    GPS_lon                                  0x200000e0   Data           8  main.o(.data)
    n_lat_float                              0x200000e8   Data           1  main.o(.data)
    n_lon_float                              0x200000e9   Data           1  main.o(.data)
    n_alt_float                              0x200000ea   Data           1  main.o(.data)
    turn_in_place                            0x200000eb   Data           1  main.o(.data)
    total_cnt                                0x200000f0   Data           8  main.o(.data)
    timeout_USART_wait                       0x200000f8   Data           8  main.o(.data)
    RECEIVE0_timer                           0x20000100   Data           8  main.o(.data)
    RECEIVE1_timer                           0x20000108   Data           8  main.o(.data)
    get_server1_timer                        0x20000110   Data           8  main.o(.data)
    get_server2_timer                        0x20000118   Data           8  main.o(.data)
    RC_timer                                 0x20000120   Data           8  main.o(.data)
    RC_OFF_cnt                               0x20000128   Data           1  main.o(.data)
    k                                        0x2000012c   Data           4  main.o(.data)
    GPS_Usart_Symbol                         0x20000130   Data           1  main.o(.data)
    SIM1_rssi                                0x20000131   Data           1  main.o(.data)
    mnc_operator                             0x20000132   Data           2  main.o(.data)
    percent_signal                           0x20000134   Data           1  main.o(.data)
    isConnectionOpened                       0x20000135   Data           1  main.o(.data)
    isConnectionOpened2                      0x20000136   Data           1  main.o(.data)
    isGprsActive                             0x20000137   Data           1  main.o(.data)
    NTRIP_CONNECT_OK                         0x20000138   Data           1  main.o(.data)
    REMOTE_CONNECT_OK                        0x20000139   Data           1  main.o(.data)
    u64_lat1                                 0x20000140   Data           8  main.o(.data)
    lat1_multiplier                          0x20000148   Data           8  main.o(.data)
    u64_lon1                                 0x20000150   Data           8  main.o(.data)
    lon1_multiplier                          0x20000158   Data           8  main.o(.data)
    isGpsDriveAllowed                        0x20000160   Data           1  main.o(.data)
    isRcDriveAllowed                         0x20000161   Data           1  main.o(.data)
    packet_parcel_count                      0x20000162   Data           2  main.o(.data)
    packet_parcel_countX                     0x20000164   Data           1  main.o(.data)
    coord_GPS1_latitude                      0x20000168   Data           8  main.o(.data)
    coord_GPS2_latitude                      0x20000170   Data           8  main.o(.data)
    coord_TARGET_latitude                    0x20000178   Data           8  main.o(.data)
    coord_GPS1_longitude                     0x20000180   Data           8  main.o(.data)
    coord_GPS2_longitude                     0x20000188   Data           8  main.o(.data)
    coord_TARGET_longitude                   0x20000190   Data           8  main.o(.data)
    HEADING                                  0x20000198   Data           4  main.o(.data)
    ANGLE_btw_TARGET_N_DOZER                 0x2000019c   Data           4  main.o(.data)
    DELTA_ANGLE_btw_CURSE_N_HEADING          0x200001a0   Data           4  main.o(.data)
    SPEED_ENGINE                             0x200001a4   Data           4  main.o(.data)
    fi                                       0x200001a8   Data           8  main.o(.data)
    pi                                       0x200001b0   Data           8  main.o(.data)
    shirota_lau_rad                          0x200001b8   Data           8  main.o(.data)
    dolgota_lau_rad                          0x200001c0   Data           8  main.o(.data)
    shirota_tar_rad                          0x200001c8   Data           8  main.o(.data)
    dolgota_tar_rad                          0x200001d0   Data           8  main.o(.data)
    debug_cnt                                0x200001d8   Data           2  main.o(.data)
    debug_cnt2                               0x200001da   Data           2  main.o(.data)
    next                                     0x200001dc   Data           1  main.o(.data)
    ulHighFrequencyTimerTicks                0x200001e0   Data           4  main.o(.data)
    TIM3_cnt                                 0x200001e4   Data           4  main.o(.data)
    speed_level                              0x200001e8   Data           1  main.o(.data)
    left_btn                                 0x200001e9   Data           1  main.o(.data)
    right_btn                                0x200001ea   Data           1  main.o(.data)
    init                                     0x200001eb   Data           1  main.o(.data)
    server_CLOSED                            0x200001ec   Data           1  main.o(.data)
    RING                                     0x200001ed   Data           1  main.o(.data)
    f5_debug                                 0x200001ee   Data           2  main.o(.data)
    c5_debug                                 0x200001f0   Data           2  main.o(.data)
    delta_timeout_USART                      0x200001f8   Data           8  main.o(.data)
    delta_timeout_RTK                        0x20000200   Data           8  main.o(.data)
    delta_timeout_SERVER                     0x20000208   Data           8  main.o(.data)
    delta_timeout_RC                         0x20000210   Data           8  main.o(.data)
    NTRIP_Server_comma_found                 0x20000218   Data           1  main.o(.data)
    isGprsDeactNeed                          0x20000219   Data           1  main.o(.data)
    Current_Route_Point                      0x2000021a   Data           1  main.o(.data)
    Num_Route_Point_DONE                     0x2000021b   Data           1  main.o(.data)
    RC_SEND                                  0x2000021c   Data           1  main.o(.data)
    RC_BTN_SEND                              0x2000021d   Data           1  main.o(.data)
    tick_counter                             0x20000220   Data           8  main.o(.data)
    start_bit                                0x20000228   Data           1  main.o(.data)
    overflow                                 0x20000229   Data           1  main.o(.data)
    sendingMSG                               0x2000022a   Data           6  main.o(.data)
    freemem                                  0x20000230   Data           4  main.o(.data)
    calculated_time                          0x20000238   Data           8  main.o(.data)
    delta_calc                               0x20000240   Data           8  main.o(.data)
    number1                                  0x20000248   Data           8  main.o(.data)
    negative_flag                            0x20000250   Data           1  main.o(.data)
    ies                                      0x20000251   Data           1  main.o(.data)
    char_cnt                                 0x20000252   Data           1  main.o(.data)
    sizeofc                                  0x20000253   Data           1  main.o(.data)
    mnc_operator_array                       0x20000254   Data           6  main.o(.data)
    NE_DATA_FLAG                             0x2000025a   Data           1  main.o(.data)
    sendbuffer                               0x2000025b   Data          11  main.o(.data)
    CAN_BASKET_LAT                           0x20000266   Data           8  main.o(.data)
    CAN_BASKET_LON                           0x2000026e   Data           8  main.o(.data)
    CAN_BASKET_ALT                           0x20000276   Data           8  main.o(.data)
    CAN_BASKET_RC_DRIVING                    0x2000027e   Data           8  main.o(.data)
    CAN_BASKET_RC_DIR                        0x20000286   Data           8  main.o(.data)
    CAN_BASKET_RC_SPEED_ENGINE               0x2000028e   Data           8  main.o(.data)
    CAN_BASKET_RC_START_BUTTON               0x20000296   Data           8  main.o(.data)
    size_of_RTK_parcel_arr                   0x2000029e   Data           4  main.o(.data)
    GPIO_InitStructure                       0x200002a4   Data           8  main.o(.data)
    NVIC_InitStructure                       0x200002ac   Data           3  main.o(.data)
    defaultTaskHandle                        0x200002b0   Data           4  main.o(.data)
    myLedTaskHandle                          0x200002b4   Data           4  main.o(.data)
    myGsmTaskHandle                          0x200002b8   Data           4  main.o(.data)
    myGpsTaskHandle                          0x200002bc   Data           4  main.o(.data)
    mySysTickTaskHandle                      0x200002c0   Data           4  main.o(.data)
    myMobileApplicationHandle                0x200002c4   Data           4  main.o(.data)
    mySendingServerDataHandle                0x200002c8   Data           4  main.o(.data)
    myControlHandle                          0x200002cc   Data           4  main.o(.data)
    myUsartHandle                            0x200002d0   Data           4  main.o(.data)
    SendQueueHandle                          0x200002d4   Data           4  main.o(.data)
    UsartQueueHandle                         0x200002d8   Data           4  main.o(.data)
    timer_CAN_coords                         0x200002e0   Data           8  main.o(.data)
    delta_timeout_Can_coords                 0x200002e8   Data           8  main.o(.data)
    frame_err_cnt                            0x200002f0   Data           2  main.o(.data)
    int_cnt                                  0x200002f2   Data           1  main.o(.data)
    fully                                    0x200002f4   Data           2  main.o(.data)
    g5_debug                                 0x200002f6   Data           2  main.o(.data)
    a5_debug                                 0x200002f8   Data           2  main.o(.data)
    b5_debug                                 0x200002fa   Data           2  main.o(.data)
    lat_int                                  0x200002fc   Data           4  main.o(.data)
    lon_int                                  0x20000300   Data           4  main.o(.data)
    lat_float                                0x20000304   Data           4  main.o(.data)
    lon_float                                0x20000308   Data           4  main.o(.data)
    address                                  0x2000030c   Data           4  main.o(.data)
    time_to_send_rc                          0x20000310   Data           8  main.o(.data)
    Dtime_to_send_rc                         0x20000318   Data           8  main.o(.data)
    myLat                                    0x20000320   Data           8  main.o(.data)
    myLon                                    0x20000328   Data           8  main.o(.data)
    Items_num_Queue                          0x20000330   Data           1  main.o(.data)
    count_of_RTK_missing                     0x20000331   Data           1  main.o(.data)
    count_of_USART_missing                   0x20000332   Data           1  main.o(.data)
    count_of_SERVER_missing                  0x20000333   Data           1  main.o(.data)
    dsa                                      0x20000334   Data          13  main.o(.data)
    queue_cnt                                0x20000341   Data           1  main.o(.data)
    check_ext_id                             0x20000344   Data           4  main.o(.data)
    def_ext_id                               0x20000348   Data           4  main.o(.data)
    place                                    0x2000034c   Data           1  main.o(.data)
    GPS_count                                0x20000350   Data           4  main.o(.data)
    GSM_Usart_Symbol                         0x20000354   Data           1  sim800.o(.data)
    gsm                                      0x20000358   Data           4  sim800.o(.data)
    SEND_OK_waiting                          0x2000035c   Data           1  sim800.o(.data)
    s2_buf_cnt                               0x2000035e   Data           2  sim800.o(.data)
    size_of_RTK_parcel                       0x20000360   Data           2  sim800.o(.data)
    size_of_RTK_parcel_cnt                   0x20000362   Data           2  sim800.o(.data)
    rtk_length                               0x20000364   Data           2  sim800.o(.data)
    good_end_of_AT                           0x20000366   Data           1  sim800.o(.data)
    bad_end_of_AT                            0x20000367   Data           1  sim800.o(.data)
    SEND_OK                                  0x20000368   Data           1  sim800.o(.data)
    SEND_FAIL                                0x20000369   Data           1  sim800.o(.data)
    FAIL_cnt                                 0x2000036c   Data           4  sim800.o(.data)
    ready_to_send                            0x20000370   Data           1  sim800.o(.data)
    SUCCESS_NTRIP                            0x20000371   Data           1  sim800.o(.data)
    search_SUCCESS_NTRIP                     0x20000372   Data           1  sim800.o(.data)
    search_RING                              0x20000373   Data           1  sim800.o(.data)
    search_ARROW                             0x20000374   Data           1  sim800.o(.data)
    search_OK                                0x20000375   Data           1  sim800.o(.data)
    search_SEND_OK                           0x20000376   Data           1  sim800.o(.data)
    search_SEND_FAIL                         0x20000377   Data           1  sim800.o(.data)
    search_CONNECT                           0x20000378   Data           1  sim800.o(.data)
    search_ERROR                             0x20000379   Data           1  sim800.o(.data)
    search_CLOSED                            0x2000037a   Data           1  sim800.o(.data)
    search                                   0x2000037b   Data           1  sim800.o(.data)
    search2                                  0x2000037c   Data           1  sim800.o(.data)
    search_DOLLAR                            0x2000037d   Data           1  sim800.o(.data)
    search_RECEIVE0                          0x2000037e   Data           1  sim800.o(.data)
    search_RECEIVE1                          0x2000037f   Data           1  sim800.o(.data)
    continue_debug                           0x20000380   Data           1  sim800.o(.data)
    parcel_count                             0x20000381   Data           1  sim800.o(.data)
    pack_length                              0x20000382   Data           1  sim800.o(.data)
    received_pack_bytes                      0x20000383   Data           1  sim800.o(.data)
    received_rtk_bytes                       0x20000384   Data           2  sim800.o(.data)
    error_count                              0x20000386   Data           1  sim800.o(.data)
    pxCurrentTCB                             0x20000398   Data           4  tasks.o(.data)
    SystemCoreClock                          0x200003f8   Data           4  system_stm32f0xx.o(.data)
    GPSFixData                               0x20000400   Data         114  main.o(.bss)
    coordSaveZone                            0x20000478   Data         160  main.o(.bss)
    coordRoute                               0x20000518   Data         160  main.o(.bss)
    print_buffer                             0x200005b8   Data         255  main.o(.bss)
    GPS_DATA                                 0x200006b7   Data         255  main.o(.bss)
    GSM_DATA                                 0x200007b6   Data         100  main.o(.bss)
    RECEIVE_SERVER_BUF                       0x2000081a   Data         500  main.o(.bss)
    parsed_buffer                            0x20000a0e   Data         255  main.o(.bss)
    zzzbuffer                                0x20000b0d   Data          20  main.o(.bss)
    Calling_number                           0x20000b21   Data          12  main.o(.bss)
    RxMessage                                0x20000b30   Data          20  main.o(.bss)
    DMA_InitStructure                        0x20000b44   Data          44  main.o(.bss)
    USART_InitStructure                      0x20000b70   Data          24  main.o(.bss)
    TIM_InitStructure                        0x20000b88   Data          12  main.o(.bss)
    MyCoords                                 0x20000b94   Data          13  main.o(.bss)
    global_buf                               0x20000ba1   Data         273  main.o(.bss)
    __libspace_start                         0x200036a8   Data          96  libspace.o(.bss)
    __temporary_stack_top$libspace           0x20003708   Data           0  libspace.o(.bss)



==============================================================================

Memory Map of the image

  Image Entry point : 0x080010c1

  Load Region LR_IROM1 (Base: 0x08001000, Size: 0x0000aa9c, Max: 0x0000f000, ABSOLUTE, COMPRESSED[0x0000a7c0])

    Execution Region ER_IROM1 (Exec base: 0x08001000, Load base: 0x08001000, Size: 0x0000a768, Max: 0x0000f000, ABSOLUTE)

    Exec Addr    Load Addr    Size         Type   Attr      Idx    E Section Name        Object

    0x08001000   0x08001000   0x000000c0   Data   RO         4118    RESET               startup_stm32f072xb.o
    0x080010c0   0x080010c0   0x00000008   Code   RO         4218  * !!!main             c_p.l(__main.o)
    0x080010c8   0x080010c8   0x0000003c   Code   RO         4570    !!!scatter          c_p.l(__scatter.o)
    0x08001104   0x08001104   0x0000001c   Code   RO         4572    !!handler_zi        c_p.l(__scatter_zi.o)
    0x08001120   0x08001120   0x00000002   Code   RO         4197    .ARM.Collect$$_printf_percent$$00000000  c_p.l(_printf_percent.o)
    0x08001122   0x08001122   0x0000000a   Code   RO         4196    .ARM.Collect$$_printf_percent$$0000000A  c_p.l(_printf_u.o)
    0x0800112c   0x0800112c   0x0000000a   Code   RO         4195    .ARM.Collect$$_printf_percent$$00000014  c_p.l(_printf_s.o)
    0x08001136   0x08001136   0x00000004   Code   RO         4324    .ARM.Collect$$_printf_percent$$00000017  c_p.l(_printf_percent_end.o)
    0x0800113a   0x0800113a   0x00000002   Code   RO         4438    .ARM.Collect$$libinit$$00000000  c_p.l(libinit.o)
    0x0800113c   0x0800113c   0x00000000   Code   RO         4451    .ARM.Collect$$libinit$$00000002  c_p.l(libinit2.o)
    0x0800113c   0x0800113c   0x00000000   Code   RO         4453    .ARM.Collect$$libinit$$00000004  c_p.l(libinit2.o)
    0x0800113c   0x0800113c   0x00000000   Code   RO         4456    .ARM.Collect$$libinit$$0000000A  c_p.l(libinit2.o)
    0x0800113c   0x0800113c   0x00000000   Code   RO         4458    .ARM.Collect$$libinit$$0000000C  c_p.l(libinit2.o)
    0x0800113c   0x0800113c   0x00000000   Code   RO         4460    .ARM.Collect$$libinit$$0000000E  c_p.l(libinit2.o)
    0x0800113c   0x0800113c   0x00000000   Code   RO         4463    .ARM.Collect$$libinit$$00000011  c_p.l(libinit2.o)
    0x0800113c   0x0800113c   0x00000000   Code   RO         4465    .ARM.Collect$$libinit$$00000013  c_p.l(libinit2.o)
    0x0800113c   0x0800113c   0x00000000   Code   RO         4467    .ARM.Collect$$libinit$$00000015  c_p.l(libinit2.o)
    0x0800113c   0x0800113c   0x00000000   Code   RO         4469    .ARM.Collect$$libinit$$00000017  c_p.l(libinit2.o)
    0x0800113c   0x0800113c   0x00000000   Code   RO         4471    .ARM.Collect$$libinit$$00000019  c_p.l(libinit2.o)
    0x0800113c   0x0800113c   0x00000000   Code   RO         4473    .ARM.Collect$$libinit$$0000001B  c_p.l(libinit2.o)
    0x0800113c   0x0800113c   0x00000000   Code   RO         4475    .ARM.Collect$$libinit$$0000001D  c_p.l(libinit2.o)
    0x0800113c   0x0800113c   0x00000000   Code   RO         4477    .ARM.Collect$$libinit$$0000001F  c_p.l(libinit2.o)
    0x0800113c   0x0800113c   0x00000000   Code   RO         4479    .ARM.Collect$$libinit$$00000021  c_p.l(libinit2.o)
    0x0800113c   0x0800113c   0x00000000   Code   RO         4481    .ARM.Collect$$libinit$$00000023  c_p.l(libinit2.o)
    0x0800113c   0x0800113c   0x00000000   Code   RO         4483    .ARM.Collect$$libinit$$00000025  c_p.l(libinit2.o)
    0x0800113c   0x0800113c   0x00000000   Code   RO         4487    .ARM.Collect$$libinit$$0000002C  c_p.l(libinit2.o)
    0x0800113c   0x0800113c   0x00000000   Code   RO         4489    .ARM.Collect$$libinit$$0000002E  c_p.l(libinit2.o)
    0x0800113c   0x0800113c   0x00000000   Code   RO         4491    .ARM.Collect$$libinit$$00000030  c_p.l(libinit2.o)
    0x0800113c   0x0800113c   0x00000000   Code   RO         4493    .ARM.Collect$$libinit$$00000032  c_p.l(libinit2.o)
    0x0800113c   0x0800113c   0x00000002   Code   RO         4494    .ARM.Collect$$libinit$$00000033  c_p.l(libinit2.o)
    0x0800113e   0x0800113e   0x00000002   Code   RO         4525    .ARM.Collect$$libshutdown$$00000000  c_p.l(libshutdown.o)
    0x08001140   0x08001140   0x00000000   Code   RO         4551    .ARM.Collect$$libshutdown$$00000002  c_p.l(libshutdown2.o)
    0x08001140   0x08001140   0x00000000   Code   RO         4553    .ARM.Collect$$libshutdown$$00000004  c_p.l(libshutdown2.o)
    0x08001140   0x08001140   0x00000000   Code   RO         4556    .ARM.Collect$$libshutdown$$00000007  c_p.l(libshutdown2.o)
    0x08001140   0x08001140   0x00000000   Code   RO         4559    .ARM.Collect$$libshutdown$$0000000A  c_p.l(libshutdown2.o)
    0x08001140   0x08001140   0x00000000   Code   RO         4561    .ARM.Collect$$libshutdown$$0000000C  c_p.l(libshutdown2.o)
    0x08001140   0x08001140   0x00000000   Code   RO         4564    .ARM.Collect$$libshutdown$$0000000F  c_p.l(libshutdown2.o)
    0x08001140   0x08001140   0x00000002   Code   RO         4565    .ARM.Collect$$libshutdown$$00000010  c_p.l(libshutdown2.o)
    0x08001142   0x08001142   0x00000000   Code   RO         4309    .ARM.Collect$$rtentry$$00000000  c_p.l(__rtentry.o)
    0x08001142   0x08001142   0x00000000   Code   RO         4390    .ARM.Collect$$rtentry$$00000002  c_p.l(__rtentry2.o)
    0x08001142   0x08001142   0x00000006   Code   RO         4402    .ARM.Collect$$rtentry$$00000004  c_p.l(__rtentry4.o)
    0x08001148   0x08001148   0x00000000   Code   RO         4392    .ARM.Collect$$rtentry$$00000009  c_p.l(__rtentry2.o)
    0x08001148   0x08001148   0x00000004   Code   RO         4393    .ARM.Collect$$rtentry$$0000000A  c_p.l(__rtentry2.o)
    0x0800114c   0x0800114c   0x00000000   Code   RO         4395    .ARM.Collect$$rtentry$$0000000C  c_p.l(__rtentry2.o)
    0x0800114c   0x0800114c   0x00000008   Code   RO         4396    .ARM.Collect$$rtentry$$0000000D  c_p.l(__rtentry2.o)
    0x08001154   0x08001154   0x00000002   Code   RO         4442    .ARM.Collect$$rtexit$$00000000  c_p.l(rtexit.o)
    0x08001156   0x08001156   0x00000000   Code   RO         4498    .ARM.Collect$$rtexit$$00000002  c_p.l(rtexit2.o)
    0x08001156   0x08001156   0x00000004   Code   RO         4499    .ARM.Collect$$rtexit$$00000003  c_p.l(rtexit2.o)
    0x0800115a   0x0800115a   0x00000006   Code   RO         4500    .ARM.Collect$$rtexit$$00000004  c_p.l(rtexit2.o)
    0x08001160   0x08001160   0x00000078   Code   RO         3996    .emb_text           port.o
    0x080011d8   0x080011d8   0x00000038   Code   RO         4204    .emb_text           c_p.l(rt_memcpy.o)
    0x08001210   0x08001210   0x00000038   Code   RO         4119    .text               startup_stm32f072xb.o
    0x08001248   0x08001248   0x00000020   Code   RO         4158    .text               c_p.l(llshl.o)
    0x08001268   0x08001268   0x00000022   Code   RO         4160    .text               c_p.l(llushr.o)
    0x0800128a   0x0800128a   0x00000030   Code   RO         4162    .text               c_p.l(llmul.o)
    0x080012ba   0x080012ba   0x00000002   PAD
    0x080012bc   0x080012bc   0x00000028   Code   RO         4166    .text               c_p.l(noretval__2sprintf.o)
    0x080012e4   0x080012e4   0x0000006c   Code   RO         4168    .text               c_p.l(__printf.o)
    0x08001350   0x08001350   0x00000052   Code   RO         4170    .text               c_p.l(_printf_str.o)
    0x080013a2   0x080013a2   0x00000002   PAD
    0x080013a4   0x080013a4   0x0000006c   Code   RO         4172    .text               c_p.l(_printf_dec.o)
    0x08001410   0x08001410   0x00000028   Code   RO         4198    .text               c_p.l(strstr.o)
    0x08001438   0x08001438   0x00000044   Code   RO         4202    .text               c_p.l(strlen.o)
    0x0800147c   0x0800147c   0x00000082   Code   RO         4205    .text               c_p.l(rt_memcpy.o)
    0x080014fe   0x080014fe   0x00000012   Code   RO         4208    .text               c_p.l(aeabi_memset.o)
    0x08001510   0x08001510   0x00000040   Code   RO         4210    .text               c_p.l(rt_memclr.o)
    0x08001550   0x08001550   0x0000015a   Code   RO         4212    .text               c_p.l(aeabi_sdiv.o)
    0x080016aa   0x080016aa   0x00000006   Code   RO         4216    .text               c_p.l(heapauxi.o)
    0x080016b0   0x080016b0   0x0000007c   Code   RO         4220    .text               fz_ps.l(d2f.o)
    0x0800172c   0x0800172c   0x00000358   Code   RO         4222    .text               fz_ps.l(daddsub.o)
    0x08001a84   0x08001a84   0x00000448   Code   RO         4224    .text               fz_ps.l(ddiv.o)
    0x08001ecc   0x08001ecc   0x0000006c   Code   RO         4229    .text               fz_ps.l(dfixul.o)
    0x08001f38   0x08001f38   0x00000058   Code   RO         4231    .text               fz_ps.l(dflti.o)
    0x08001f90   0x08001f90   0x00000084   Code   RO         4233    .text               fz_ps.l(dfltl.o)
    0x08002014   0x08002014   0x00000248   Code   RO         4237    .text               fz_ps.l(dmul.o)
    0x0800225c   0x0800225c   0x00000054   Code   RO         4241    .text               fz_ps.l(f2d.o)
    0x080022b0   0x080022b0   0x00000030   Code   RO         4249    .text               fz_ps.l(ffixui.o)
    0x080022e0   0x080022e0   0x00000016   Code   RO         4314    .text               c_p.l(_rserrno.o)
    0x080022f6   0x080022f6   0x000000b0   Code   RO         4316    .text               c_p.l(_printf_intcommon.o)
    0x080023a6   0x080023a6   0x00000002   PAD
    0x080023a8   0x080023a8   0x00000030   Code   RO         4318    .text               c_p.l(_printf_char_common.o)
    0x080023d8   0x080023d8   0x0000000a   Code   RO         4320    .text               c_p.l(_sputc.o)
    0x080023e2   0x080023e2   0x0000002e   Code   RO         4322    .text               c_p.l(_printf_char.o)
    0x08002410   0x08002410   0x00000028   Code   RO         4325    .text               c_p.l(rtudiv10.o)
    0x08002438   0x08002438   0x00000090   Code   RO         4327    .text               fz_ps.l(dcmpin.o)
    0x080024c8   0x080024c8   0x00000060   Code   RO         4329    .text               fz_ps.l(dscalbn.o)
    0x08002528   0x08002528   0x00000100   Code   RO         4331    .text               fz_ps.l(dsqrt.o)
    0x08002628   0x08002628   0x00000064   Code   RO         4333    .text               fz_ps.l(fcmpin.o)
    0x0800268c   0x0800268c   0x00000080   Code   RO         4335    .text               fz_ps.l(frnd.o)
    0x0800270c   0x0800270c   0x00000008   Code   RO         4409    .text               c_p.l(rt_errno_addr_intlibspace.o)
    0x08002714   0x08002714   0x0000002e   Code   RO         4413    .text               fz_ps.l(cmpret.o)
    0x08002742   0x08002742   0x00000002   PAD
    0x08002744   0x08002744   0x0000006c   Code   RO         4415    .text               fz_ps.l(dfixi.o)
    0x080027b0   0x080027b0   0x00000014   Code   RO         4417    .text               fz_ps.l(dnan2.o)
    0x080027c4   0x080027c4   0x00000010   Code   RO         4419    .text               fz_ps.l(fnan2.o)
    0x080027d4   0x080027d4   0x00000008   Code   RO         4421    .text               c_p.l(libspace.o)
    0x080027dc   0x080027dc   0x0000003e   Code   RO         4424    .text               c_p.l(sys_stackheap_outer.o)
    0x0800281a   0x0800281a   0x00000010   Code   RO         4427    .text               c_p.l(exit.o)
    0x0800282a   0x0800282a   0x0000005e   Code   RO         4439    .text               fz_ps.l(retnan.o)
    0x08002888   0x08002888   0x0000000c   Code   RO         4495    .text               c_p.l(sys_exit.o)
    0x08002894   0x08002894   0x00000002   Code   RO         4514    .text               c_p.l(use_no_semi.o)
    0x08002896   0x08002896   0x00000000   Code   RO         4516    .text               c_p.l(indicate_semi.o)
    0x08002896   0x08002896   0x00000056   Code   RO         4568    .text               c_p.l(__dczerorl2.o)
    0x080028ec   0x080028ec   0x0000032c   Code   RO            3    i.Azimuth_Calculating  main.o
    0x08002c18   0x08002c18   0x000000a0   Code   RO          491    i.Bring_Up_GPRS     sim800.o
    0x08002cb8   0x08002cb8   0x00000018   Code   RO          929    i.CAN_DeInit        stm32f0xx_can.o
    0x08002cd0   0x08002cd0   0x000000fc   Code   RO          931    i.CAN_FilterInit    stm32f0xx_can.o
    0x08002dcc   0x08002dcc   0x00000138   Code   RO          933    i.CAN_GetITStatus   stm32f0xx_can.o
    0x08002f04   0x08002f04   0x00000014   Code   RO          937    i.CAN_ITConfig      stm32f0xx_can.o
    0x08002f18   0x08002f18   0x0000011c   Code   RO          938    i.CAN_Init          stm32f0xx_can.o
    0x08003034   0x08003034   0x00000106   Code   RO          941    i.CAN_Receive       stm32f0xx_can.o
    0x0800313a   0x0800313a   0x00000002   PAD
    0x0800313c   0x0800313c   0x0000006c   Code   RO            4    i.CAN_Send          main.o
    0x080031a8   0x080031a8   0x00000020   Code   RO          944    i.CAN_StructInit    stm32f0xx_can.o
    0x080031c8   0x080031c8   0x00000134   Code   RO          946    i.CAN_Transmit      stm32f0xx_can.o
    0x080032fc   0x080032fc   0x000005f8   Code   RO            5    i.CEC_CAN_IRQHandler  main.o
    0x080038f4   0x080038f4   0x00000108   Code   RO          492    i.CIPSEND           sim800.o
    0x080039fc   0x080039fc   0x0000026c   Code   RO          493    i.CONNECT_TO_NTRIP  sim800.o
    0x08003c68   0x08003c68   0x00000150   Code   RO          494    i.CONNECT_TO_SERVER  sim800.o
    0x08003db8   0x08003db8   0x00000014   Code   RO          949    i.CheckITStatus     stm32f0xx_can.o
    0x08003dcc   0x08003dcc   0x00000024   Code   RO            6    i.Error_Handler     main.o
    0x08003df0   0x08003df0   0x00000026   Code   RO            7    i.GET_CONFIRM_MSG   main.o
    0x08003e16   0x08003e16   0x00000002   PAD
    0x08003e18   0x08003e18   0x00000110   Code   RO            8    i.GET_DATA_PARCEL   main.o
    0x08003f28   0x08003f28   0x00000090   Code   RO         1184    i.GPIO_Init         stm32f0xx_gpio.o
    0x08003fb8   0x08003fb8   0x00000044   Code   RO         1185    i.GPIO_PinAFConfig  stm32f0xx_gpio.o
    0x08003ffc   0x08003ffc   0x00000004   Code   RO         1191    i.GPIO_ResetBits    stm32f0xx_gpio.o
    0x08004000   0x08004000   0x00000004   Code   RO         1192    i.GPIO_SetBits      stm32f0xx_gpio.o
    0x08004004   0x08004004   0x00000148   Code   RO          496    i.GPRS_Connection_ON  sim800.o
    0x0800414c   0x0800414c   0x00000024   Code   RO          497    i.GSM_Off           sim800.o
    0x08004170   0x08004170   0x00000024   Code   RO          498    i.GSM_On            sim800.o
    0x08004194   0x08004194   0x0000001c   Code   RO          499    i.GSM_Restart       sim800.o
    0x080041b0   0x080041b0   0x00000164   Code   RO          500    i.GSM_conf          sim800.o
    0x08004314   0x08004314   0x00000054   Code   RO          501    i.Get_Ip_adress     sim800.o
    0x08004368   0x08004368   0x00000088   Code   RO          502    i.Get_MNC_code      sim800.o
    0x080043f0   0x080043f0   0x00000010   Code   RO         2934    i.IWDG_ReloadCounter  stm32f0xx_iwdg.o
    0x08004400   0x08004400   0x000000c0   Code   RO           10    i.Init_CAN          main.o
    0x080044c0   0x080044c0   0x00000028   Code   RO           11    i.Init_GPS          main.o
    0x080044e8   0x080044e8   0x0000002c   Code   RO          503    i.Init_GSM          sim800.o
    0x08004514   0x08004514   0x00000070   Code   RO           12    i.Init_RCC          main.o
    0x08004584   0x08004584   0x000000b0   Code   RO          504    i.Init_USART_1      sim800.o
    0x08004634   0x08004634   0x00000054   Code   RO          505    i.Init_USART_1_high_speed  sim800.o
    0x08004688   0x08004688   0x000000b0   Code   RO           14    i.Init_USART_2      main.o
    0x08004738   0x08004738   0x00000070   Code   RO         2694    i.NVIC_Init         stm32f0xx_misc.o
    0x080047a8   0x080047a8   0x00000044   Code   RO           15    i.Parce_To_CAN_Command  main.o
    0x080047ec   0x080047ec   0x0000031c   Code   RO           16    i.Parse_Nmea_Messages  main.o
    0x08004b08   0x08004b08   0x00000002   Code   RO           17    i.Parse_To_Error    main.o
    0x08004b0a   0x08004b0a   0x00000002   PAD
    0x08004b0c   0x08004b0c   0x000001e0   Code   RO           18    i.Parse_To_GPS_Points  main.o
    0x08004cec   0x08004cec   0x0000003c   Code   RO           19    i.Parse_To_Mode     main.o
    0x08004d28   0x08004d28   0x00000270   Code   RO           20    i.Parse_To_RC_Command  main.o
    0x08004f98   0x08004f98   0x00000030   Code   RO           21    i.Parse_To_Total_Num_Coords  main.o
    0x08004fc8   0x08004fc8   0x0000003c   Code   RO          506    i.Query_Signal_Quality  sim800.o
    0x08005004   0x08005004   0x00000020   Code   RO         1548    i.RCC_AHBPeriphClockCmd  stm32f0xx_rcc.o
    0x08005024   0x08005024   0x00000020   Code   RO         1550    i.RCC_APB1PeriphClockCmd  stm32f0xx_rcc.o
    0x08005044   0x08005044   0x00000020   Code   RO         1551    i.RCC_APB1PeriphResetCmd  stm32f0xx_rcc.o
    0x08005064   0x08005064   0x00000020   Code   RO         1552    i.RCC_APB2PeriphClockCmd  stm32f0xx_rcc.o
    0x08005084   0x08005084   0x00000078   Code   RO         1561    i.RCC_DeInit        stm32f0xx_rcc.o
    0x080050fc   0x080050fc   0x00000248   Code   RO         1562    i.RCC_GetClocksFreq  stm32f0xx_rcc.o
    0x08005344   0x08005344   0x00000048   Code   RO         1563    i.RCC_GetFlagStatus  stm32f0xx_rcc.o
    0x0800538c   0x0800538c   0x00000020   Code   RO         1566    i.RCC_HCLKConfig    stm32f0xx_rcc.o
    0x080053ac   0x080053ac   0x00000010   Code   RO         1567    i.RCC_HSEConfig     stm32f0xx_rcc.o
    0x080053bc   0x080053bc   0x00000024   Code   RO         1578    i.RCC_PCLKConfig    stm32f0xx_rcc.o
    0x080053e0   0x080053e0   0x00000028   Code   RO         1579    i.RCC_PLLCmd        stm32f0xx_rcc.o
    0x08005408   0x08005408   0x00000024   Code   RO         1580    i.RCC_PLLConfig     stm32f0xx_rcc.o
    0x0800542c   0x0800542c   0x0000001c   Code   RO         1581    i.RCC_PREDIV1Config  stm32f0xx_rcc.o
    0x08005448   0x08005448   0x0000001c   Code   RO         1584    i.RCC_SYSCLKConfig  stm32f0xx_rcc.o
    0x08005464   0x08005464   0x0000003c   Code   RO         1587    i.RCC_WaitForHSEStartUp  stm32f0xx_rcc.o
    0x080054a0   0x080054a0   0x0000015c   Code   RO           22    i.SENDING_COORDS    main.o
    0x080055fc   0x080055fc   0x000000a4   Code   RO           23    i.STOP_MOVING       main.o
    0x080056a0   0x080056a0   0x00000002   Code   RO         3997    i.SVC_Handler       port.o
    0x080056a2   0x080056a2   0x00000002   PAD
    0x080056a4   0x080056a4   0x00000168   Code   RO           24    i.StartDefaultTask  main.o
    0x0800580c   0x0800580c   0x000000a0   Code   RO           25    i.StartGpsTask      main.o
    0x080058ac   0x080058ac   0x000000bc   Code   RO           26    i.StartGsmTask      main.o
    0x08005968   0x08005968   0x000000b8   Code   RO           27    i.StartLedTask      main.o
    0x08005a20   0x08005a20   0x00000cd8   Code   RO          508    i.StartUsartTask    sim800.o
    0x080066f8   0x080066f8   0x00000168   Code   RO           28    i.StartmyControlTask  main.o
    0x08006860   0x08006860   0x000000a0   Code   RO           29    i.StartmyMobileApplicationTask  main.o
    0x08006900   0x08006900   0x000002b0   Code   RO           30    i.StartmySendingServerDataTask  main.o
    0x08006bb0   0x08006bb0   0x000001d0   Code   RO           31    i.StartmySysTickTask  main.o
    0x08006d80   0x08006d80   0x00000024   Code   RO         3998    i.SysTick_Handler   port.o
    0x08006da4   0x08006da4   0x000000d0   Code   RO         4125    i.SystemCoreClockUpdate  system_stm32f0xx.o
    0x08006e74   0x08006e74   0x00000078   Code   RO         4126    i.SystemInit        system_stm32f0xx.o
    0x08006eec   0x08006eec   0x0000002c   Code   RO           32    i.TIM3_IRQHandler   main.o
    0x08006f18   0x08006f18   0x00000006   Code   RO         1823    i.TIM_ClearITPendingBit  stm32f0xx_tim.o
    0x08006f1e   0x08006f1e   0x00000026   Code   RO         1849    i.TIM_GetITStatus   stm32f0xx_tim.o
    0x08006f44   0x08006f44   0x0000004c   Code   RO          509    i.USART1_IRQHandler  sim800.o
    0x08006f90   0x08006f90   0x00000050   Code   RO           34    i.USART2_IRQHandler  main.o
    0x08006fe0   0x08006fe0   0x00000018   Code   RO         2390    i.USART_Cmd         stm32f0xx_usart.o
    0x08006ff8   0x08006ff8   0x00000014   Code   RO         2398    i.USART_GetFlagStatus  stm32f0xx_usart.o
    0x0800700c   0x0800700c   0x00000042   Code   RO         2401    i.USART_ITConfig    stm32f0xx_usart.o
    0x0800704e   0x0800704e   0x00000002   PAD
    0x08007050   0x08007050   0x000000f8   Code   RO         2402    i.USART_Init        stm32f0xx_usart.o
    0x08007148   0x08007148   0x00000012   Code   RO         2413    i.USART_OverrunDetectionConfig  stm32f0xx_usart.o
    0x0800715a   0x0800715a   0x0000000a   Code   RO         2414    i.USART_ReceiveData  stm32f0xx_usart.o
    0x08007164   0x08007164   0x00000008   Code   RO         2419    i.USART_SendData    stm32f0xx_usart.o
    0x0800716c   0x0800716c   0x000000ac   Code   RO          510    i.Write_GSM_Command  sim800.o
    0x08007218   0x08007218   0x00000032   Code   RO         4375    i.__ARM_common_ll_muluu  m_ps.l(rred.o)
    0x0800724a   0x0800724a   0x0000001c   Code   RO          265    i.__ARM_common_switch8  main.o
    0x08007266   0x08007266   0x00000002   PAD
    0x08007268   0x08007268   0x0000002c   Code   RO         4365    i.__ARM_fpclassify  m_ps.l(fpclassify.o)
    0x08007294   0x08007294   0x0000039c   Code   RO         4370    i.__ieee754_rem_pio2  m_ps.l(rred.o)
    0x08007630   0x08007630   0x000000f4   Code   RO         4348    i.__kernel_cos      m_ps.l(cos_i.o)
    0x08007724   0x08007724   0x000000ac   Code   RO         4367    i.__kernel_poly     m_ps.l(poly.o)
    0x080077d0   0x080077d0   0x000000ec   Code   RO         4377    i.__kernel_sin      m_ps.l(sin_i.o)
    0x080078bc   0x080078bc   0x00000270   Code   RO         4383    i.__kernel_tan      m_ps.l(tan_i.o)
    0x08007b2c   0x08007b2c   0x00000014   Code   RO         4351    i.__mathlib_dbl_divzero  m_ps.l(dunder.o)
    0x08007b40   0x08007b40   0x0000000a   Code   RO         4352    i.__mathlib_dbl_infnan  m_ps.l(dunder.o)
    0x08007b4a   0x08007b4a   0x00000008   Code   RO         4353    i.__mathlib_dbl_infnan2  m_ps.l(dunder.o)
    0x08007b52   0x08007b52   0x00000010   Code   RO         4354    i.__mathlib_dbl_invalid  m_ps.l(dunder.o)
    0x08007b62   0x08007b62   0x00000002   PAD
    0x08007b64   0x08007b64   0x00000014   Code   RO         4355    i.__mathlib_dbl_overflow  m_ps.l(dunder.o)
    0x08007b78   0x08007b78   0x00000014   Code   RO         4357    i.__mathlib_dbl_underflow  m_ps.l(dunder.o)
    0x08007b8c   0x08007b8c   0x0000021c   Code   RO         4339    i.atan              m_ps.l(atan.o)
    0x08007da8   0x08007da8   0x00000178   Code   RO         4256    i.atan2             m_ps.l(atan2.o)
    0x08007f20   0x08007f20   0x000000a4   Code   RO          435    i.base64_encode     base64.o
    0x08007fc4   0x08007fc4   0x00000038   Code   RO           35    i.blink             main.o
    0x08007ffc   0x08007ffc   0x000000d8   Code   RO           36    i.char_to_int       main.o
    0x080080d4   0x080080d4   0x00000016   Code   RO           37    i.clear_RXBuffer    main.o
    0x080080ea   0x080080ea   0x00000040   Code   RO           38    i.crc8              main.o
    0x0800812a   0x0800812a   0x00000002   PAD
    0x0800812c   0x0800812c   0x000001ec   Code   RO           39    i.getting_data      main.o
    0x08008318   0x08008318   0x000000a2   Code   RO           40    i.gsm_at_parse      main.o
    0x080083ba   0x080083ba   0x00000002   PAD
    0x080083bc   0x080083bc   0x00000354   Code   RO         4264    i.log               m_ps.l(log.o)
    0x08008710   0x08008710   0x00000140   Code   RO           41    i.main              main.o
    0x08008850   0x08008850   0x0000000e   Code   RO         3641    i.makeFreeRtosPriority  cmsis_os.o
    0x0800885e   0x0800885e   0x0000001a   Code   RO         3643    i.osDelay           cmsis_os.o
    0x08008878   0x08008878   0x0000000a   Code   RO         3646    i.osKernelStart     cmsis_os.o
    0x08008882   0x08008882   0x00000012   Code   RO         3655    i.osMessageCreate   cmsis_os.o
    0x08008894   0x08008894   0x00000030   Code   RO         3680    i.osThreadCreate    cmsis_os.o
    0x080088c4   0x080088c4   0x000009fc   Code   RO         4274    i.pow               m_ps.l(pow.o)
    0x080092c0   0x080092c0   0x0000007c   Code   RO         3286    i.prvAddCurrentTaskToDelayedList  tasks.o
    0x0800933c   0x0800933c   0x000000ac   Code   RO         3287    i.prvAddNewTaskToReadyList  tasks.o
    0x080093e8   0x080093e8   0x00000068   Code   RO         3288    i.prvCheckTasksWaitingTermination  tasks.o
    0x08009450   0x08009450   0x0000002c   Code   RO         3112    i.prvCopyDataFromQueue  queue.o
    0x0800947c   0x0800947c   0x00000080   Code   RO         3113    i.prvCopyDataToQueue  queue.o
    0x080094fc   0x080094fc   0x00000012   Code   RO         3289    i.prvDeleteTCB      tasks.o
    0x0800950e   0x0800950e   0x00000002   PAD
    0x08009510   0x08009510   0x00000080   Code   RO         4067    i.prvHeapInit       heap_4.o
    0x08009590   0x08009590   0x00000018   Code   RO         3290    i.prvIdleTask       tasks.o
    0x080095a8   0x080095a8   0x0000002c   Code   RO         3115    i.prvInitialiseNewQueue  queue.o
    0x080095d4   0x080095d4   0x000000b2   Code   RO         3291    i.prvInitialiseNewTask  tasks.o
    0x08009686   0x08009686   0x00000002   PAD
    0x08009688   0x08009688   0x00000064   Code   RO         3292    i.prvInitialiseTaskLists  tasks.o
    0x080096ec   0x080096ec   0x00000068   Code   RO         4068    i.prvInsertBlockIntoFreeList  heap_4.o
    0x08009754   0x08009754   0x0000001c   Code   RO         3116    i.prvIsQueueEmpty   queue.o
    0x08009770   0x08009770   0x0000001e   Code   RO         3117    i.prvIsQueueFull    queue.o
    0x0800978e   0x0800978e   0x00000002   PAD
    0x08009790   0x08009790   0x00000038   Code   RO         3294    i.prvResetNextTaskUnblockTime  tasks.o
    0x080097c8   0x080097c8   0x00000024   Code   RO         3999    i.prvTaskExitError  port.o
    0x080097ec   0x080097ec   0x0000008e   Code   RO         3118    i.prvUnlockQueue    queue.o
    0x0800987a   0x0800987a   0x00000002   PAD
    0x0800987c   0x0800987c   0x0000011c   Code   RO         4069    i.pvPortMalloc      heap_4.o
    0x08009998   0x08009998   0x00000020   Code   RO         3298    i.pvTaskIncrementMutexHeldCount  tasks.o
    0x080099b8   0x080099b8   0x00000020   Code   RO         4000    i.pxPortInitialiseStack  port.o
    0x080099d8   0x080099d8   0x00000074   Code   RO         4307    i.roundf            m_ps.l(roundf.o)
    0x08009a4c   0x08009a4c   0x0000008c   Code   RO           42    i.run_RC_drive      main.o
    0x08009ad8   0x08009ad8   0x000004ec   Code   RO           43    i.run_gps_drive     main.o
    0x08009fc4   0x08009fc4   0x0000001e   Code   RO          511    i.send_Uart         sim800.o
    0x08009fe2   0x08009fe2   0x00000022   Code   RO          512    i.send_Uart_AT      sim800.o
    0x0800a004   0x0800a004   0x00000026   Code   RO          513    i.send_Uart_SERV    sim800.o
    0x0800a02a   0x0800a02a   0x00000002   PAD
    0x0800a02c   0x0800a02c   0x0000009c   Code   RO         4284    i.sin               m_ps.l(sin.o)
    0x0800a0c8   0x0800a0c8   0x00000048   Code   RO         4292    i.sqrt              m_ps.l(sqrt.o)
    0x0800a110   0x0800a110   0x00000060   Code   RO         4300    i.tan               m_ps.l(tan.o)
    0x0800a170   0x0800a170   0x00000028   Code   RO         3075    i.uxListRemove      list.o
    0x0800a198   0x0800a198   0x0000001c   Code   RO         3121    i.uxQueueMessagesWaiting  queue.o
    0x0800a1b4   0x0800a1b4   0x0000001a   Code   RO         3076    i.vListInitialise   list.o
    0x0800a1ce   0x0800a1ce   0x00000006   Code   RO         3077    i.vListInitialiseItem  list.o
    0x0800a1d4   0x0800a1d4   0x00000036   Code   RO         3078    i.vListInsert       list.o
    0x0800a20a   0x0800a20a   0x00000018   Code   RO         3079    i.vListInsertEnd    list.o
    0x0800a222   0x0800a222   0x00000002   PAD
    0x0800a224   0x0800a224   0x0000001c   Code   RO         4002    i.vPortEnterCritical  port.o
    0x0800a240   0x0800a240   0x00000028   Code   RO         4003    i.vPortExitCritical  port.o
    0x0800a268   0x0800a268   0x00000080   Code   RO         4070    i.vPortFree         heap_4.o
    0x0800a2e8   0x0800a2e8   0x00000024   Code   RO         4004    i.vPortSetupTimerInterrupt  port.o
    0x0800a30c   0x0800a30c   0x00000018   Code   RO         4005    i.vPortYield        port.o
    0x0800a324   0x0800a324   0x00000044   Code   RO         3306    i.vTaskDelay        tasks.o
    0x0800a368   0x0800a368   0x0000000c   Code   RO         3312    i.vTaskMissedYield  tasks.o
    0x0800a374   0x0800a374   0x0000002c   Code   RO         3314    i.vTaskPlaceOnEventList  tasks.o
    0x0800a3a0   0x0800a3a0   0x0000008c   Code   RO         3316    i.vTaskPriorityInherit  tasks.o
    0x0800a42c   0x0800a42c   0x00000020   Code   RO         3320    i.vTaskSetTimeOutState  tasks.o
    0x0800a44c   0x0800a44c   0x00000074   Code   RO         3321    i.vTaskStartScheduler  tasks.o
    0x0800a4c0   0x0800a4c0   0x00000010   Code   RO         3323    i.vTaskSuspendAll   tasks.o
    0x0800a4d0   0x0800a4d0   0x000000c0   Code   RO         3324    i.vTaskSwitchContext  tasks.o
    0x0800a590   0x0800a590   0x0000000c   Code   RO         4072    i.xPortGetFreeHeapSize  heap_4.o
    0x0800a59c   0x0800a59c   0x00000038   Code   RO         4006    i.xPortStartScheduler  port.o
    0x0800a5d4   0x0800a5d4   0x00000050   Code   RO         3129    i.xQueueGenericCreate  queue.o
    0x0800a624   0x0800a624   0x0000018c   Code   RO         3130    i.xQueueGenericReceive  queue.o
    0x0800a7b0   0x0800a7b0   0x00000082   Code   RO         3131    i.xQueueGenericReset  queue.o
    0x0800a832   0x0800a832   0x0000015a   Code   RO         3132    i.xQueueGenericSend  queue.o
    0x0800a98c   0x0800a98c   0x000000bc   Code   RO         3133    i.xQueueGenericSendFromISR  queue.o
    0x0800aa48   0x0800aa48   0x00000074   Code   RO         3325    i.xTaskCheckForTimeOut  tasks.o
    0x0800aabc   0x0800aabc   0x0000005c   Code   RO         3326    i.xTaskCreate       tasks.o
    0x0800ab18   0x0800ab18   0x00000024   Code   RO         3330    i.xTaskGetSchedulerState  tasks.o
    0x0800ab3c   0x0800ab3c   0x0000013c   Code   RO         3333    i.xTaskIncrementTick  tasks.o
    0x0800ac78   0x0800ac78   0x00000088   Code   RO         3336    i.xTaskPriorityDisinherit  tasks.o
    0x0800ad00   0x0800ad00   0x00000088   Code   RO         3337    i.xTaskRemoveFromEventList  tasks.o
    0x0800ad88   0x0800ad88   0x000000f0   Code   RO         3339    i.xTaskResumeAll    tasks.o
    0x0800ae78   0x0800ae78   0x00000064   Code   RO         4227    x$fpl$deqf          fz_ps.l(deqf.o)
    0x0800aedc   0x0800aedc   0x00000064   Code   RO         4235    x$fpl$dleqf         fz_ps.l(dlef.o)
    0x0800af40   0x0800af40   0x00000068   Code   RO         4239    x$fpl$drleqf        fz_ps.l(drlef.o)
    0x0800afa8   0x0800afa8   0x0000008c   Code   RO         4243    x$fpl$fadd          fz_ps.l(faddsub.o)
    0x0800b034   0x0800b034   0x00000054   Code   RO         4251    x$fpl$fleqf         fz_ps.l(flef.o)
    0x0800b088   0x0800b088   0x00000058   Code   RO         4253    x$fpl$frleqf        fz_ps.l(frlef.o)
    0x0800b0e0   0x0800b0e0   0x000000d0   Code   RO         4245    x$fpl$fsub          fz_ps.l(faddsub.o)
    0x0800b1b0   0x0800b1b0   0x00000000   Code   RO         4337    x$fpl$usenofp       fz_ps.l(usenofp.o)
    0x0800b1b0   0x0800b1b0   0x000000d0   Data   RO           45    .constdata          main.o
    0x0800b280   0x0800b280   0x00000040   Data   RO          436    .constdata          base64.o
    0x0800b2c0   0x0800b2c0   0x00000018   Data   RO         4127    .constdata          system_stm32f0xx.o
    0x0800b2d8   0x0800b2d8   0x00000080   Data   RO         4225    .constdata          fz_ps.l(ddiv.o)
    0x0800b358   0x0800b358   0x00000038   Data   RO         4265    .constdata          m_ps.l(log.o)
    0x0800b390   0x0800b390   0x00000088   Data   RO         4275    .constdata          m_ps.l(pow.o)
    0x0800b418   0x0800b418   0x00000098   Data   RO         4340    .constdata          m_ps.l(atan.o)
    0x0800b4b0   0x0800b4b0   0x00000030   Data   RO         4349    .constdata          m_ps.l(cos_i.o)
    0x0800b4e0   0x0800b4e0   0x00000008   Data   RO         4369    .constdata          m_ps.l(qnan.o)
    0x0800b4e8   0x0800b4e8   0x000000c8   Data   RO         4372    .constdata          m_ps.l(rred.o)
    0x0800b5b0   0x0800b5b0   0x00000028   Data   RO         4378    .constdata          m_ps.l(sin_i.o)
    0x0800b5d8   0x0800b5d8   0x00000060   Data   RO         4384    .constdata          m_ps.l(tan_i.o)
    0x0800b638   0x0800b638   0x00000082   Data   RO           46    .conststring        main.o
    0x0800b6ba   0x0800b6ba   0x00000002   PAD
    0x0800b6bc   0x0800b6bc   0x00000089   Data   RO          514    .conststring        sim800.o
    0x0800b745   0x0800b745   0x00000003   PAD
    0x0800b748   0x0800b748   0x00000020   Data   RO         4566    Region$$Table       anon$$obj.o


    Execution Region RW_IRAM1 (Exec base: 0x200000c8, Load base: 0x0800b768, Size: 0x00003c40, Max: 0x00003f38, ABSOLUTE, COMPRESSED[0x00000058])

    Exec Addr    Load Addr    Size         Type   Attr      Idx    E Section Name        Object

    0x200000c8   COMPRESSED   0x0000028c   Data   RW           47    .data               main.o
    0x20000354   COMPRESSED   0x00000033   Data   RW          515    .data               sim800.o
    0x20000387   COMPRESSED   0x00000010   Data   RW         1588    .data               stm32f0xx_rcc.o
    0x20000397   COMPRESSED   0x00000001   PAD
    0x20000398   COMPRESSED   0x00000044   Data   RW         3342    .data               tasks.o
    0x200003dc   COMPRESSED   0x00000004   Data   RW         4007    .data               port.o
    0x200003e0   COMPRESSED   0x00000018   Data   RW         4075    .data               heap_4.o
    0x200003f8   COMPRESSED   0x00000004   Data   RW         4128    .data               system_stm32f0xx.o
    0x200003fc   COMPRESSED   0x00000004   PAD
    0x20000400        -       0x000008b2   Zero   RW           44    .bss                main.o
    0x20000cb2   COMPRESSED   0x00000002   PAD
    0x20000cb4        -       0x000000f0   Zero   RW         3341    .bss                tasks.o
    0x20000da4        -       0x00002904   Zero   RW         4074    .bss                heap_4.o
    0x200036a8        -       0x00000060   Zero   RW         4422    .bss                c_p.l(libspace.o)
    0x20003708        -       0x00000200   Zero   RW         4117    HEAP                startup_stm32f072xb.o
    0x20003908        -       0x00000400   Zero   RW         4116    STACK               startup_stm32f072xb.o


==============================================================================

Image component sizes


      Code (inc. data)   RO Data    RW Data    ZI Data      Debug   Object Name

       164          6         64          0          0       1160   base64.o
       116          0          0          0          0       7453   cmsis_os.o
         0          0          0          0          0       1472   event_groups.o
       656         72          0         24      10500       4874   heap_4.o
       150          0          0          0          0       3254   list.o
     11352       1344        338        652       2226     291551   main.o
       410         58          0          4          0       7023   port.o
      1584          0          0          0          0      12034   queue.o
      6386       1140        137         51          0      21415   sim800.o
        56         26        192          0       1536        644   startup_stm32f072xb.o
         0          0          0          0          0      12968   stm32f0xx_adc.o
      1514         18          0          0          0      14940   stm32f0xx_can.o
       220          0          0          0          0       7223   stm32f0xx_gpio.o
        16          8          0          0          0        465   stm32f0xx_iwdg.o
       112          6          0          0          0       1892   stm32f0xx_misc.o
      1180        100          0         16          0      22638   stm32f0xx_rcc.o
        44          0          0          0          0      21778   stm32f0xx_tim.o
       394         22          0          0          0      14788   stm32f0xx_usart.o
       328         38         24          4          0       1819   system_stm32f0xx.o
      2500        352          0         68        240      20035   tasks.o

    ----------------------------------------------------------------------
     27210       3190        792        820      14508     469426   Object Totals
         0          0         32          0          0          0   (incl. Generated)
        28          0          5          1          6          0   (incl. Padding)

    ----------------------------------------------------------------------

      Code (inc. data)   RO Data    RW Data    ZI Data      Debug   Library Member Name

        86          0          0          0          0          0   __dczerorl2.o
         8          0          0          0          0         68   __main.o
       108          0          0          0          0         76   __printf.o
         0          0          0          0          0          0   __rtentry.o
        12          0          0          0          0          0   __rtentry2.o
         6          0          0          0          0          0   __rtentry4.o
        60          8          0          0          0          0   __scatter.o
        28          0          0          0          0          0   __scatter_zi.o
        46          0          0          0          0        100   _printf_char.o
        48          6          0          0          0         88   _printf_char_common.o
       108         18          0          0          0         76   _printf_dec.o
       176          0          0          0          0         84   _printf_intcommon.o
         2          0          0          0          0          0   _printf_percent.o
         4          0          0          0          0          0   _printf_percent_end.o
        10          0          0          0          0          0   _printf_s.o
        82          0          0          0          0         72   _printf_str.o
        10          0          0          0          0          0   _printf_u.o
        22          0          0          0          0         92   _rserrno.o
        10          0          0          0          0         60   _sputc.o
        18          0          0          0          0         68   aeabi_memset.o
       346          0          0          0          0         92   aeabi_sdiv.o
        16          0          0          0          0         68   exit.o
         6          0          0          0          0        136   heapauxi.o
         0          0          0          0          0          0   indicate_semi.o
         2          0          0          0          0          0   libinit.o
         2          0          0          0          0          0   libinit2.o
         2          0          0          0          0          0   libshutdown.o
         2          0          0          0          0          0   libshutdown2.o
         8          4          0          0         96         68   libspace.o
        48          0          0          0          0         72   llmul.o
        32          0          0          0          0         68   llshl.o
        34          0          0          0          0         68   llushr.o
        40          4          0          0          0         84   noretval__2sprintf.o
         8          4          0          0          0         68   rt_errno_addr_intlibspace.o
        64          0          0          0          0        108   rt_memclr.o
       186          0          0          0          0        144   rt_memcpy.o
         2          0          0          0          0          0   rtexit.o
        10          0          0          0          0          0   rtexit2.o
        40          0          0          0          0         60   rtudiv10.o
        68          6          0          0          0         72   strlen.o
        40          0          0          0          0         72   strstr.o
        12          4          0          0          0         60   sys_exit.o
        62          0          0          0          0         80   sys_stackheap_outer.o
         2          0          0          0          0         68   use_no_semi.o
        46          0          0          0          0         60   cmpret.o
       124          4          0          0          0         72   d2f.o
       856         20          0          0          0        208   daddsub.o
       144          4          0          0          0         76   dcmpin.o
      1096         26        128          0          0        112   ddiv.o
       100          4          0          0          0         92   deqf.o
       108         10          0          0          0         72   dfixi.o
       108          4          0          0          0         72   dfixul.o
        88          0          0          0          0         92   dflti.o
       132          4          0          0          0        100   dfltl.o
       100          4          0          0          0         92   dlef.o
       584         26          0          0          0         84   dmul.o
        20          6          0          0          0         68   dnan2.o
       104          4          0          0          0        104   drlef.o
        96         12          0          0          0         72   dscalbn.o
       256          8          0          0          0         76   dsqrt.o
        84          4          0          0          0         60   f2d.o
       348          8          0          0          0        160   faddsub.o
       100          4          0          0          0         68   fcmpin.o
        48          0          0          0          0         60   ffixui.o
        84          4          0          0          0         76   flef.o
        16          6          0          0          0         68   fnan2.o
        88          4          0          0          0         76   frlef.o
       128          6          0          0          0         68   frnd.o
        94          0          0          0          0         68   retnan.o
         0          0          0          0          0          0   usenofp.o
       540         68        152          0          0        112   atan.o
       376         42          0          0          0        144   atan2.o
       244         20         48          0          0         92   cos_i.o
        94         14          0          0          0        408   dunder.o
        44          4          0          0          0         60   fpclassify.o
       852         62         56          0          0        136   log.o
       172          0          0          0          0         76   poly.o
      2556        196        136          0          0        240   pow.o
         0          0          8          0          0          0   qnan.o
       116          0          0          0          0         72   roundf.o
       974         86        200          0          0        200   rred.o
       156         10          0          0          0        104   sin.o
       236         14         40          0          0        100   sin_i.o
        72          6          0          0          0         76   sqrt.o
        96         10          0          0          0         88   tan.o
       624         48         96          0          0        104   tan_i.o

    ----------------------------------------------------------------------
     13990        806        864          0         96       6340   Library Totals
        10          0          0          0          0          0   (incl. Padding)

    ----------------------------------------------------------------------

      Code (inc. data)   RO Data    RW Data    ZI Data      Debug   Library Name

      1876         54          0          0         96       2172   c_p.l
      4952        172        128          0          0       2156   fz_ps.l
      7152        580        736          0          0       2012   m_ps.l

    ----------------------------------------------------------------------
     13990        806        864          0         96       6340   Library Totals

    ----------------------------------------------------------------------

==============================================================================


      Code (inc. data)   RO Data    RW Data    ZI Data      Debug   

     41200       3996       1656        820      14604     465602   Grand Totals
     41200       3996       1656         88      14604     465602   ELF Image Totals (compressed)
     41200       3996       1656         88          0          0   ROM Totals

==============================================================================

    Total RO  Size (Code + RO Data)                42856 (  41.85kB)
    Total RW  Size (RW Data + ZI Data)             15424 (  15.06kB)
    Total ROM Size (Code + RO Data + RW Data)      42944 (  41.94kB)

==============================================================================

